Nov 23 07:17:01 raspberrypi /USR/SBIN/CRON[5579]: (root) CMD (   cd / && run-parts --report /etc/cron.hourly)
Nov 23 08:17:01 raspberrypi /USR/SBIN/CRON[5594]: (root) CMD (   cd / && run-parts --report /etc/cron.hourly)
Nov 23 09:17:01 raspberrypi /USR/SBIN/CRON[5605]: (root) CMD (   cd / && run-parts --report /etc/cron.hourly)
Nov 23 10:17:01 raspberrypi /USR/SBIN/CRON[5620]: (root) CMD (   cd / && run-parts --report /etc/cron.hourly)
Nov 23 11:17:01 raspberrypi /USR/SBIN/CRON[5634]: (root) CMD (   cd / && run-parts --report /etc/cron.hourly)
Nov 23 12:17:01 raspberrypi /USR/SBIN/CRON[5648]: (root) CMD (   cd / && run-parts --report /etc/cron.hourly)
Nov 23 13:17:01 raspberrypi /USR/SBIN/CRON[5664]: (root) CMD (   cd / && run-parts --report /etc/cron.hourly)
Nov 23 14:17:01 raspberrypi /USR/SBIN/CRON[5676]: (root) CMD (   cd / && run-parts --report /etc/cron.hourly)
Nov 23 15:17:01 raspberrypi /USR/SBIN/CRON[5692]: (root) CMD (   cd / && run-parts --report /etc/cron.hourly)
Nov 23 16:17:01 raspberrypi /USR/SBIN/CRON[5706]: (root) CMD (   cd / && run-parts --report /etc/cron.hourly)
Nov 23 17:17:01 raspberrypi /USR/SBIN/CRON[5720]: (root) CMD (   cd / && run-parts --report /etc/cron.hourly)
Nov 23 18:17:01 raspberrypi /USR/SBIN/CRON[5732]: (root) CMD (   cd / && run-parts --report /etc/cron.hourly)
Nov 23 19:17:01 raspberrypi /USR/SBIN/CRON[5745]: (root) CMD (   cd / && run-parts --report /etc/cron.hourly)
Nov 23 20:17:01 raspberrypi /USR/SBIN/CRON[5759]: (root) CMD (   cd / && run-parts --report /etc/cron.hourly)
Nov 23 21:17:01 raspberrypi /USR/SBIN/CRON[5772]: (root) CMD (   cd / && run-parts --report /etc/cron.hourly)
Nov 23 22:17:01 raspberrypi /USR/SBIN/CRON[5786]: (root) CMD (   cd / && run-parts --report /etc/cron.hourly)
Nov 23 23:17:01 raspberrypi /USR/SBIN/CRON[5800]: (root) CMD (   cd / && run-parts --report /etc/cron.hourly)
Nov 24 00:17:01 raspberrypi /USR/SBIN/CRON[5816]: (root) CMD (   cd / && run-parts --report /etc/cron.hourly)
Nov 24 01:17:01 raspberrypi /USR/SBIN/CRON[5829]: (root) CMD (   cd / && run-parts --report /etc/cron.hourly)
Nov 24 02:17:01 raspberrypi /USR/SBIN/CRON[5843]: (root) CMD (   cd / && run-parts --report /etc/cron.hourly)
Nov 24 03:17:01 raspberrypi /USR/SBIN/CRON[5861]: (root) CMD (   cd / && run-parts --report /etc/cron.hourly)
Nov 24 04:17:01 raspberrypi /USR/SBIN/CRON[5875]: (root) CMD (   cd / && run-parts --report /etc/cron.hourly)
Nov 24 04:17:09 raspberrypi kernel: imklog 5.8.11, log source = /proc/kmsg started.
Nov 24 04:17:09 raspberrypi rsyslogd: [origin software="rsyslogd" swVersion="5.8.11" x-pid="1983" x-info="http://www.rsyslog.com"] start
Nov 24 04:17:09 raspberrypi kernel: [    0.000000] Booting Linux on physical CPU 0xf00
Nov 24 04:17:09 raspberrypi kernel: [    0.000000] Initializing cgroup subsys cpu
Nov 24 04:17:09 raspberrypi kernel: [    0.000000] Initializing cgroup subsys cpuacct
Nov 24 04:17:09 raspberrypi kernel: [    0.000000] Linux version 3.18.16-v7+ (dc4@dc4-XPS13-9333) (gcc version 4.8.3 20140303 (prerelease) (crosstool-NG linaro-1.13.1+bzr2650 - Linaro GCC 2014.03) ) #795 SMP PREEMPT Wed Jun 17 13:24:01 BST 2015
Nov 24 04:17:09 raspberrypi kernel: [    0.000000] CPU: ARMv7 Processor [410fc075] revision 5 (ARMv7), cr=10c5387d
Nov 24 04:17:09 raspberrypi kernel: [    0.000000] CPU: PIPT / VIPT nonaliasing data cache, VIPT aliasing instruction cache
Nov 24 04:17:09 raspberrypi kernel: [    0.000000] Machine model: Raspberry Pi 2 Model B Rev 1.1
Nov 24 04:17:09 raspberrypi kernel: [    0.000000] cma: Reserved 8 MiB at 0x3a800000
Nov 24 04:17:09 raspberrypi kernel: [    0.000000] Memory policy: Data cache writealloc
Nov 24 04:17:09 raspberrypi kernel: [    0.000000] On node 0 totalpages: 241664
Nov 24 04:17:09 raspberrypi kernel: [    0.000000] free_area_init_node: node 0, pgdat 80817680, node_mem_map ba093000
Nov 24 04:17:09 raspberrypi kernel: [    0.000000]   Normal zone: 1888 pages used for memmap
Nov 24 04:17:09 raspberrypi kernel: [    0.000000]   Normal zone: 0 pages reserved
Nov 24 04:17:09 raspberrypi kernel: [    0.000000]   Normal zone: 241664 pages, LIFO batch:31
Nov 24 04:17:09 raspberrypi kernel: [    0.000000] [bcm2709_smp_init_cpus] enter (8620->f3003010)
Nov 24 04:17:09 raspberrypi kernel: [    0.000000] [bcm2709_smp_init_cpus] ncores=4
Nov 24 04:17:09 raspberrypi kernel: [    0.000000] PERCPU: Embedded 10 pages/cpu @ba061000 s11456 r8192 d21312 u40960
Nov 24 04:17:09 raspberrypi kernel: [    0.000000] pcpu-alloc: s11456 r8192 d21312 u40960 alloc=10*4096
Nov 24 04:17:09 raspberrypi kernel: [    0.000000] pcpu-alloc: [0] 0 [0] 1 [0] 2 [0] 3 
Nov 24 04:17:09 raspberrypi kernel: [    0.000000] Built 1 zonelists in Zone order, mobility grouping on.  Total pages: 239776
Nov 24 04:17:09 raspberrypi kernel: [    0.000000] Kernel command line: dma.dmachans=0x7f35 bcm2708_fb.fbwidth=592 bcm2708_fb.fbheight=448 bcm2709.boardrev=0xa01041 bcm2709.serial=0x52bc0108 smsc95xx.macaddr=B8:27:EB:BC:01:08 bcm2708_fb.fbswap=1 bcm2709.disk_led_gpio=47 bcm2709.disk_led_active_low=0 sdhci-bcm2708.emmc_clock_freq=250000000 vc_mem.mem_base=0x3dc00000 vc_mem.mem_size=0x3f000000  dwc_otg.lpm_enable=0 root=/dev/mmcblk0p6 rootfstype=ext4 elevator=deadline rootwait
Nov 24 04:17:09 raspberrypi kernel: [    0.000000] PID hash table entries: 4096 (order: 2, 16384 bytes)
Nov 24 04:17:09 raspberrypi kernel: [    0.000000] Dentry cache hash table entries: 131072 (order: 7, 524288 bytes)
Nov 24 04:17:09 raspberrypi kernel: [    0.000000] Inode-cache hash table entries: 65536 (order: 6, 262144 bytes)
Nov 24 04:17:09 raspberrypi kernel: [    0.000000] Memory: 940800K/966656K available (5739K kernel code, 397K rwdata, 1756K rodata, 388K init, 763K bss, 25856K reserved)
Nov 24 04:17:09 raspberrypi kernel: [    0.000000] Virtual kernel memory layout:
Nov 24 04:17:09 raspberrypi kernel: [    0.000000]     vector  : 0xffff0000 - 0xffff1000   (   4 kB)
Nov 24 04:17:09 raspberrypi kernel: [    0.000000]     fixmap  : 0xffc00000 - 0xffe00000   (2048 kB)
Nov 24 04:17:09 raspberrypi kernel: [    0.000000]     vmalloc : 0xbb800000 - 0xff000000   (1080 MB)
Nov 24 04:17:09 raspberrypi kernel: [    0.000000]     lowmem  : 0x80000000 - 0xbb000000   ( 944 MB)
Nov 24 04:17:09 raspberrypi kernel: [    0.000000]     modules : 0x7f000000 - 0x80000000   (  16 MB)
Nov 24 04:17:09 raspberrypi kernel: [    0.000000]       .text : 0x80008000 - 0x8075a024   (7497 kB)
Nov 24 04:17:09 raspberrypi kernel: [    0.000000]       .init : 0x8075b000 - 0x807bc000   ( 388 kB)
Nov 24 04:17:09 raspberrypi kernel: [    0.000000]       .data : 0x807bc000 - 0x8081f6bc   ( 398 kB)
Nov 24 04:17:09 raspberrypi kernel: [    0.000000]        .bss : 0x8081f6bc - 0x808de494   ( 764 kB)
Nov 24 04:17:09 raspberrypi kernel: [    0.000000] SLUB: HWalign=64, Order=0-3, MinObjects=0, CPUs=4, Nodes=1
Nov 24 04:17:09 raspberrypi kernel: [    0.000000] Preemptible hierarchical RCU implementation.
Nov 24 04:17:09 raspberrypi kernel: [    0.000000] NR_IRQS:608
Nov 24 04:17:09 raspberrypi kernel: [    0.000000] Architected cp15 timer(s) running at 19.20MHz (virt).
Nov 24 04:17:09 raspberrypi kernel: [    0.000015] sched_clock: 56 bits at 19MHz, resolution 52ns, wraps every 3579139424256ns
Nov 24 04:17:09 raspberrypi kernel: [    0.000038] Switching to timer-based delay loop, resolution 52ns
Nov 24 04:17:09 raspberrypi kernel: [    0.000337] Console: colour dummy device 80x30
Nov 24 04:17:09 raspberrypi kernel: [    0.001755] console [tty0] enabled
Nov 24 04:17:09 raspberrypi kernel: [    0.001806] Calibrating delay loop (skipped), value calculated using timer frequency.. 38.40 BogoMIPS (lpj=192000)
Nov 24 04:17:09 raspberrypi kernel: [    0.001890] pid_max: default: 32768 minimum: 301
Nov 24 04:17:09 raspberrypi kernel: [    0.002292] Mount-cache hash table entries: 2048 (order: 1, 8192 bytes)
Nov 24 04:17:09 raspberrypi kernel: [    0.002351] Mountpoint-cache hash table entries: 2048 (order: 1, 8192 bytes)
Nov 24 04:17:09 raspberrypi kernel: [    0.003619] Initializing cgroup subsys memory
Nov 24 04:17:09 raspberrypi kernel: [    0.003708] Initializing cgroup subsys devices
Nov 24 04:17:09 raspberrypi kernel: [    0.003764] Initializing cgroup subsys freezer
Nov 24 04:17:09 raspberrypi kernel: [    0.003828] Initializing cgroup subsys net_cls
Nov 24 04:17:09 raspberrypi kernel: [    0.003881] Initializing cgroup subsys blkio
Nov 24 04:17:09 raspberrypi kernel: [    0.003985] CPU: Testing write buffer coherency: ok
Nov 24 04:17:09 raspberrypi kernel: [    0.004100] ftrace: allocating 19685 entries in 58 pages
Nov 24 04:17:09 raspberrypi kernel: [    0.052862] CPU0: update cpu_capacity 1024
Nov 24 04:17:09 raspberrypi kernel: [    0.052941] CPU0: thread -1, cpu 0, socket 15, mpidr 80000f00
Nov 24 04:17:09 raspberrypi kernel: [    0.052981] [bcm2709_smp_prepare_cpus] enter
Nov 24 04:17:09 raspberrypi kernel: [    0.053133] Setting up static identity map for 0x52d1f8 - 0x52d22c
Nov 24 04:17:09 raspberrypi kernel: [    0.112792] [bcm2709_boot_secondary] cpu:1 started (0) 17
Nov 24 04:17:09 raspberrypi kernel: [    0.113102] CPU1: Booted secondary processor
Nov 24 04:17:09 raspberrypi kernel: [    0.113111] [bcm2709_secondary_init] enter cpu:1
Nov 24 04:17:09 raspberrypi kernel: [    0.113161] CPU1: update cpu_capacity 1024
Nov 24 04:17:09 raspberrypi kernel: [    0.113170] CPU1: thread -1, cpu 1, socket 15, mpidr 80000f01
Nov 24 04:17:09 raspberrypi kernel: [    0.132740] [bcm2709_boot_secondary] cpu:2 started (0) 18
Nov 24 04:17:09 raspberrypi kernel: [    0.132991] CPU2: Booted secondary processor
Nov 24 04:17:09 raspberrypi kernel: [    0.132998] [bcm2709_secondary_init] enter cpu:2
Nov 24 04:17:09 raspberrypi kernel: [    0.133027] CPU2: update cpu_capacity 1024
Nov 24 04:17:09 raspberrypi kernel: [    0.133035] CPU2: thread -1, cpu 2, socket 15, mpidr 80000f02
Nov 24 04:17:09 raspberrypi kernel: [    0.152798] [bcm2709_boot_secondary] cpu:3 started (0) 18
Nov 24 04:17:09 raspberrypi kernel: [    0.153041] CPU3: Booted secondary processor
Nov 24 04:17:09 raspberrypi kernel: [    0.153048] [bcm2709_secondary_init] enter cpu:3
Nov 24 04:17:09 raspberrypi kernel: [    0.153077] CPU3: update cpu_capacity 1024
Nov 24 04:17:09 raspberrypi kernel: [    0.153085] CPU3: thread -1, cpu 3, socket 15, mpidr 80000f03
Nov 24 04:17:09 raspberrypi kernel: [    0.153178] Brought up 4 CPUs
Nov 24 04:17:09 raspberrypi kernel: [    0.153307] SMP: Total of 4 processors activated (153.60 BogoMIPS).
Nov 24 04:17:09 raspberrypi kernel: [    0.153342] CPU: All CPU(s) started in SVC mode.
Nov 24 04:17:09 raspberrypi kernel: [    0.154358] devtmpfs: initialized
Nov 24 04:17:09 raspberrypi kernel: [    0.179243] VFP support v0.3: implementor 41 architecture 2 part 30 variant 7 rev 5
Nov 24 04:17:09 raspberrypi kernel: [    0.181237] pinctrl core: initialized pinctrl subsystem
Nov 24 04:17:09 raspberrypi kernel: [    0.184494] NET: Registered protocol family 16
Nov 24 04:17:09 raspberrypi kernel: [    0.190065] DMA: preallocated 4096 KiB pool for atomic coherent allocations
Nov 24 04:17:09 raspberrypi kernel: [    0.191189] bcm2709.uart_clock = 3000000
Nov 24 04:17:09 raspberrypi kernel: [    0.194512] hw-breakpoint: found 5 (+1 reserved) breakpoint and 4 watchpoint registers.
Nov 24 04:17:09 raspberrypi kernel: [    0.194570] hw-breakpoint: maximum watchpoint size is 8 bytes.
Nov 24 04:17:09 raspberrypi kernel: [    0.194633] mailbox: Broadcom VideoCore Mailbox driver
Nov 24 04:17:09 raspberrypi kernel: [    0.194771] bcm2708_vcio: mailbox at f300b880
Nov 24 04:17:09 raspberrypi kernel: [    0.195135] bcm_power: Broadcom power driver
Nov 24 04:17:09 raspberrypi kernel: [    0.195174] bcm_power_open() -> 0
Nov 24 04:17:09 raspberrypi kernel: [    0.195201] bcm_power_request(0, 8)
Nov 24 04:17:09 raspberrypi kernel: [    0.695880] bcm_mailbox_read -> 00000080, 0
Nov 24 04:17:09 raspberrypi kernel: [    0.695913] bcm_power_request -> 0
Nov 24 04:17:09 raspberrypi kernel: [    0.696078] Serial: AMBA PL011 UART driver
Nov 24 04:17:09 raspberrypi kernel: [    0.696230] dev:f1: ttyAMA0 at MMIO 0x3f201000 (irq = 83, base_baud = 0) is a PL011 rev3
Nov 24 04:17:09 raspberrypi kernel: [    0.765434] SCSI subsystem initialized
Nov 24 04:17:09 raspberrypi kernel: [    0.765706] usbcore: registered new interface driver usbfs
Nov 24 04:17:09 raspberrypi kernel: [    0.765854] usbcore: registered new interface driver hub
Nov 24 04:17:09 raspberrypi kernel: [    0.766027] usbcore: registered new device driver usb
Nov 24 04:17:09 raspberrypi kernel: [    0.767854] Switched to clocksource arch_sys_counter
Nov 24 04:17:09 raspberrypi kernel: [    0.797967] FS-Cache: Loaded
Nov 24 04:17:09 raspberrypi kernel: [    0.798303] CacheFiles: Loaded
Nov 24 04:17:09 raspberrypi kernel: [    0.809644] NET: Registered protocol family 2
Nov 24 04:17:09 raspberrypi kernel: [    0.811073] TCP established hash table entries: 8192 (order: 3, 32768 bytes)
Nov 24 04:17:09 raspberrypi kernel: [    0.811261] TCP bind hash table entries: 8192 (order: 4, 65536 bytes)
Nov 24 04:17:09 raspberrypi kernel: [    0.811493] TCP: Hash tables configured (established 8192 bind 8192)
Nov 24 04:17:09 raspberrypi kernel: [    0.811623] TCP: reno registered
Nov 24 04:17:09 raspberrypi kernel: [    0.811660] UDP hash table entries: 512 (order: 2, 16384 bytes)
Nov 24 04:17:09 raspberrypi kernel: [    0.811746] UDP-Lite hash table entries: 512 (order: 2, 16384 bytes)
Nov 24 04:17:09 raspberrypi kernel: [    0.812121] NET: Registered protocol family 1
Nov 24 04:17:09 raspberrypi kernel: [    0.812757] RPC: Registered named UNIX socket transport module.
Nov 24 04:17:09 raspberrypi kernel: [    0.812803] RPC: Registered udp transport module.
Nov 24 04:17:09 raspberrypi kernel: [    0.812833] RPC: Registered tcp transport module.
Nov 24 04:17:09 raspberrypi kernel: [    0.812862] RPC: Registered tcp NFSv4.1 backchannel transport module.
Nov 24 04:17:09 raspberrypi kernel: [    0.813833] hw perfevents: enabled with armv7_cortex_a7 PMU driver, 5 counters available
Nov 24 04:17:09 raspberrypi kernel: [    0.814140] bcm2708_dma: DMA manager at f3007000
Nov 24 04:17:09 raspberrypi kernel: [    0.814350] vc-mem: phys_addr:0x00000000 mem_base=0x3dc00000 mem_size:0x3f000000(1008 MiB)
Nov 24 04:17:09 raspberrypi kernel: [    0.815912] futex hash table entries: 1024 (order: 4, 65536 bytes)
Nov 24 04:17:09 raspberrypi kernel: [    0.816171] audit: initializing netlink subsys (disabled)
Nov 24 04:17:09 raspberrypi kernel: [    0.816261] audit: type=2000 audit(0.789:1): initialized
Nov 24 04:17:09 raspberrypi kernel: [    0.832702] VFS: Disk quotas dquot_6.5.2
Nov 24 04:17:09 raspberrypi kernel: [    0.833103] Dquot-cache hash table entries: 1024 (order 0, 4096 bytes)
Nov 24 04:17:09 raspberrypi kernel: [    0.836145] FS-Cache: Netfs 'nfs' registered for caching
Nov 24 04:17:09 raspberrypi kernel: [    0.837203] NFS: Registering the id_resolver key type
Nov 24 04:17:09 raspberrypi kernel: [    0.837307] Key type id_resolver registered
Nov 24 04:17:09 raspberrypi kernel: [    0.837339] Key type id_legacy registered
Nov 24 04:17:09 raspberrypi kernel: [    0.838634] msgmni has been set to 1853
Nov 24 04:17:09 raspberrypi kernel: [    0.840455] Block layer SCSI generic (bsg) driver version 0.4 loaded (major 252)
Nov 24 04:17:09 raspberrypi kernel: [    0.840693] io scheduler noop registered
Nov 24 04:17:09 raspberrypi kernel: [    0.840740] io scheduler deadline registered (default)
Nov 24 04:17:09 raspberrypi kernel: [    0.841103] io scheduler cfq registered
Nov 24 04:17:09 raspberrypi kernel: [    0.843760] BCM2708FB: allocated DMA memory fac00000
Nov 24 04:17:09 raspberrypi kernel: [    0.843829] BCM2708FB: allocated DMA channel 0 @ f3007000
Nov 24 04:17:09 raspberrypi kernel: [    0.849354] Console: switching to colour frame buffer device 74x28
Nov 24 04:17:09 raspberrypi kernel: [    0.855225] bcm2708-dmaengine bcm2708-dmaengine: Load BCM2835 DMA engine driver
Nov 24 04:17:09 raspberrypi kernel: [    0.859057] uart-pl011 dev:f1: no DMA platform data
Nov 24 04:17:09 raspberrypi kernel: [    0.861329] vc-cma: Videocore CMA driver
Nov 24 04:17:09 raspberrypi kernel: [    0.863044] vc-cma: vc_cma_base      = 0x00000000
Nov 24 04:17:09 raspberrypi kernel: [    0.864713] vc-cma: vc_cma_size      = 0x00000000 (0 MiB)
Nov 24 04:17:09 raspberrypi kernel: [    0.866339] vc-cma: vc_cma_initial   = 0x00000000 (0 MiB)
Nov 24 04:17:09 raspberrypi kernel: [    0.879538] brd: module loaded
Nov 24 04:17:09 raspberrypi kernel: [    0.886832] loop: module loaded
Nov 24 04:17:09 raspberrypi kernel: [    0.889181] vchiq: vchiq_init_state: slot_zero = 0xbac80000, is_master = 0
Nov 24 04:17:09 raspberrypi kernel: [    0.892977] Loading iSCSI transport class v2.0-870.
Nov 24 04:17:09 raspberrypi kernel: [    0.895506] usbcore: registered new interface driver smsc95xx
Nov 24 04:17:09 raspberrypi kernel: [    0.897210] dwc_otg: version 3.00a 10-AUG-2012 (platform bus)
Nov 24 04:17:09 raspberrypi kernel: [    1.099260] Core Release: 2.80a
Nov 24 04:17:09 raspberrypi kernel: [    1.100875] Setting default values for core params
Nov 24 04:17:09 raspberrypi kernel: [    1.102496] Finished setting default values for core params
Nov 24 04:17:09 raspberrypi kernel: [    1.304510] Using Buffer DMA mode
Nov 24 04:17:09 raspberrypi kernel: [    1.306119] Periodic Transfer Interrupt Enhancement - disabled
Nov 24 04:17:09 raspberrypi kernel: [    1.307787] Multiprocessor Interrupt Enhancement - disabled
Nov 24 04:17:09 raspberrypi kernel: [    1.309486] OTG VER PARAM: 0, OTG VER FLAG: 0
Nov 24 04:17:09 raspberrypi kernel: [    1.311187] Dedicated Tx FIFOs mode
Nov 24 04:17:09 raspberrypi kernel: [    1.313122] WARN::dwc_otg_hcd_init:1047: FIQ DMA bounce buffers: virt = 0xbac14000 dma = 0xfac14000 len=9024
Nov 24 04:17:09 raspberrypi kernel: [    1.316489] FIQ FSM acceleration enabled for :
Nov 24 04:17:09 raspberrypi kernel: [    1.316489] Non-periodic Split Transactions
Nov 24 04:17:09 raspberrypi kernel: [    1.316489] Periodic Split Transactions
Nov 24 04:17:09 raspberrypi kernel: [    1.316489] High-Speed Isochronous Endpoints
Nov 24 04:17:09 raspberrypi kernel: [    1.323047] dwc_otg: Microframe scheduler enabled
Nov 24 04:17:09 raspberrypi kernel: [    1.323123] WARN::hcd_init_fiq:412: FIQ on core 1 at 0x803db878
Nov 24 04:17:09 raspberrypi kernel: [    1.324888] WARN::hcd_init_fiq:413: FIQ ASM at 0x803dbbd4 length 36
Nov 24 04:17:09 raspberrypi kernel: [    1.326629] WARN::hcd_init_fiq:438: MPHI regs_base at 0xbb80a000
Nov 24 04:17:09 raspberrypi kernel: [    1.328389] dwc_otg bcm2708_usb: DWC OTG Controller
Nov 24 04:17:09 raspberrypi kernel: [    1.330151] dwc_otg bcm2708_usb: new USB bus registered, assigned bus number 1
Nov 24 04:17:09 raspberrypi kernel: [    1.333534] dwc_otg bcm2708_usb: irq 32, io mem 0x00000000
Nov 24 04:17:09 raspberrypi kernel: [    1.335308] Init: Port Power? op_state=1
Nov 24 04:17:09 raspberrypi kernel: [    1.337005] Init: Power Port (0)
Nov 24 04:17:09 raspberrypi kernel: [    1.338955] usb usb1: New USB device found, idVendor=1d6b, idProduct=0002
Nov 24 04:17:09 raspberrypi kernel: [    1.342313] usb usb1: New USB device strings: Mfr=3, Product=2, SerialNumber=1
Nov 24 04:17:09 raspberrypi kernel: [    1.345764] usb usb1: Product: DWC OTG Controller
Nov 24 04:17:09 raspberrypi kernel: [    1.347534] usb usb1: Manufacturer: Linux 3.18.16-v7+ dwc_otg_hcd
Nov 24 04:17:09 raspberrypi kernel: [    1.349347] usb usb1: SerialNumber: bcm2708_usb
Nov 24 04:17:09 raspberrypi kernel: [    1.351975] hub 1-0:1.0: USB hub found
Nov 24 04:17:09 raspberrypi kernel: [    1.353765] hub 1-0:1.0: 1 port detected
Nov 24 04:17:09 raspberrypi kernel: [    1.355890] dwc_otg: FIQ enabled
Nov 24 04:17:09 raspberrypi kernel: [    1.355904] dwc_otg: NAK holdoff enabled
Nov 24 04:17:09 raspberrypi kernel: [    1.355915] dwc_otg: FIQ split-transaction FSM enabled
Nov 24 04:17:09 raspberrypi kernel: [    1.355956] Module dwc_common_port init
Nov 24 04:17:09 raspberrypi kernel: [    1.356357] usbcore: registered new interface driver usb-storage
Nov 24 04:17:09 raspberrypi kernel: [    1.358380] mousedev: PS/2 mouse device common for all mice
Nov 24 04:17:09 raspberrypi kernel: [    1.360715] bcm2835-cpufreq: min=600000 max=900000
Nov 24 04:17:09 raspberrypi kernel: [    1.362792] sdhci: Secure Digital Host Controller Interface driver
Nov 24 04:17:09 raspberrypi kernel: [    1.364592] sdhci: Copyright(c) Pierre Ossman
Nov 24 04:17:09 raspberrypi kernel: [    1.366778] mmc-bcm2835 3f300000.mmc: DMA channels allocated
Nov 24 04:17:09 raspberrypi kernel: [    1.408206] sdhci-pltfm: SDHCI platform and OF driver helper
Nov 24 04:17:09 raspberrypi kernel: [    1.416088] ledtrig-cpu: registered to indicate activity on CPUs
Nov 24 04:17:09 raspberrypi kernel: [    1.418250] hidraw: raw HID events driver (C) Jiri Kosina
Nov 24 04:17:09 raspberrypi kernel: [    1.420429] usbcore: registered new interface driver usbhid
Nov 24 04:17:09 raspberrypi kernel: [    1.423316] usbhid: USB HID core driver
Nov 24 04:17:09 raspberrypi kernel: [    1.427549] TCP: cubic registered
Nov 24 04:17:09 raspberrypi kernel: [    1.429405] Initializing XFRM netlink socket
Nov 24 04:17:09 raspberrypi kernel: [    1.432373] NET: Registered protocol family 17
Nov 24 04:17:09 raspberrypi kernel: [    1.436421] Key type dns_resolver registered
Nov 24 04:17:09 raspberrypi kernel: [    1.438679] Registering SWP/SWPB emulation handler
Nov 24 04:17:09 raspberrypi kernel: [    1.441300] registered taskstats version 1
Nov 24 04:17:09 raspberrypi kernel: [    1.443202] vc-sm: Videocore shared memory driver
Nov 24 04:17:09 raspberrypi kernel: [    1.444805] [vc_sm_connected_init]: start
Nov 24 04:17:09 raspberrypi kernel: [    1.447109] [vc_sm_connected_init]: end - returning 0
Nov 24 04:17:09 raspberrypi kernel: [    1.450085] Waiting for root device /dev/mmcblk0p6...
Nov 24 04:17:09 raspberrypi kernel: [    1.467495] mmc0: host does not support reading read-only switch, assuming write-enable
Nov 24 04:17:09 raspberrypi kernel: [    1.474682] mmc0: new high speed SDHC card at address aaaa
Nov 24 04:17:09 raspberrypi kernel: [    1.476929] mmcblk0: mmc0:aaaa SL08G 7.40 GiB 
Nov 24 04:17:09 raspberrypi kernel: [    1.482138]  mmcblk0: p1 p2 < p5 p6 > p3
Nov 24 04:17:09 raspberrypi kernel: [    1.548002] Indeed it is in host mode hprt0 = 00021501
Nov 24 04:17:09 raspberrypi kernel: [    1.560111] EXT4-fs (mmcblk0p6): INFO: recovery required on readonly filesystem
Nov 24 04:17:09 raspberrypi kernel: [    1.563369] EXT4-fs (mmcblk0p6): write access will be enabled during recovery
Nov 24 04:17:09 raspberrypi kernel: [    1.728098] usb 1-1: new high-speed USB device number 2 using dwc_otg
Nov 24 04:17:09 raspberrypi kernel: [    1.730244] Indeed it is in host mode hprt0 = 00001101
Nov 24 04:17:09 raspberrypi kernel: [    1.928201] usb 1-1: New USB device found, idVendor=0424, idProduct=9514
Nov 24 04:17:09 raspberrypi kernel: [    1.931832] usb 1-1: New USB device strings: Mfr=0, Product=0, SerialNumber=0
Nov 24 04:17:09 raspberrypi kernel: [    1.936760] hub 1-1:1.0: USB hub found
Nov 24 04:17:09 raspberrypi kernel: [    1.939043] hub 1-1:1.0: 5 ports detected
Nov 24 04:17:09 raspberrypi kernel: [    2.217987] usb 1-1.1: new high-speed USB device number 3 using dwc_otg
Nov 24 04:17:09 raspberrypi kernel: [    2.318189] usb 1-1.1: New USB device found, idVendor=0424, idProduct=ec00
Nov 24 04:17:09 raspberrypi kernel: [    2.322207] usb 1-1.1: New USB device strings: Mfr=0, Product=0, SerialNumber=0
Nov 24 04:17:09 raspberrypi kernel: [    2.329484] smsc95xx v1.0.4
Nov 24 04:17:09 raspberrypi kernel: [    2.391899] smsc95xx 1-1.1:1.0 eth0: register 'smsc95xx' at usb-bcm2708_usb-1.1, smsc95xx USB 2.0 Ethernet, b8:27:eb:bc:01:08
Nov 24 04:17:09 raspberrypi kernel: [    3.113183] EXT4-fs (mmcblk0p6): orphan cleanup on readonly fs
Nov 24 04:17:09 raspberrypi kernel: [    3.160208] EXT4-fs (mmcblk0p6): 9 orphan inodes deleted
Nov 24 04:17:09 raspberrypi kernel: [    3.162345] EXT4-fs (mmcblk0p6): recovery complete
Nov 24 04:17:09 raspberrypi kernel: [    3.210376] EXT4-fs (mmcblk0p6): mounted filesystem with ordered data mode. Opts: (null)
Nov 24 04:17:09 raspberrypi kernel: [    3.214382] VFS: Mounted root (ext4 filesystem) readonly on device 179:6.
Nov 24 04:17:09 raspberrypi kernel: [    3.227409] devtmpfs: mounted
Nov 24 04:17:09 raspberrypi kernel: [    3.230028] Freeing unused kernel memory: 388K (8075b000 - 807bc000)
Nov 24 04:17:09 raspberrypi kernel: [    4.762502] random: nonblocking pool is initialized
Nov 24 04:17:09 raspberrypi kernel: [    4.792931] bcm2708_i2c 3f804000.i2c: BSC1 Controller at 0x3f804000 (irq 79) (baudrate 100000)
Nov 24 04:17:09 raspberrypi kernel: [    4.806912] bcm2708_spi 3f204000.spi: master is unqueued, this is deprecated
Nov 24 04:17:09 raspberrypi kernel: [    4.875811] bcm2708_spi 3f204000.spi: SPI Controller at 0x3f204000 (irq 80)
Nov 24 04:17:09 raspberrypi kernel: [    6.551602] EXT4-fs (mmcblk0p6): re-mounted. Opts: (null)
Nov 24 04:17:09 raspberrypi kernel: [    6.779957] EXT4-fs (mmcblk0p6): re-mounted. Opts: (null)
Nov 24 04:17:09 raspberrypi kernel: [    7.280226] i2c /dev entries driver
Nov 24 04:17:09 raspberrypi kernel: [   11.241967] smsc95xx 1-1.1:1.0 eth0: hardware isn't capable of remote wakeup
Nov 24 04:17:09 raspberrypi kernel: [   12.846480] smsc95xx 1-1.1:1.0 eth0: link up, 100Mbps, full-duplex, lpa 0xC1E1
Nov 24 04:17:09 raspberrypi kernel: [   14.073974] cfg80211: Calling CRDA to update world regulatory domain
Nov 24 04:17:09 raspberrypi dhcpcd[1935]: all: IPv6 kernel autoconf disabled
Nov 24 04:17:09 raspberrypi dhcpcd[1935]: eth0: adding address fe80::393c:6a46:a69:3972
Nov 24 04:17:09 raspberrypi dhcpcd[1935]: if_addaddress6: Operation not supported
Nov 24 04:17:09 raspberrypi dhcpcd[1935]: DUID 00:01:00:01:1c:dd:60:60:b8:27:eb:bc:01:08
Nov 24 04:17:09 raspberrypi dhcpcd[1935]: eth0: IAID eb:bc:01:08
Nov 24 04:17:10 raspberrypi /usr/sbin/cron[2147]: (CRON) INFO (pidfile fd = 3)
Nov 24 04:17:10 raspberrypi kernel: [   14.545034] Adding 102396k swap on /var/swap.  Priority:-1 extents:1 across:102396k SSFS
Nov 24 04:17:10 raspberrypi /usr/sbin/cron[2151]: (CRON) STARTUP (fork ok)
Nov 24 04:17:10 raspberrypi ntpd[2125]: ntpd 4.2.6p5@1.2349-o Mon Nov  2 04:29:31 UTC 2015 (1)
Nov 24 04:17:10 raspberrypi ntpd[2166]: proto: precision = 0.834 usec
Nov 24 04:17:10 raspberrypi ntpd[2166]: Listen and drop on 0 v4wildcard 0.0.0.0 UDP 123
Nov 24 04:17:10 raspberrypi ntpd[2166]: Listen normally on 1 lo 127.0.0.1 UDP 123
Nov 24 04:17:10 raspberrypi ntpd[2166]: peers refreshed
Nov 24 04:17:10 raspberrypi ntpd[2166]: Listening on routing socket on fd #18 for interface updates
Nov 24 04:17:10 raspberrypi /usr/sbin/cron[2151]: (CRON) INFO (Running @reboot jobs)
Nov 24 04:17:10 raspberrypi dhcpcd[1935]: eth0: soliciting a DHCP lease
Nov 24 04:17:10 raspberrypi ntpd[2166]: restrict: error in address '::' on line 38. Ignoring...
Nov 24 04:17:10 raspberrypi ntpd[2166]: restrict: error in address '::1' on line 42. Ignoring...
Nov 24 04:17:10 raspberrypi kernel: [   14.718026] fuse init (API version 7.23)
Nov 24 04:17:10 raspberrypi ntpd[2166]: Deferring DNS for 0.debian.pool.ntp.org 1
Nov 24 04:17:10 raspberrypi ntpd[2166]: Deferring DNS for 1.debian.pool.ntp.org 1
Nov 24 04:17:10 raspberrypi ntpd[2166]: Deferring DNS for 2.debian.pool.ntp.org 1
Nov 24 04:17:10 raspberrypi ntpd[2166]: Deferring DNS for 3.debian.pool.ntp.org 1
Nov 24 04:17:10 raspberrypi ntpd[2211]: signal_no_reset: signal 17 had flags 4000000
Nov 24 04:17:11 raspberrypi avahi-daemon[2278]: Found user 'avahi' (UID 103) and group 'avahi' (GID 105).
Nov 24 04:17:11 raspberrypi avahi-daemon[2278]: Successfully dropped root privileges.
Nov 24 04:17:11 raspberrypi avahi-daemon[2278]: avahi-daemon 0.6.31 starting up.
Nov 24 04:17:11 raspberrypi avahi-daemon[2278]: Successfully called chroot().
Nov 24 04:17:11 raspberrypi avahi-daemon[2278]: Successfully dropped remaining capabilities.
Nov 24 04:17:11 raspberrypi avahi-daemon[2278]: Loading service file /services/udisks.service.
Nov 24 04:17:11 raspberrypi avahi-daemon[2278]: socket() failed: Address family not supported by protocol
Nov 24 04:17:11 raspberrypi avahi-daemon[2278]: Failed to create IPv6 socket, proceeding in IPv4 only mode
Nov 24 04:17:11 raspberrypi avahi-daemon[2278]: socket() failed: Address family not supported by protocol
Nov 24 04:17:11 raspberrypi avahi-daemon[2278]: Network interface enumeration completed.
Nov 24 04:17:11 raspberrypi avahi-daemon[2278]: Registering HINFO record with values 'ARMV7L'/'LINUX'.
Nov 24 04:17:11 raspberrypi avahi-daemon[2278]: Server startup complete. Host name is raspberrypi.local. Local service cookie is 2143510472.
Nov 24 04:17:11 raspberrypi avahi-daemon[2278]: Service "raspberrypi" (/services/udisks.service) successfully established.
Nov 24 04:17:11 raspberrypi dhcpcd[1935]: eth0: offered 172.16.6.83 from 172.16.6.254
Nov 24 04:17:12 raspberrypi ntpd_intres[2211]: host name not found EAI_NODATA: 0.debian.pool.ntp.org
Nov 24 04:17:12 raspberrypi ntpd_intres[2211]: host name not found EAI_NODATA: 1.debian.pool.ntp.org
Nov 24 04:17:12 raspberrypi ntpd_intres[2211]: host name not found EAI_NODATA: 2.debian.pool.ntp.org
Nov 24 04:17:12 raspberrypi ntpd_intres[2211]: host name not found EAI_NODATA: 3.debian.pool.ntp.org
Nov 24 04:17:12 raspberrypi mysqld_safe: Starting mysqld daemon with databases from /var/lib/mysql
Nov 24 04:17:12 raspberrypi mysqld: 161124  4:17:12 [Warning] Using unique option prefix key_buffer instead of key_buffer_size is deprecated and will be removed in a future release. Please use the full name instead.
Nov 24 04:17:12 raspberrypi mysqld: 161124  4:17:12 [Note] /usr/sbin/mysqld (mysqld 5.5.47-0+deb7u1) starting as process 2815 ...
Nov 24 04:17:12 raspberrypi mysqld: 161124  4:17:12 [Warning] Using unique option prefix myisam-recover instead of myisam-recover-options is deprecated and will be removed in a future release. Please use the full name instead.
Nov 24 04:17:12 raspberrypi mysqld: 161124  4:17:12 [Note] Plugin 'FEDERATED' is disabled.
Nov 24 04:17:12 raspberrypi mysqld: 161124  4:17:12 InnoDB: The InnoDB memory heap is disabled
Nov 24 04:17:12 raspberrypi mysqld: 161124  4:17:12 InnoDB: Mutexes and rw_locks use GCC atomic builtins
Nov 24 04:17:12 raspberrypi mysqld: 161124  4:17:12 InnoDB: Compressed tables use zlib 1.2.7
Nov 24 04:17:12 raspberrypi mysqld: 161124  4:17:12 InnoDB: Using Linux native AIO
Nov 24 04:17:12 raspberrypi mysqld: 161124  4:17:12 InnoDB: Initializing buffer pool, size = 128.0M
Nov 24 04:17:12 raspberrypi mysqld: 161124  4:17:12 InnoDB: Completed initialization of buffer pool
Nov 24 04:17:12 raspberrypi mysqld: 161124  4:17:12 InnoDB: highest supported file format is Barracuda.
Nov 24 04:17:12 raspberrypi mysqld: InnoDB: The log sequence number in ibdata files does not match
Nov 24 04:17:12 raspberrypi mysqld: InnoDB: the log sequence number in the ib_logfiles!
Nov 24 04:17:12 raspberrypi mysqld: 161124  4:17:12  InnoDB: Database was not shut down normally!
Nov 24 04:17:12 raspberrypi mysqld: InnoDB: Starting crash recovery.
Nov 24 04:17:12 raspberrypi mysqld: InnoDB: Reading tablespace information from the .ibd files...
Nov 24 04:17:12 raspberrypi mysqld: InnoDB: Restoring possible half-written data pages from the doublewrite
Nov 24 04:17:12 raspberrypi mysqld: InnoDB: buffer...
Nov 24 04:17:13 raspberrypi mysqld: 161124  4:17:13  InnoDB: Waiting for the background threads to start
Nov 24 04:17:14 raspberrypi mysqld: 161124  4:17:14 InnoDB: 5.5.47 started; log sequence number 5287170469
Nov 24 04:17:14 raspberrypi mysqld: 161124  4:17:14 [Note] Server hostname (bind-address): '0.0.0.0'; port: 3306
Nov 24 04:17:14 raspberrypi mysqld: 161124  4:17:14 [Note]   - '0.0.0.0' resolves to '0.0.0.0';
Nov 24 04:17:14 raspberrypi mysqld: 161124  4:17:14 [Note] Server socket created on IP: '0.0.0.0'.
Nov 24 04:17:14 raspberrypi mysqld: 161124  4:17:14 [Note] Event Scheduler: Loaded 0 events
Nov 24 04:17:14 raspberrypi mysqld: 161124  4:17:14 [Note] /usr/sbin/mysqld: ready for connections.
Nov 24 04:17:14 raspberrypi mysqld: Version: '5.5.47-0+deb7u1'  socket: '/var/run/mysqld/mysqld.sock'  port: 3306  (Debian)
Nov 24 04:17:15 raspberrypi dhcpcd[1935]: eth0: leased 172.16.6.83 for 3600 seconds
Nov 24 04:17:15 raspberrypi avahi-daemon[2278]: Joining mDNS multicast group on interface eth0.IPv4 with address 172.16.6.83.
Nov 24 04:17:15 raspberrypi avahi-daemon[2278]: New relevant interface eth0.IPv4 for mDNS.
Nov 24 04:17:15 raspberrypi dhcpcd[1935]: eth0: adding route to 172.16.6.0/24
Nov 24 04:17:15 raspberrypi avahi-daemon[2278]: Registering new address record for 172.16.6.83 on eth0.IPv4.
Nov 24 04:17:15 raspberrypi dhcpcd[1935]: eth0: adding default route via 172.16.6.253
Nov 24 04:17:16 raspberrypi dhcpcd[1935]: forked to background, child pid 2969
Nov 24 04:17:16 raspberrypi /etc/mysql/debian-start[2977]: Upgrading MySQL tables if necessary.
Nov 24 04:17:16 raspberrypi /etc/mysql/debian-start[2981]: /usr/bin/mysql_upgrade: the '--basedir' option is always ignored
Nov 24 04:17:16 raspberrypi /etc/mysql/debian-start[2981]: Looking for 'mysql' as: /usr/bin/mysql
Nov 24 04:17:16 raspberrypi /etc/mysql/debian-start[2981]: Looking for 'mysqlcheck' as: /usr/bin/mysqlcheck
Nov 24 04:17:16 raspberrypi /etc/mysql/debian-start[2981]: This installation of MySQL is already upgraded to 5.5.47, use --force if you still need to run mysql_upgrade
Nov 24 04:17:16 raspberrypi /etc/mysql/debian-start[3016]: Checking for insecure root accounts.
Nov 24 04:17:16 raspberrypi /etc/mysql/debian-start[3021]: Triggering myisam-recover for all MyISAM tables
Nov 24 04:17:17 raspberrypi ntpd[2166]: Listen normally on 2 eth0 172.16.6.83 UDP 123
Nov 24 04:17:17 raspberrypi ntpd[2166]: peers refreshed
Nov 24 04:17:19 raspberrypi ntpd_intres[2211]: DNS 0.debian.pool.ntp.org -> 212.59.0.1
Nov 24 04:17:19 raspberrypi ntpd_intres[2211]: DNS 1.debian.pool.ntp.org -> 193.219.61.110
Nov 24 04:17:19 raspberrypi ntpd_intres[2211]: DNS 2.debian.pool.ntp.org -> 193.219.61.110
Nov 24 04:17:19 raspberrypi ntpd_intres[2211]: DNS 3.debian.pool.ntp.org -> 193.219.61.120
Nov 30 11:17:01 raspberrypi /USR/SBIN/CRON[3185]: (root) CMD (   cd / && run-parts --report /etc/cron.hourly)
Nov 30 12:17:01 raspberrypi /USR/SBIN/CRON[3229]: (root) CMD (   cd / && run-parts --report /etc/cron.hourly)
Nov 30 13:17:01 raspberrypi /USR/SBIN/CRON[3275]: (root) CMD (   cd / && run-parts --report /etc/cron.hourly)
Nov 30 14:17:01 raspberrypi /USR/SBIN/CRON[3315]: (root) CMD (   cd / && run-parts --report /etc/cron.hourly)
Nov 30 15:17:01 raspberrypi /USR/SBIN/CRON[3355]: (root) CMD (   cd / && run-parts --report /etc/cron.hourly)
Nov 30 16:17:01 raspberrypi /USR/SBIN/CRON[3395]: (root) CMD (   cd / && run-parts --report /etc/cron.hourly)
Nov 30 17:17:01 raspberrypi /USR/SBIN/CRON[3434]: (root) CMD (   cd / && run-parts --report /etc/cron.hourly)
Nov 30 18:17:01 raspberrypi /USR/SBIN/CRON[3473]: (root) CMD (   cd / && run-parts --report /etc/cron.hourly)
Nov 30 19:17:01 raspberrypi /USR/SBIN/CRON[3513]: (root) CMD (   cd / && run-parts --report /etc/cron.hourly)
Nov 30 20:17:01 raspberrypi /USR/SBIN/CRON[3553]: (root) CMD (   cd / && run-parts --report /etc/cron.hourly)
Nov 30 21:17:01 raspberrypi /USR/SBIN/CRON[3593]: (root) CMD (   cd / && run-parts --report /etc/cron.hourly)
Nov 30 22:17:01 raspberrypi /USR/SBIN/CRON[3631]: (root) CMD (   cd / && run-parts --report /etc/cron.hourly)
Nov 30 23:17:01 raspberrypi /USR/SBIN/CRON[3673]: (root) CMD (   cd / && run-parts --report /etc/cron.hourly)
Dec  1 00:17:01 raspberrypi /USR/SBIN/CRON[3712]: (root) CMD (   cd / && run-parts --report /etc/cron.hourly)
Dec  1 01:17:01 raspberrypi /USR/SBIN/CRON[3751]: (root) CMD (   cd / && run-parts --report /etc/cron.hourly)
Dec  1 02:17:01 raspberrypi /USR/SBIN/CRON[3793]: (root) CMD (   cd / && run-parts --report /etc/cron.hourly)
Dec  1 03:17:01 raspberrypi /USR/SBIN/CRON[3835]: (root) CMD (   cd / && run-parts --report /etc/cron.hourly)
Dec  1 04:15:13 raspberrypi dhcpcd[2969]: eth0: failed to renew DHCP, rebinding
Dec  1 04:17:01 raspberrypi /USR/SBIN/CRON[3863]: (root) CMD (   cd / && run-parts --report /etc/cron.hourly)
Dec  1 04:22:43 raspberrypi dhcpcd[2969]: eth0: DHCP lease expired
Dec  1 04:22:43 raspberrypi dhcpcd[2969]: eth0: deleting route to 172.16.6.0/24
Dec  1 04:22:43 raspberrypi dhcpcd[2969]: eth0: deleting default route via 172.16.6.253
Dec  1 04:22:43 raspberrypi avahi-daemon[2278]: Withdrawing address record for 172.16.6.83 on eth0.
Dec  1 04:22:43 raspberrypi avahi-daemon[2278]: Leaving mDNS multicast group on interface eth0.IPv4 with address 172.16.6.83.
Dec  1 04:22:43 raspberrypi avahi-daemon[2278]: Interface eth0.IPv4 no longer relevant for mDNS.
Dec  1 04:22:43 raspberrypi dhcpcd[2969]: eth0: soliciting a DHCP lease
Dec  1 04:22:44 raspberrypi ntpd[2166]: Deleting interface #2 eth0, 172.16.6.83#123, interface stats: received=393, sent=403, dropped=0, active_time=64803 secs
Dec  1 04:22:44 raspberrypi ntpd[2166]: 193.219.61.120 interface 172.16.6.83 -> (none)
Dec  1 04:22:44 raspberrypi ntpd[2166]: 193.219.61.110 interface 172.16.6.83 -> (none)
Dec  1 04:22:44 raspberrypi ntpd[2166]: 212.59.0.1 interface 172.16.6.83 -> (none)
Dec  1 04:22:44 raspberrypi ntpd[2166]: peers refreshed
Dec  1 04:22:48 raspberrypi dhcpcd[2969]: eth0: probing for an IPv4LL address
Dec  1 04:22:53 raspberrypi dhcpcd[2969]: eth0: using IPv4LL address 169.254.222.167
Dec  1 04:22:53 raspberrypi avahi-daemon[2278]: Joining mDNS multicast group on interface eth0.IPv4 with address 169.254.222.167.
Dec  1 04:22:53 raspberrypi avahi-daemon[2278]: New relevant interface eth0.IPv4 for mDNS.
Dec  1 04:22:53 raspberrypi avahi-daemon[2278]: Registering new address record for 169.254.222.167 on eth0.IPv4.
Dec  1 04:22:53 raspberrypi dhcpcd[2969]: eth0: adding route to 169.254.0.0/16
Dec  1 04:22:55 raspberrypi ntpd[2166]: Listen normally on 3 eth0 169.254.222.167 UDP 123
Dec  1 04:22:55 raspberrypi ntpd[2166]: peers refreshed
Dec  1 05:17:01 raspberrypi /USR/SBIN/CRON[3962]: (root) CMD (   cd / && run-parts --report /etc/cron.hourly)
Dec  1 05:45:48 raspberrypi dhcpcd[2969]: eth0: offered 172.16.6.83 from 172.16.6.254
Dec  1 05:45:53 raspberrypi dhcpcd[2969]: eth0: leased 172.16.6.83 for 3600 seconds
Dec  1 05:45:53 raspberrypi avahi-daemon[2278]: Registering new address record for 172.16.6.83 on eth0.IPv4.
Dec  1 05:45:53 raspberrypi dhcpcd[2969]: eth0: adding route to 172.16.6.0/24
Dec  1 05:45:53 raspberrypi avahi-daemon[2278]: Withdrawing address record for 169.254.222.167 on eth0.
Dec  1 05:45:53 raspberrypi dhcpcd[2969]: eth0: adding default route via 172.16.6.253
Dec  1 05:45:53 raspberrypi avahi-daemon[2278]: Leaving mDNS multicast group on interface eth0.IPv4 with address 169.254.222.167.
Dec  1 05:45:53 raspberrypi dhcpcd[2969]: eth0: deleting route to 169.254.0.0/16
Dec  1 05:45:53 raspberrypi avahi-daemon[2278]: Joining mDNS multicast group on interface eth0.IPv4 with address 172.16.6.83.
Dec  1 05:45:55 raspberrypi ntpd[2166]: Listen normally on 4 eth0 172.16.6.83 UDP 123
Dec  1 05:45:55 raspberrypi ntpd[2166]: Deleting interface #3 eth0, 169.254.222.167#123, interface stats: received=0, sent=0, dropped=0, active_time=4980 secs
Dec  1 05:45:55 raspberrypi ntpd[2166]: peers refreshed
Dec  1 06:17:01 raspberrypi /USR/SBIN/CRON[4039]: (root) CMD (   cd / && run-parts --report /etc/cron.hourly)
Dec  1 06:25:01 raspberrypi /USR/SBIN/CRON[4049]: (root) CMD (test -x /usr/sbin/anacron || ( cd / && run-parts --report /etc/cron.daily ))
Dec  1 06:25:15 raspberrypi rsyslogd: [origin software="rsyslogd" swVersion="5.8.11" x-pid="1983" x-info="http://www.rsyslog.com"] rsyslogd was HUPed
Dec  1 06:25:15 raspberrypi rsyslogd: [origin software="rsyslogd" swVersion="5.8.11" x-pid="1983" x-info="http://www.rsyslog.com"] rsyslogd was HUPed
Dec  1 06:52:01 raspberrypi /USR/SBIN/CRON[4223]: (root) CMD (test -x /usr/sbin/anacron || ( cd / && run-parts --report /etc/cron.monthly ))
Dec  1 07:17:01 raspberrypi /USR/SBIN/CRON[4241]: (root) CMD (   cd / && run-parts --report /etc/cron.hourly)
Dec  1 08:17:01 raspberrypi /USR/SBIN/CRON[4284]: (root) CMD (   cd / && run-parts --report /etc/cron.hourly)
Dec  1 09:17:01 raspberrypi /USR/SBIN/CRON[4323]: (root) CMD (   cd / && run-parts --report /etc/cron.hourly)
Dec  1 10:17:01 raspberrypi /USR/SBIN/CRON[4365]: (root) CMD (   cd / && run-parts --report /etc/cron.hourly)
Dec  1 11:17:01 raspberrypi /USR/SBIN/CRON[4405]: (root) CMD (   cd / && run-parts --report /etc/cron.hourly)
Dec  1 12:17:01 raspberrypi /USR/SBIN/CRON[4446]: (root) CMD (   cd / && run-parts --report /etc/cron.hourly)
Dec  1 13:17:01 raspberrypi /USR/SBIN/CRON[4485]: (root) CMD (   cd / && run-parts --report /etc/cron.hourly)
Dec  1 14:17:01 raspberrypi /USR/SBIN/CRON[4527]: (root) CMD (   cd / && run-parts --report /etc/cron.hourly)
Dec  1 15:17:01 raspberrypi /USR/SBIN/CRON[4569]: (root) CMD (   cd / && run-parts --report /etc/cron.hourly)
Dec  1 16:17:01 raspberrypi /USR/SBIN/CRON[4608]: (root) CMD (   cd / && run-parts --report /etc/cron.hourly)
Dec  1 17:17:01 raspberrypi /USR/SBIN/CRON[4651]: (root) CMD (   cd / && run-parts --report /etc/cron.hourly)
Dec  1 18:17:01 raspberrypi /USR/SBIN/CRON[4693]: (root) CMD (   cd / && run-parts --report /etc/cron.hourly)
Dec  1 19:17:01 raspberrypi /USR/SBIN/CRON[4734]: (root) CMD (   cd / && run-parts --report /etc/cron.hourly)
Dec  1 20:17:01 raspberrypi /USR/SBIN/CRON[4777]: (root) CMD (   cd / && run-parts --report /etc/cron.hourly)
Dec  1 21:17:01 raspberrypi /USR/SBIN/CRON[4817]: (root) CMD (   cd / && run-parts --report /etc/cron.hourly)
Dec  1 22:17:01 raspberrypi /USR/SBIN/CRON[4860]: (root) CMD (   cd / && run-parts --report /etc/cron.hourly)
Dec  1 23:17:01 raspberrypi /USR/SBIN/CRON[4899]: (root) CMD (   cd / && run-parts --report /etc/cron.hourly)
Dec  2 00:17:01 raspberrypi /USR/SBIN/CRON[4942]: (root) CMD (   cd / && run-parts --report /etc/cron.hourly)
Dec  2 01:17:01 raspberrypi /USR/SBIN/CRON[4981]: (root) CMD (   cd / && run-parts --report /etc/cron.hourly)
Dec  2 02:17:01 raspberrypi /USR/SBIN/CRON[5023]: (root) CMD (   cd / && run-parts --report /etc/cron.hourly)
Dec  2 03:17:01 raspberrypi /USR/SBIN/CRON[5065]: (root) CMD (   cd / && run-parts --report /etc/cron.hourly)
Dec  2 04:17:01 raspberrypi /USR/SBIN/CRON[5090]: (root) CMD (   cd / && run-parts --report /etc/cron.hourly)
Dec  2 05:17:01 raspberrypi /USR/SBIN/CRON[5132]: (root) CMD (   cd / && run-parts --report /etc/cron.hourly)
Dec  2 06:17:01 raspberrypi /USR/SBIN/CRON[5172]: (root) CMD (   cd / && run-parts --report /etc/cron.hourly)
Dec  2 06:25:01 raspberrypi /USR/SBIN/CRON[5196]: (root) CMD (test -x /usr/sbin/anacron || ( cd / && run-parts --report /etc/cron.daily ))
Dec  2 06:25:13 raspberrypi rsyslogd: [origin software="rsyslogd" swVersion="5.8.11" x-pid="1983" x-info="http://www.rsyslog.com"] rsyslogd was HUPed
Dec  2 07:17:01 raspberrypi /USR/SBIN/CRON[5342]: (root) CMD (   cd / && run-parts --report /etc/cron.hourly)
Dec  2 07:22:09 raspberrypi kernel: [161990.384072] smsc95xx 1-1.1:1.0 eth0: link down
Dec  2 07:22:09 raspberrypi dhcpcd[2969]: eth0: carrier lost
Dec  2 07:22:09 raspberrypi avahi-daemon[2278]: Withdrawing address record for 172.16.6.83 on eth0.
Dec  2 07:22:09 raspberrypi avahi-daemon[2278]: Leaving mDNS multicast group on interface eth0.IPv4 with address 172.16.6.83.
Dec  2 07:22:09 raspberrypi avahi-daemon[2278]: Interface eth0.IPv4 no longer relevant for mDNS.
Dec  2 07:22:09 raspberrypi dhcpcd[2969]: eth0: deleting route to 172.16.6.0/24
Dec  2 07:22:09 raspberrypi dhcpcd[2969]: eth0: deleting default route via 172.16.6.253
Dec  2 07:22:09 raspberrypi ifplugd(eth0)[1548]: Link beat lost.
Dec  2 07:22:11 raspberrypi ntpd[2166]: Deleting interface #4 eth0, 172.16.6.83#123, interface stats: received=255, sent=327, dropped=0, active_time=92176 secs
Dec  2 07:22:11 raspberrypi ntpd[2166]: 193.219.61.120 interface 172.16.6.83 -> (none)
Dec  2 07:22:11 raspberrypi ntpd[2166]: 212.59.0.1 interface 172.16.6.83 -> (none)
Dec  2 07:22:11 raspberrypi ntpd[2166]: 193.219.61.110 interface 172.16.6.83 -> (none)
Dec  2 07:22:11 raspberrypi ntpd[2166]: peers refreshed
Dec  2 07:22:19 raspberrypi ifplugd(eth0)[1548]: Executing '/etc/ifplugd/ifplugd.action eth0 down'.
Dec  2 07:22:19 raspberrypi ifplugd(eth0)[1548]: Program executed successfully.
Dec  2 08:17:01 raspberrypi /USR/SBIN/CRON[5503]: (root) CMD (   cd / && run-parts --report /etc/cron.hourly)
Dec  2 09:17:01 raspberrypi /USR/SBIN/CRON[5514]: (root) CMD (   cd / && run-parts --report /etc/cron.hourly)
Dec  2 10:17:01 raspberrypi /USR/SBIN/CRON[5526]: (root) CMD (   cd / && run-parts --report /etc/cron.hourly)
Dec  2 11:17:01 raspberrypi /USR/SBIN/CRON[5540]: (root) CMD (   cd / && run-parts --report /etc/cron.hourly)
Dec  2 12:17:01 raspberrypi /USR/SBIN/CRON[5552]: (root) CMD (   cd / && run-parts --report /etc/cron.hourly)
Dec  2 13:17:01 raspberrypi /USR/SBIN/CRON[5563]: (root) CMD (   cd / && run-parts --report /etc/cron.hourly)
Dec  2 14:17:01 raspberrypi /USR/SBIN/CRON[5574]: (root) CMD (   cd / && run-parts --report /etc/cron.hourly)
Dec  2 15:17:01 raspberrypi /USR/SBIN/CRON[5585]: (root) CMD (   cd / && run-parts --report /etc/cron.hourly)
Dec  2 16:17:01 raspberrypi /USR/SBIN/CRON[5596]: (root) CMD (   cd / && run-parts --report /etc/cron.hourly)
Dec  2 17:17:01 raspberrypi /USR/SBIN/CRON[5609]: (root) CMD (   cd / && run-parts --report /etc/cron.hourly)
Dec  2 18:17:01 raspberrypi /USR/SBIN/CRON[5619]: (root) CMD (   cd / && run-parts --report /etc/cron.hourly)
Dec  2 19:17:01 raspberrypi /USR/SBIN/CRON[5630]: (root) CMD (   cd / && run-parts --report /etc/cron.hourly)
Dec  2 20:17:01 raspberrypi /USR/SBIN/CRON[5641]: (root) CMD (   cd / && run-parts --report /etc/cron.hourly)
Dec  2 21:17:01 raspberrypi /USR/SBIN/CRON[5653]: (root) CMD (   cd / && run-parts --report /etc/cron.hourly)
Dec  2 22:17:01 raspberrypi /USR/SBIN/CRON[5666]: (root) CMD (   cd / && run-parts --report /etc/cron.hourly)
Dec  2 23:17:01 raspberrypi /USR/SBIN/CRON[5679]: (root) CMD (   cd / && run-parts --report /etc/cron.hourly)
Dec  3 00:17:01 raspberrypi /USR/SBIN/CRON[5692]: (root) CMD (   cd / && run-parts --report /etc/cron.hourly)
Dec  3 01:17:01 raspberrypi /USR/SBIN/CRON[5705]: (root) CMD (   cd / && run-parts --report /etc/cron.hourly)
Dec  3 02:17:01 raspberrypi /USR/SBIN/CRON[5717]: (root) CMD (   cd / && run-parts --report /etc/cron.hourly)
Dec  3 03:17:01 raspberrypi /USR/SBIN/CRON[5729]: (root) CMD (   cd / && run-parts --report /etc/cron.hourly)
Dec  3 04:17:01 raspberrypi /USR/SBIN/CRON[5740]: (root) CMD (   cd / && run-parts --report /etc/cron.hourly)
Dec  3 05:17:01 raspberrypi /USR/SBIN/CRON[5753]: (root) CMD (   cd / && run-parts --report /etc/cron.hourly)
Dec  3 06:17:01 raspberrypi /USR/SBIN/CRON[5765]: (root) CMD (   cd / && run-parts --report /etc/cron.hourly)
Dec  3 06:25:01 raspberrypi /USR/SBIN/CRON[5776]: (root) CMD (test -x /usr/sbin/anacron || ( cd / && run-parts --report /etc/cron.daily ))
Dec  3 06:25:13 raspberrypi rsyslogd: [origin software="rsyslogd" swVersion="5.8.11" x-pid="1983" x-info="http://www.rsyslog.com"] rsyslogd was HUPed
Dec  3 07:17:01 raspberrypi /USR/SBIN/CRON[5909]: (root) CMD (   cd / && run-parts --report /etc/cron.hourly)
Dec  3 08:17:01 raspberrypi /USR/SBIN/CRON[5923]: (root) CMD (   cd / && run-parts --report /etc/cron.hourly)
Dec  3 09:17:01 raspberrypi /USR/SBIN/CRON[5935]: (root) CMD (   cd / && run-parts --report /etc/cron.hourly)
Dec  3 10:17:01 raspberrypi /USR/SBIN/CRON[5950]: (root) CMD (   cd / && run-parts --report /etc/cron.hourly)
Dec  3 11:17:01 raspberrypi /USR/SBIN/CRON[5963]: (root) CMD (   cd / && run-parts --report /etc/cron.hourly)
Dec  3 12:17:01 raspberrypi /USR/SBIN/CRON[5974]: (root) CMD (   cd / && run-parts --report /etc/cron.hourly)
Dec  3 13:17:01 raspberrypi /USR/SBIN/CRON[5985]: (root) CMD (   cd / && run-parts --report /etc/cron.hourly)
Dec  3 14:17:01 raspberrypi /USR/SBIN/CRON[5999]: (root) CMD (   cd / && run-parts --report /etc/cron.hourly)
Dec  3 15:17:01 raspberrypi /USR/SBIN/CRON[6009]: (root) CMD (   cd / && run-parts --report /etc/cron.hourly)
Dec  3 16:17:02 raspberrypi /USR/SBIN/CRON[6023]: (root) CMD (   cd / && run-parts --report /etc/cron.hourly)
Dec  3 17:17:01 raspberrypi /USR/SBIN/CRON[6034]: (root) CMD (   cd / && run-parts --report /etc/cron.hourly)
Dec  3 18:17:01 raspberrypi /USR/SBIN/CRON[6046]: (root) CMD (   cd / && run-parts --report /etc/cron.hourly)
Dec  3 19:17:01 raspberrypi /USR/SBIN/CRON[6058]: (root) CMD (   cd / && run-parts --report /etc/cron.hourly)
Dec  3 20:17:01 raspberrypi /USR/SBIN/CRON[6072]: (root) CMD (   cd / && run-parts --report /etc/cron.hourly)
Dec  3 21:17:01 raspberrypi /USR/SBIN/CRON[6084]: (root) CMD (   cd / && run-parts --report /etc/cron.hourly)
Dec  3 22:17:01 raspberrypi /USR/SBIN/CRON[6097]: (root) CMD (   cd / && run-parts --report /etc/cron.hourly)
Dec  3 23:17:01 raspberrypi /USR/SBIN/CRON[6108]: (root) CMD (   cd / && run-parts --report /etc/cron.hourly)
Dec  4 00:17:01 raspberrypi /USR/SBIN/CRON[6122]: (root) CMD (   cd / && run-parts --report /etc/cron.hourly)
Dec  4 01:17:01 raspberrypi /USR/SBIN/CRON[6133]: (root) CMD (   cd / && run-parts --report /etc/cron.hourly)
Dec  4 02:17:01 raspberrypi /USR/SBIN/CRON[6146]: (root) CMD (   cd / && run-parts --report /etc/cron.hourly)
Dec  4 03:17:01 raspberrypi /USR/SBIN/CRON[6160]: (root) CMD (   cd / && run-parts --report /etc/cron.hourly)
Dec  4 04:17:01 raspberrypi /USR/SBIN/CRON[6172]: (root) CMD (   cd / && run-parts --report /etc/cron.hourly)
Dec  4 05:17:01 raspberrypi /USR/SBIN/CRON[6184]: (root) CMD (   cd / && run-parts --report /etc/cron.hourly)
Dec  4 06:17:01 raspberrypi /USR/SBIN/CRON[6196]: (root) CMD (   cd / && run-parts --report /etc/cron.hourly)
Dec  4 06:25:01 raspberrypi /USR/SBIN/CRON[6206]: (root) CMD (test -x /usr/sbin/anacron || ( cd / && run-parts --report /etc/cron.daily ))
Dec  4 06:25:13 raspberrypi rsyslogd: [origin software="rsyslogd" swVersion="5.8.11" x-pid="1983" x-info="http://www.rsyslog.com"] rsyslogd was HUPed
Dec  4 06:25:13 raspberrypi rsyslogd: [origin software="rsyslogd" swVersion="5.8.11" x-pid="1983" x-info="http://www.rsyslog.com"] rsyslogd was HUPed
Dec  4 06:47:01 raspberrypi /USR/SBIN/CRON[6366]: (root) CMD (test -x /usr/sbin/anacron || ( cd / && run-parts --report /etc/cron.weekly ))
Dec  4 07:17:01 raspberrypi /USR/SBIN/CRON[6377]: (root) CMD (   cd / && run-parts --report /etc/cron.hourly)
Dec  4 08:17:01 raspberrypi /USR/SBIN/CRON[6391]: (root) CMD (   cd / && run-parts --report /etc/cron.hourly)
Dec  4 09:17:01 raspberrypi /USR/SBIN/CRON[6403]: (root) CMD (   cd / && run-parts --report /etc/cron.hourly)
Dec  4 10:17:01 raspberrypi /USR/SBIN/CRON[6414]: (root) CMD (   cd / && run-parts --report /etc/cron.hourly)
Dec  4 11:17:01 raspberrypi /USR/SBIN/CRON[6427]: (root) CMD (   cd / && run-parts --report /etc/cron.hourly)
Dec  4 12:17:01 raspberrypi /USR/SBIN/CRON[6439]: (root) CMD (   cd / && run-parts --report /etc/cron.hourly)
Dec  4 13:17:01 raspberrypi /USR/SBIN/CRON[6450]: (root) CMD (   cd / && run-parts --report /etc/cron.hourly)
Dec  4 14:17:01 raspberrypi /USR/SBIN/CRON[6462]: (root) CMD (   cd / && run-parts --report /etc/cron.hourly)
Dec  4 15:17:01 raspberrypi /USR/SBIN/CRON[6474]: (root) CMD (   cd / && run-parts --report /etc/cron.hourly)
Dec  4 16:17:01 raspberrypi /USR/SBIN/CRON[6485]: (root) CMD (   cd / && run-parts --report /etc/cron.hourly)
Dec  4 17:17:01 raspberrypi /USR/SBIN/CRON[6496]: (root) CMD (   cd / && run-parts --report /etc/cron.hourly)
Dec  4 18:17:01 raspberrypi /USR/SBIN/CRON[6508]: (root) CMD (   cd / && run-parts --report /etc/cron.hourly)
Dec  4 19:17:01 raspberrypi /USR/SBIN/CRON[6521]: (root) CMD (   cd / && run-parts --report /etc/cron.hourly)
Dec  4 20:17:01 raspberrypi /USR/SBIN/CRON[6534]: (root) CMD (   cd / && run-parts --report /etc/cron.hourly)
Dec  4 21:17:01 raspberrypi /USR/SBIN/CRON[6548]: (root) CMD (   cd / && run-parts --report /etc/cron.hourly)
Dec  4 22:17:01 raspberrypi /USR/SBIN/CRON[6560]: (root) CMD (   cd / && run-parts --report /etc/cron.hourly)
Dec  4 23:17:01 raspberrypi /USR/SBIN/CRON[6571]: (root) CMD (   cd / && run-parts --report /etc/cron.hourly)
Dec  5 00:17:01 raspberrypi /USR/SBIN/CRON[6583]: (root) CMD (   cd / && run-parts --report /etc/cron.hourly)
Dec  5 01:17:01 raspberrypi /USR/SBIN/CRON[6594]: (root) CMD (   cd / && run-parts --report /etc/cron.hourly)
Dec  5 02:17:01 raspberrypi /USR/SBIN/CRON[6605]: (root) CMD (   cd / && run-parts --report /etc/cron.hourly)
Dec  5 03:17:01 raspberrypi /USR/SBIN/CRON[6619]: (root) CMD (   cd / && run-parts --report /etc/cron.hourly)
Dec  5 04:17:01 raspberrypi /USR/SBIN/CRON[6629]: (root) CMD (   cd / && run-parts --report /etc/cron.hourly)
Dec  5 05:17:01 raspberrypi /USR/SBIN/CRON[6643]: (root) CMD (   cd / && run-parts --report /etc/cron.hourly)
Dec  5 06:17:01 raspberrypi /USR/SBIN/CRON[6654]: (root) CMD (   cd / && run-parts --report /etc/cron.hourly)
Dec  5 06:25:01 raspberrypi /USR/SBIN/CRON[6664]: (root) CMD (test -x /usr/sbin/anacron || ( cd / && run-parts --report /etc/cron.daily ))
Dec  5 06:25:13 raspberrypi rsyslogd: [origin software="rsyslogd" swVersion="5.8.11" x-pid="1983" x-info="http://www.rsyslog.com"] rsyslogd was HUPed
Dec  5 07:17:01 raspberrypi /USR/SBIN/CRON[6797]: (root) CMD (   cd / && run-parts --report /etc/cron.hourly)
Dec  5 08:17:01 raspberrypi /USR/SBIN/CRON[6808]: (root) CMD (   cd / && run-parts --report /etc/cron.hourly)
Dec  5 09:17:01 raspberrypi /USR/SBIN/CRON[6818]: (root) CMD (   cd / && run-parts --report /etc/cron.hourly)
Dec  5 09:17:09 raspberrypi kernel: imklog 5.8.11, log source = /proc/kmsg started.
Dec  5 09:17:09 raspberrypi rsyslogd: [origin software="rsyslogd" swVersion="5.8.11" x-pid="1989" x-info="http://www.rsyslog.com"] start
Dec  5 09:17:09 raspberrypi kernel: [    0.000000] Booting Linux on physical CPU 0xf00
Dec  5 09:17:09 raspberrypi kernel: [    0.000000] Initializing cgroup subsys cpu
Dec  5 09:17:09 raspberrypi kernel: [    0.000000] Initializing cgroup subsys cpuacct
Dec  5 09:17:09 raspberrypi kernel: [    0.000000] Linux version 3.18.16-v7+ (dc4@dc4-XPS13-9333) (gcc version 4.8.3 20140303 (prerelease) (crosstool-NG linaro-1.13.1+bzr2650 - Linaro GCC 2014.03) ) #795 SMP PREEMPT Wed Jun 17 13:24:01 BST 2015
Dec  5 09:17:09 raspberrypi kernel: [    0.000000] CPU: ARMv7 Processor [410fc075] revision 5 (ARMv7), cr=10c5387d
Dec  5 09:17:09 raspberrypi kernel: [    0.000000] CPU: PIPT / VIPT nonaliasing data cache, VIPT aliasing instruction cache
Dec  5 09:17:09 raspberrypi kernel: [    0.000000] Machine model: Raspberry Pi 2 Model B Rev 1.1
Dec  5 09:17:09 raspberrypi kernel: [    0.000000] cma: Reserved 8 MiB at 0x3a800000
Dec  5 09:17:09 raspberrypi kernel: [    0.000000] Memory policy: Data cache writealloc
Dec  5 09:17:09 raspberrypi kernel: [    0.000000] On node 0 totalpages: 241664
Dec  5 09:17:09 raspberrypi kernel: [    0.000000] free_area_init_node: node 0, pgdat 80817680, node_mem_map ba093000
Dec  5 09:17:09 raspberrypi kernel: [    0.000000]   Normal zone: 1888 pages used for memmap
Dec  5 09:17:09 raspberrypi kernel: [    0.000000]   Normal zone: 0 pages reserved
Dec  5 09:17:09 raspberrypi kernel: [    0.000000]   Normal zone: 241664 pages, LIFO batch:31
Dec  5 09:17:09 raspberrypi kernel: [    0.000000] [bcm2709_smp_init_cpus] enter (8620->f3003010)
Dec  5 09:17:09 raspberrypi kernel: [    0.000000] [bcm2709_smp_init_cpus] ncores=4
Dec  5 09:17:09 raspberrypi kernel: [    0.000000] PERCPU: Embedded 10 pages/cpu @ba061000 s11456 r8192 d21312 u40960
Dec  5 09:17:09 raspberrypi kernel: [    0.000000] pcpu-alloc: s11456 r8192 d21312 u40960 alloc=10*4096
Dec  5 09:17:09 raspberrypi kernel: [    0.000000] pcpu-alloc: [0] 0 [0] 1 [0] 2 [0] 3 
Dec  5 09:17:09 raspberrypi kernel: [    0.000000] Built 1 zonelists in Zone order, mobility grouping on.  Total pages: 239776
Dec  5 09:17:09 raspberrypi kernel: [    0.000000] Kernel command line: dma.dmachans=0x7f35 bcm2708_fb.fbwidth=592 bcm2708_fb.fbheight=448 bcm2709.boardrev=0xa01041 bcm2709.serial=0x52bc0108 smsc95xx.macaddr=B8:27:EB:BC:01:08 bcm2708_fb.fbswap=1 bcm2709.disk_led_gpio=47 bcm2709.disk_led_active_low=0 sdhci-bcm2708.emmc_clock_freq=250000000 vc_mem.mem_base=0x3dc00000 vc_mem.mem_size=0x3f000000  dwc_otg.lpm_enable=0 root=/dev/mmcblk0p6 rootfstype=ext4 elevator=deadline rootwait
Dec  5 09:17:09 raspberrypi kernel: [    0.000000] PID hash table entries: 4096 (order: 2, 16384 bytes)
Dec  5 09:17:09 raspberrypi kernel: [    0.000000] Dentry cache hash table entries: 131072 (order: 7, 524288 bytes)
Dec  5 09:17:09 raspberrypi kernel: [    0.000000] Inode-cache hash table entries: 65536 (order: 6, 262144 bytes)
Dec  5 09:17:09 raspberrypi kernel: [    0.000000] Memory: 940800K/966656K available (5739K kernel code, 397K rwdata, 1756K rodata, 388K init, 763K bss, 25856K reserved)
Dec  5 09:17:09 raspberrypi kernel: [    0.000000] Virtual kernel memory layout:
Dec  5 09:17:09 raspberrypi kernel: [    0.000000]     vector  : 0xffff0000 - 0xffff1000   (   4 kB)
Dec  5 09:17:09 raspberrypi kernel: [    0.000000]     fixmap  : 0xffc00000 - 0xffe00000   (2048 kB)
Dec  5 09:17:09 raspberrypi kernel: [    0.000000]     vmalloc : 0xbb800000 - 0xff000000   (1080 MB)
Dec  5 09:17:09 raspberrypi kernel: [    0.000000]     lowmem  : 0x80000000 - 0xbb000000   ( 944 MB)
Dec  5 09:17:09 raspberrypi kernel: [    0.000000]     modules : 0x7f000000 - 0x80000000   (  16 MB)
Dec  5 09:17:09 raspberrypi kernel: [    0.000000]       .text : 0x80008000 - 0x8075a024   (7497 kB)
Dec  5 09:17:09 raspberrypi kernel: [    0.000000]       .init : 0x8075b000 - 0x807bc000   ( 388 kB)
Dec  5 09:17:09 raspberrypi kernel: [    0.000000]       .data : 0x807bc000 - 0x8081f6bc   ( 398 kB)
Dec  5 09:17:09 raspberrypi kernel: [    0.000000]        .bss : 0x8081f6bc - 0x808de494   ( 764 kB)
Dec  5 09:17:09 raspberrypi kernel: [    0.000000] SLUB: HWalign=64, Order=0-3, MinObjects=0, CPUs=4, Nodes=1
Dec  5 09:17:09 raspberrypi kernel: [    0.000000] Preemptible hierarchical RCU implementation.
Dec  5 09:17:09 raspberrypi kernel: [    0.000000] NR_IRQS:608
Dec  5 09:17:09 raspberrypi kernel: [    0.000000] Architected cp15 timer(s) running at 19.20MHz (virt).
Dec  5 09:17:09 raspberrypi kernel: [    0.000014] sched_clock: 56 bits at 19MHz, resolution 52ns, wraps every 3579139424256ns
Dec  5 09:17:09 raspberrypi kernel: [    0.000038] Switching to timer-based delay loop, resolution 52ns
Dec  5 09:17:09 raspberrypi kernel: [    0.000332] Console: colour dummy device 80x30
Dec  5 09:17:09 raspberrypi kernel: [    0.001751] console [tty0] enabled
Dec  5 09:17:09 raspberrypi kernel: [    0.001800] Calibrating delay loop (skipped), value calculated using timer frequency.. 38.40 BogoMIPS (lpj=192000)
Dec  5 09:17:09 raspberrypi kernel: [    0.001883] pid_max: default: 32768 minimum: 301
Dec  5 09:17:09 raspberrypi kernel: [    0.002287] Mount-cache hash table entries: 2048 (order: 1, 8192 bytes)
Dec  5 09:17:09 raspberrypi kernel: [    0.002347] Mountpoint-cache hash table entries: 2048 (order: 1, 8192 bytes)
Dec  5 09:17:09 raspberrypi kernel: [    0.003610] Initializing cgroup subsys memory
Dec  5 09:17:09 raspberrypi kernel: [    0.003699] Initializing cgroup subsys devices
Dec  5 09:17:09 raspberrypi kernel: [    0.003753] Initializing cgroup subsys freezer
Dec  5 09:17:09 raspberrypi kernel: [    0.003817] Initializing cgroup subsys net_cls
Dec  5 09:17:09 raspberrypi kernel: [    0.003870] Initializing cgroup subsys blkio
Dec  5 09:17:09 raspberrypi kernel: [    0.003983] CPU: Testing write buffer coherency: ok
Dec  5 09:17:09 raspberrypi kernel: [    0.004099] ftrace: allocating 19685 entries in 58 pages
Dec  5 09:17:09 raspberrypi kernel: [    0.052721] CPU0: update cpu_capacity 1024
Dec  5 09:17:09 raspberrypi kernel: [    0.052795] CPU0: thread -1, cpu 0, socket 15, mpidr 80000f00
Dec  5 09:17:09 raspberrypi kernel: [    0.052834] [bcm2709_smp_prepare_cpus] enter
Dec  5 09:17:09 raspberrypi kernel: [    0.052988] Setting up static identity map for 0x52d1f8 - 0x52d22c
Dec  5 09:17:09 raspberrypi kernel: [    0.112652] [bcm2709_boot_secondary] cpu:1 started (0) 18
Dec  5 09:17:09 raspberrypi kernel: [    0.112958] CPU1: Booted secondary processor
Dec  5 09:17:09 raspberrypi kernel: [    0.112966] [bcm2709_secondary_init] enter cpu:1
Dec  5 09:17:09 raspberrypi kernel: [    0.113016] CPU1: update cpu_capacity 1024
Dec  5 09:17:09 raspberrypi kernel: [    0.113025] CPU1: thread -1, cpu 1, socket 15, mpidr 80000f01
Dec  5 09:17:09 raspberrypi kernel: [    0.132598] [bcm2709_boot_secondary] cpu:2 started (0) 17
Dec  5 09:17:09 raspberrypi kernel: [    0.132859] CPU2: Booted secondary processor
Dec  5 09:17:09 raspberrypi kernel: [    0.132866] [bcm2709_secondary_init] enter cpu:2
Dec  5 09:17:09 raspberrypi kernel: [    0.132899] CPU2: update cpu_capacity 1024
Dec  5 09:17:09 raspberrypi kernel: [    0.132907] CPU2: thread -1, cpu 2, socket 15, mpidr 80000f02
Dec  5 09:17:09 raspberrypi kernel: [    0.152662] [bcm2709_boot_secondary] cpu:3 started (0) 18
Dec  5 09:17:09 raspberrypi kernel: [    0.152905] CPU3: Booted secondary processor
Dec  5 09:17:09 raspberrypi kernel: [    0.152912] [bcm2709_secondary_init] enter cpu:3
Dec  5 09:17:09 raspberrypi kernel: [    0.152942] CPU3: update cpu_capacity 1024
Dec  5 09:17:09 raspberrypi kernel: [    0.152950] CPU3: thread -1, cpu 3, socket 15, mpidr 80000f03
Dec  5 09:17:09 raspberrypi kernel: [    0.153043] Brought up 4 CPUs
Dec  5 09:17:09 raspberrypi kernel: [    0.153166] SMP: Total of 4 processors activated (153.60 BogoMIPS).
Dec  5 09:17:09 raspberrypi kernel: [    0.153199] CPU: All CPU(s) started in SVC mode.
Dec  5 09:17:09 raspberrypi kernel: [    0.154211] devtmpfs: initialized
Dec  5 09:17:09 raspberrypi kernel: [    0.179072] VFP support v0.3: implementor 41 architecture 2 part 30 variant 7 rev 5
Dec  5 09:17:09 raspberrypi kernel: [    0.181070] pinctrl core: initialized pinctrl subsystem
Dec  5 09:17:09 raspberrypi kernel: [    0.184325] NET: Registered protocol family 16
Dec  5 09:17:09 raspberrypi kernel: [    0.189898] DMA: preallocated 4096 KiB pool for atomic coherent allocations
Dec  5 09:17:09 raspberrypi kernel: [    0.191006] bcm2709.uart_clock = 3000000
Dec  5 09:17:09 raspberrypi kernel: [    0.194339] hw-breakpoint: found 5 (+1 reserved) breakpoint and 4 watchpoint registers.
Dec  5 09:17:09 raspberrypi kernel: [    0.194393] hw-breakpoint: maximum watchpoint size is 8 bytes.
Dec  5 09:17:09 raspberrypi kernel: [    0.194455] mailbox: Broadcom VideoCore Mailbox driver
Dec  5 09:17:09 raspberrypi kernel: [    0.194590] bcm2708_vcio: mailbox at f300b880
Dec  5 09:17:09 raspberrypi kernel: [    0.194961] bcm_power: Broadcom power driver
Dec  5 09:17:09 raspberrypi kernel: [    0.195000] bcm_power_open() -> 0
Dec  5 09:17:09 raspberrypi kernel: [    0.195026] bcm_power_request(0, 8)
Dec  5 09:17:09 raspberrypi kernel: [    0.695704] bcm_mailbox_read -> 00000080, 0
Dec  5 09:17:09 raspberrypi kernel: [    0.695736] bcm_power_request -> 0
Dec  5 09:17:09 raspberrypi kernel: [    0.695897] Serial: AMBA PL011 UART driver
Dec  5 09:17:09 raspberrypi kernel: [    0.696049] dev:f1: ttyAMA0 at MMIO 0x3f201000 (irq = 83, base_baud = 0) is a PL011 rev3
Dec  5 09:17:09 raspberrypi kernel: [    0.765259] SCSI subsystem initialized
Dec  5 09:17:09 raspberrypi kernel: [    0.765528] usbcore: registered new interface driver usbfs
Dec  5 09:17:09 raspberrypi kernel: [    0.765679] usbcore: registered new interface driver hub
Dec  5 09:17:09 raspberrypi kernel: [    0.765854] usbcore: registered new device driver usb
Dec  5 09:17:09 raspberrypi kernel: [    0.767687] Switched to clocksource arch_sys_counter
Dec  5 09:17:09 raspberrypi kernel: [    0.797817] FS-Cache: Loaded
Dec  5 09:17:09 raspberrypi kernel: [    0.798155] CacheFiles: Loaded
Dec  5 09:17:09 raspberrypi kernel: [    0.809486] NET: Registered protocol family 2
Dec  5 09:17:09 raspberrypi kernel: [    0.810910] TCP established hash table entries: 8192 (order: 3, 32768 bytes)
Dec  5 09:17:09 raspberrypi kernel: [    0.811101] TCP bind hash table entries: 8192 (order: 4, 65536 bytes)
Dec  5 09:17:09 raspberrypi kernel: [    0.811334] TCP: Hash tables configured (established 8192 bind 8192)
Dec  5 09:17:09 raspberrypi kernel: [    0.811469] TCP: reno registered
Dec  5 09:17:09 raspberrypi kernel: [    0.811507] UDP hash table entries: 512 (order: 2, 16384 bytes)
Dec  5 09:17:09 raspberrypi kernel: [    0.811593] UDP-Lite hash table entries: 512 (order: 2, 16384 bytes)
Dec  5 09:17:09 raspberrypi kernel: [    0.811973] NET: Registered protocol family 1
Dec  5 09:17:09 raspberrypi kernel: [    0.812609] RPC: Registered named UNIX socket transport module.
Dec  5 09:17:09 raspberrypi kernel: [    0.812656] RPC: Registered udp transport module.
Dec  5 09:17:09 raspberrypi kernel: [    0.812686] RPC: Registered tcp transport module.
Dec  5 09:17:09 raspberrypi kernel: [    0.812716] RPC: Registered tcp NFSv4.1 backchannel transport module.
Dec  5 09:17:09 raspberrypi kernel: [    0.813677] hw perfevents: enabled with armv7_cortex_a7 PMU driver, 5 counters available
Dec  5 09:17:09 raspberrypi kernel: [    0.813982] bcm2708_dma: DMA manager at f3007000
Dec  5 09:17:09 raspberrypi kernel: [    0.814194] vc-mem: phys_addr:0x00000000 mem_base=0x3dc00000 mem_size:0x3f000000(1008 MiB)
Dec  5 09:17:09 raspberrypi kernel: [    0.815757] futex hash table entries: 1024 (order: 4, 65536 bytes)
Dec  5 09:17:09 raspberrypi kernel: [    0.816018] audit: initializing netlink subsys (disabled)
Dec  5 09:17:09 raspberrypi kernel: [    0.816105] audit: type=2000 audit(0.789:1): initialized
Dec  5 09:17:09 raspberrypi kernel: [    0.832546] VFS: Disk quotas dquot_6.5.2
Dec  5 09:17:09 raspberrypi kernel: [    0.832952] Dquot-cache hash table entries: 1024 (order 0, 4096 bytes)
Dec  5 09:17:09 raspberrypi kernel: [    0.835989] FS-Cache: Netfs 'nfs' registered for caching
Dec  5 09:17:09 raspberrypi kernel: [    0.837035] NFS: Registering the id_resolver key type
Dec  5 09:17:09 raspberrypi kernel: [    0.837129] Key type id_resolver registered
Dec  5 09:17:09 raspberrypi kernel: [    0.837161] Key type id_legacy registered
Dec  5 09:17:09 raspberrypi kernel: [    0.838451] msgmni has been set to 1853
Dec  5 09:17:09 raspberrypi kernel: [    0.840236] Block layer SCSI generic (bsg) driver version 0.4 loaded (major 252)
Dec  5 09:17:09 raspberrypi kernel: [    0.840471] io scheduler noop registered
Dec  5 09:17:09 raspberrypi kernel: [    0.840518] io scheduler deadline registered (default)
Dec  5 09:17:09 raspberrypi kernel: [    0.840884] io scheduler cfq registered
Dec  5 09:17:09 raspberrypi kernel: [    0.843545] BCM2708FB: allocated DMA memory fac00000
Dec  5 09:17:09 raspberrypi kernel: [    0.843612] BCM2708FB: allocated DMA channel 0 @ f3007000
Dec  5 09:17:09 raspberrypi kernel: [    0.849130] Console: switching to colour frame buffer device 74x28
Dec  5 09:17:09 raspberrypi kernel: [    0.854982] bcm2708-dmaengine bcm2708-dmaengine: Load BCM2835 DMA engine driver
Dec  5 09:17:09 raspberrypi kernel: [    0.858808] uart-pl011 dev:f1: no DMA platform data
Dec  5 09:17:09 raspberrypi kernel: [    0.861079] vc-cma: Videocore CMA driver
Dec  5 09:17:09 raspberrypi kernel: [    0.862791] vc-cma: vc_cma_base      = 0x00000000
Dec  5 09:17:09 raspberrypi kernel: [    0.864456] vc-cma: vc_cma_size      = 0x00000000 (0 MiB)
Dec  5 09:17:09 raspberrypi kernel: [    0.866078] vc-cma: vc_cma_initial   = 0x00000000 (0 MiB)
Dec  5 09:17:09 raspberrypi kernel: [    0.879318] brd: module loaded
Dec  5 09:17:09 raspberrypi kernel: [    0.886628] loop: module loaded
Dec  5 09:17:09 raspberrypi kernel: [    0.888962] vchiq: vchiq_init_state: slot_zero = 0xbac80000, is_master = 0
Dec  5 09:17:09 raspberrypi kernel: [    0.892714] Loading iSCSI transport class v2.0-870.
Dec  5 09:17:09 raspberrypi kernel: [    0.895221] usbcore: registered new interface driver smsc95xx
Dec  5 09:17:09 raspberrypi kernel: [    0.896920] dwc_otg: version 3.00a 10-AUG-2012 (platform bus)
Dec  5 09:17:09 raspberrypi kernel: [    1.098965] Core Release: 2.80a
Dec  5 09:17:09 raspberrypi kernel: [    1.100577] Setting default values for core params
Dec  5 09:17:09 raspberrypi kernel: [    1.102194] Finished setting default values for core params
Dec  5 09:17:09 raspberrypi kernel: [    1.304205] Using Buffer DMA mode
Dec  5 09:17:09 raspberrypi kernel: [    1.305811] Periodic Transfer Interrupt Enhancement - disabled
Dec  5 09:17:09 raspberrypi kernel: [    1.307479] Multiprocessor Interrupt Enhancement - disabled
Dec  5 09:17:09 raspberrypi kernel: [    1.309178] OTG VER PARAM: 0, OTG VER FLAG: 0
Dec  5 09:17:09 raspberrypi kernel: [    1.310876] Dedicated Tx FIFOs mode
Dec  5 09:17:09 raspberrypi kernel: [    1.312808] WARN::dwc_otg_hcd_init:1047: FIQ DMA bounce buffers: virt = 0xbac14000 dma = 0xfac14000 len=9024
Dec  5 09:17:09 raspberrypi kernel: [    1.316172] FIQ FSM acceleration enabled for :
Dec  5 09:17:09 raspberrypi kernel: [    1.316172] Non-periodic Split Transactions
Dec  5 09:17:09 raspberrypi kernel: [    1.316172] Periodic Split Transactions
Dec  5 09:17:09 raspberrypi kernel: [    1.316172] High-Speed Isochronous Endpoints
Dec  5 09:17:09 raspberrypi kernel: [    1.322723] dwc_otg: Microframe scheduler enabled
Dec  5 09:17:09 raspberrypi kernel: [    1.322799] WARN::hcd_init_fiq:412: FIQ on core 1 at 0x803db878
Dec  5 09:17:09 raspberrypi kernel: [    1.324563] WARN::hcd_init_fiq:413: FIQ ASM at 0x803dbbd4 length 36
Dec  5 09:17:09 raspberrypi kernel: [    1.326303] WARN::hcd_init_fiq:438: MPHI regs_base at 0xbb80a000
Dec  5 09:17:09 raspberrypi kernel: [    1.328063] dwc_otg bcm2708_usb: DWC OTG Controller
Dec  5 09:17:09 raspberrypi kernel: [    1.329824] dwc_otg bcm2708_usb: new USB bus registered, assigned bus number 1
Dec  5 09:17:09 raspberrypi kernel: [    1.333205] dwc_otg bcm2708_usb: irq 32, io mem 0x00000000
Dec  5 09:17:09 raspberrypi kernel: [    1.334976] Init: Port Power? op_state=1
Dec  5 09:17:09 raspberrypi kernel: [    1.336670] Init: Power Port (0)
Dec  5 09:17:09 raspberrypi kernel: [    1.338625] usb usb1: New USB device found, idVendor=1d6b, idProduct=0002
Dec  5 09:17:09 raspberrypi kernel: [    1.341980] usb usb1: New USB device strings: Mfr=3, Product=2, SerialNumber=1
Dec  5 09:17:09 raspberrypi kernel: [    1.345430] usb usb1: Product: DWC OTG Controller
Dec  5 09:17:09 raspberrypi kernel: [    1.347199] usb usb1: Manufacturer: Linux 3.18.16-v7+ dwc_otg_hcd
Dec  5 09:17:09 raspberrypi kernel: [    1.349013] usb usb1: SerialNumber: bcm2708_usb
Dec  5 09:17:09 raspberrypi kernel: [    1.351641] hub 1-0:1.0: USB hub found
Dec  5 09:17:09 raspberrypi kernel: [    1.353424] hub 1-0:1.0: 1 port detected
Dec  5 09:17:09 raspberrypi kernel: [    1.355552] dwc_otg: FIQ enabled
Dec  5 09:17:09 raspberrypi kernel: [    1.355566] dwc_otg: NAK holdoff enabled
Dec  5 09:17:09 raspberrypi kernel: [    1.355577] dwc_otg: FIQ split-transaction FSM enabled
Dec  5 09:17:09 raspberrypi kernel: [    1.355619] Module dwc_common_port init
Dec  5 09:17:09 raspberrypi kernel: [    1.356017] usbcore: registered new interface driver usb-storage
Dec  5 09:17:09 raspberrypi kernel: [    1.358039] mousedev: PS/2 mouse device common for all mice
Dec  5 09:17:09 raspberrypi kernel: [    1.360391] bcm2835-cpufreq: min=600000 max=900000
Dec  5 09:17:09 raspberrypi kernel: [    1.362465] sdhci: Secure Digital Host Controller Interface driver
Dec  5 09:17:09 raspberrypi kernel: [    1.364267] sdhci: Copyright(c) Pierre Ossman
Dec  5 09:17:09 raspberrypi kernel: [    1.366466] mmc-bcm2835 3f300000.mmc: DMA channels allocated
Dec  5 09:17:09 raspberrypi kernel: [    1.408040] sdhci-pltfm: SDHCI platform and OF driver helper
Dec  5 09:17:09 raspberrypi kernel: [    1.415920] ledtrig-cpu: registered to indicate activity on CPUs
Dec  5 09:17:09 raspberrypi kernel: [    1.418087] hidraw: raw HID events driver (C) Jiri Kosina
Dec  5 09:17:09 raspberrypi kernel: [    1.421276] usbcore: registered new interface driver usbhid
Dec  5 09:17:09 raspberrypi kernel: [    1.423169] usbhid: USB HID core driver
Dec  5 09:17:09 raspberrypi kernel: [    1.427405] TCP: cubic registered
Dec  5 09:17:09 raspberrypi kernel: [    1.429269] Initializing XFRM netlink socket
Dec  5 09:17:09 raspberrypi kernel: [    1.432242] NET: Registered protocol family 17
Dec  5 09:17:09 raspberrypi kernel: [    1.436300] Key type dns_resolver registered
Dec  5 09:17:09 raspberrypi kernel: [    1.438562] Registering SWP/SWPB emulation handler
Dec  5 09:17:09 raspberrypi kernel: [    1.441194] registered taskstats version 1
Dec  5 09:17:09 raspberrypi kernel: [    1.443090] vc-sm: Videocore shared memory driver
Dec  5 09:17:09 raspberrypi kernel: [    1.444698] [vc_sm_connected_init]: start
Dec  5 09:17:09 raspberrypi kernel: [    1.447004] [vc_sm_connected_init]: end - returning 0
Dec  5 09:17:09 raspberrypi kernel: [    1.449980] Waiting for root device /dev/mmcblk0p6...
Dec  5 09:17:09 raspberrypi kernel: [    1.466868] mmc0: host does not support reading read-only switch, assuming write-enable
Dec  5 09:17:09 raspberrypi kernel: [    1.473634] mmc0: new high speed SDHC card at address aaaa
Dec  5 09:17:09 raspberrypi kernel: [    1.475914] mmcblk0: mmc0:aaaa SL08G 7.40 GiB 
Dec  5 09:17:09 raspberrypi kernel: [    1.481119]  mmcblk0: p1 p2 < p5 p6 > p3
Dec  5 09:17:09 raspberrypi kernel: [    1.547834] Indeed it is in host mode hprt0 = 00021501
Dec  5 09:17:09 raspberrypi kernel: [    1.559952] EXT4-fs (mmcblk0p6): INFO: recovery required on readonly filesystem
Dec  5 09:17:09 raspberrypi kernel: [    1.563204] EXT4-fs (mmcblk0p6): write access will be enabled during recovery
Dec  5 09:17:09 raspberrypi kernel: [    1.727797] usb 1-1: new high-speed USB device number 2 using dwc_otg
Dec  5 09:17:09 raspberrypi kernel: [    1.729755] Indeed it is in host mode hprt0 = 00001101
Dec  5 09:17:09 raspberrypi kernel: [    1.928055] usb 1-1: New USB device found, idVendor=0424, idProduct=9514
Dec  5 09:17:09 raspberrypi kernel: [    1.931833] usb 1-1: New USB device strings: Mfr=0, Product=0, SerialNumber=0
Dec  5 09:17:09 raspberrypi kernel: [    1.936644] hub 1-1:1.0: USB hub found
Dec  5 09:17:09 raspberrypi kernel: [    1.938727] hub 1-1:1.0: 5 ports detected
Dec  5 09:17:09 raspberrypi kernel: [    2.217820] usb 1-1.1: new high-speed USB device number 3 using dwc_otg
Dec  5 09:17:09 raspberrypi kernel: [    2.318028] usb 1-1.1: New USB device found, idVendor=0424, idProduct=ec00
Dec  5 09:17:09 raspberrypi kernel: [    2.322023] usb 1-1.1: New USB device strings: Mfr=0, Product=0, SerialNumber=0
Dec  5 09:17:09 raspberrypi kernel: [    2.329064] smsc95xx v1.0.4
Dec  5 09:17:09 raspberrypi kernel: [    2.391782] smsc95xx 1-1.1:1.0 eth0: register 'smsc95xx' at usb-bcm2708_usb-1.1, smsc95xx USB 2.0 Ethernet, b8:27:eb:bc:01:08
Dec  5 09:17:09 raspberrypi kernel: [    3.399499] EXT4-fs (mmcblk0p6): orphan cleanup on readonly fs
Dec  5 09:17:09 raspberrypi kernel: [    3.415603] EXT4-fs (mmcblk0p6): 5 orphan inodes deleted
Dec  5 09:17:09 raspberrypi kernel: [    3.417803] EXT4-fs (mmcblk0p6): recovery complete
Dec  5 09:17:09 raspberrypi kernel: [    3.455139] EXT4-fs (mmcblk0p6): mounted filesystem with ordered data mode. Opts: (null)
Dec  5 09:17:09 raspberrypi kernel: [    3.459163] VFS: Mounted root (ext4 filesystem) readonly on device 179:6.
Dec  5 09:17:09 raspberrypi kernel: [    3.469973] devtmpfs: mounted
Dec  5 09:17:09 raspberrypi kernel: [    3.472556] Freeing unused kernel memory: 388K (8075b000 - 807bc000)
Dec  5 09:17:09 raspberrypi kernel: [    4.481721] random: nonblocking pool is initialized
Dec  5 09:17:09 raspberrypi kernel: [    5.022292] bcm2708_i2c 3f804000.i2c: BSC1 Controller at 0x3f804000 (irq 79) (baudrate 100000)
Dec  5 09:17:09 raspberrypi kernel: [    5.029905] bcm2708_spi 3f204000.spi: master is unqueued, this is deprecated
Dec  5 09:17:09 raspberrypi kernel: [    5.079885] bcm2708_spi 3f204000.spi: SPI Controller at 0x3f204000 (irq 80)
Dec  5 09:17:09 raspberrypi kernel: [    6.815744] EXT4-fs (mmcblk0p6): re-mounted. Opts: (null)
Dec  5 09:17:09 raspberrypi kernel: [    7.039705] EXT4-fs (mmcblk0p6): re-mounted. Opts: (null)
Dec  5 09:17:09 raspberrypi kernel: [    7.556992] i2c /dev entries driver
Dec  5 09:17:09 raspberrypi kernel: [   11.421261] smsc95xx 1-1.1:1.0 eth0: hardware isn't capable of remote wakeup
Dec  5 09:17:09 raspberrypi kernel: [   12.944884] smsc95xx 1-1.1:1.0 eth0: link up, 100Mbps, full-duplex, lpa 0xC1E1
Dec  5 09:17:09 raspberrypi kernel: [   14.324957] cfg80211: Calling CRDA to update world regulatory domain
Dec  5 09:17:09 raspberrypi dhcpcd[1940]: all: IPv6 kernel autoconf disabled
Dec  5 09:17:09 raspberrypi dhcpcd[1940]: eth0: adding address fe80::393c:6a46:a69:3972
Dec  5 09:17:09 raspberrypi dhcpcd[1940]: if_addaddress6: Operation not supported
Dec  5 09:17:09 raspberrypi dhcpcd[1940]: DUID 00:01:00:01:1c:dd:60:60:b8:27:eb:bc:01:08
Dec  5 09:17:09 raspberrypi dhcpcd[1940]: eth0: IAID eb:bc:01:08
Dec  5 09:17:10 raspberrypi /usr/sbin/cron[2155]: (CRON) INFO (pidfile fd = 3)
Dec  5 09:17:10 raspberrypi kernel: [   14.792759] Adding 102396k swap on /var/swap.  Priority:-1 extents:1 across:102396k SSFS
Dec  5 09:17:10 raspberrypi /usr/sbin/cron[2157]: (CRON) STARTUP (fork ok)
Dec  5 09:17:10 raspberrypi ntpd[2138]: ntpd 4.2.6p5@1.2349-o Mon Nov  2 04:29:31 UTC 2015 (1)
Dec  5 09:17:10 raspberrypi /usr/sbin/cron[2157]: (CRON) INFO (Running @reboot jobs)
Dec  5 09:17:10 raspberrypi ntpd[2177]: proto: precision = 0.833 usec
Dec  5 09:17:10 raspberrypi ntpd[2177]: Listen and drop on 0 v4wildcard 0.0.0.0 UDP 123
Dec  5 09:17:10 raspberrypi ntpd[2177]: Listen normally on 1 lo 127.0.0.1 UDP 123
Dec  5 09:17:10 raspberrypi ntpd[2177]: peers refreshed
Dec  5 09:17:10 raspberrypi ntpd[2177]: Listening on routing socket on fd #18 for interface updates
Dec  5 09:17:10 raspberrypi dhcpcd[1940]: eth0: soliciting a DHCP lease
Dec  5 09:17:10 raspberrypi ntpd[2177]: restrict: error in address '::' on line 38. Ignoring...
Dec  5 09:17:10 raspberrypi ntpd[2177]: restrict: error in address '::1' on line 42. Ignoring...
Dec  5 09:17:10 raspberrypi dhcpcd[1940]: eth0: offered 172.16.6.83 from 172.16.6.254
Dec  5 09:17:10 raspberrypi ntpd[2177]: Deferring DNS for 0.debian.pool.ntp.org 1
Dec  5 09:17:10 raspberrypi ntpd[2177]: Deferring DNS for 1.debian.pool.ntp.org 1
Dec  5 09:17:10 raspberrypi ntpd[2177]: Deferring DNS for 2.debian.pool.ntp.org 1
Dec  5 09:17:10 raspberrypi ntpd[2177]: Deferring DNS for 3.debian.pool.ntp.org 1
Dec  5 09:17:10 raspberrypi ntpd[2212]: signal_no_reset: signal 17 had flags 4000000
Dec  5 09:17:11 raspberrypi avahi-daemon[2277]: Found user 'avahi' (UID 103) and group 'avahi' (GID 105).
Dec  5 09:17:11 raspberrypi avahi-daemon[2277]: Successfully dropped root privileges.
Dec  5 09:17:11 raspberrypi avahi-daemon[2277]: avahi-daemon 0.6.31 starting up.
Dec  5 09:17:11 raspberrypi avahi-daemon[2277]: Successfully called chroot().
Dec  5 09:17:11 raspberrypi avahi-daemon[2277]: Successfully dropped remaining capabilities.
Dec  5 09:17:11 raspberrypi avahi-daemon[2277]: Loading service file /services/udisks.service.
Dec  5 09:17:11 raspberrypi avahi-daemon[2277]: socket() failed: Address family not supported by protocol
Dec  5 09:17:11 raspberrypi avahi-daemon[2277]: Failed to create IPv6 socket, proceeding in IPv4 only mode
Dec  5 09:17:11 raspberrypi avahi-daemon[2277]: socket() failed: Address family not supported by protocol
Dec  5 09:17:11 raspberrypi avahi-daemon[2277]: Network interface enumeration completed.
Dec  5 09:17:11 raspberrypi avahi-daemon[2277]: Registering HINFO record with values 'ARMV7L'/'LINUX'.
Dec  5 09:17:11 raspberrypi avahi-daemon[2277]: Server startup complete. Host name is raspberrypi.local. Local service cookie is 826858312.
Dec  5 09:17:11 raspberrypi avahi-daemon[2277]: Service "raspberrypi" (/services/udisks.service) successfully established.
Dec  5 09:17:12 raspberrypi ntpd_intres[2212]: host name not found EAI_NODATA: 0.debian.pool.ntp.org
Dec  5 09:17:12 raspberrypi ntpd_intres[2212]: host name not found EAI_NODATA: 1.debian.pool.ntp.org
Dec  5 09:17:12 raspberrypi ntpd_intres[2212]: host name not found EAI_NODATA: 2.debian.pool.ntp.org
Dec  5 09:17:12 raspberrypi ntpd_intres[2212]: host name not found EAI_NODATA: 3.debian.pool.ntp.org
Dec  5 09:17:12 raspberrypi mysqld_safe: Starting mysqld daemon with databases from /var/lib/mysql
Dec  5 09:17:12 raspberrypi mysqld: 161205  9:17:12 [Warning] Using unique option prefix key_buffer instead of key_buffer_size is deprecated and will be removed in a future release. Please use the full name instead.
Dec  5 09:17:12 raspberrypi mysqld: 161205  9:17:12 [Note] /usr/sbin/mysqld (mysqld 5.5.47-0+deb7u1) starting as process 2784 ...
Dec  5 09:17:12 raspberrypi mysqld: 161205  9:17:12 [Warning] Using unique option prefix myisam-recover instead of myisam-recover-options is deprecated and will be removed in a future release. Please use the full name instead.
Dec  5 09:17:12 raspberrypi mysqld: 161205  9:17:12 [Note] Plugin 'FEDERATED' is disabled.
Dec  5 09:17:12 raspberrypi mysqld: 161205  9:17:12 InnoDB: The InnoDB memory heap is disabled
Dec  5 09:17:12 raspberrypi mysqld: 161205  9:17:12 InnoDB: Mutexes and rw_locks use GCC atomic builtins
Dec  5 09:17:12 raspberrypi mysqld: 161205  9:17:12 InnoDB: Compressed tables use zlib 1.2.7
Dec  5 09:17:12 raspberrypi mysqld: 161205  9:17:12 InnoDB: Using Linux native AIO
Dec  5 09:17:12 raspberrypi mysqld: 161205  9:17:12 InnoDB: Initializing buffer pool, size = 128.0M
Dec  5 09:17:12 raspberrypi mysqld: 161205  9:17:12 InnoDB: Completed initialization of buffer pool
Dec  5 09:17:12 raspberrypi mysqld: 161205  9:17:12 InnoDB: highest supported file format is Barracuda.
Dec  5 09:17:12 raspberrypi mysqld: InnoDB: The log sequence number in ibdata files does not match
Dec  5 09:17:12 raspberrypi mysqld: InnoDB: the log sequence number in the ib_logfiles!
Dec  5 09:17:12 raspberrypi mysqld: 161205  9:17:12  InnoDB: Database was not shut down normally!
Dec  5 09:17:12 raspberrypi mysqld: InnoDB: Starting crash recovery.
Dec  5 09:17:12 raspberrypi mysqld: InnoDB: Reading tablespace information from the .ibd files...
Dec  5 09:17:12 raspberrypi mysqld: InnoDB: Restoring possible half-written data pages from the doublewrite
Dec  5 09:17:12 raspberrypi mysqld: InnoDB: buffer...
Dec  5 09:17:13 raspberrypi mysqld: 161205  9:17:13  InnoDB: Waiting for the background threads to start
Dec  5 09:17:14 raspberrypi mysqld: 161205  9:17:14 InnoDB: 5.5.47 started; log sequence number 5287248162
Dec  5 09:17:14 raspberrypi mysqld: 161205  9:17:14 [Note] Server hostname (bind-address): '0.0.0.0'; port: 3306
Dec  5 09:17:14 raspberrypi mysqld: 161205  9:17:14 [Note]   - '0.0.0.0' resolves to '0.0.0.0';
Dec  5 09:17:14 raspberrypi mysqld: 161205  9:17:14 [Note] Server socket created on IP: '0.0.0.0'.
Dec  5 09:17:15 raspberrypi mysqld: 161205  9:17:15 [Note] Event Scheduler: Loaded 0 events
Dec  5 09:17:15 raspberrypi mysqld: 161205  9:17:15 [Note] /usr/sbin/mysqld: ready for connections.
Dec  5 09:17:15 raspberrypi mysqld: Version: '5.5.47-0+deb7u1'  socket: '/var/run/mysqld/mysqld.sock'  port: 3306  (Debian)
Dec  5 09:17:15 raspberrypi kernel: [   20.069579] fuse init (API version 7.23)
Dec  5 09:17:15 raspberrypi dhcpcd[1940]: eth0: leased 172.16.6.83 for 3600 seconds
Dec  5 09:17:15 raspberrypi avahi-daemon[2277]: Joining mDNS multicast group on interface eth0.IPv4 with address 172.16.6.83.
Dec  5 09:17:15 raspberrypi avahi-daemon[2277]: New relevant interface eth0.IPv4 for mDNS.
Dec  5 09:17:15 raspberrypi avahi-daemon[2277]: Registering new address record for 172.16.6.83 on eth0.IPv4.
Dec  5 09:17:15 raspberrypi dhcpcd[1940]: eth0: adding route to 172.16.6.0/24
Dec  5 09:17:15 raspberrypi dhcpcd[1940]: eth0: adding default route via 172.16.6.253
Dec  5 09:17:16 raspberrypi /etc/mysql/debian-start[2971]: Upgrading MySQL tables if necessary.
Dec  5 09:17:16 raspberrypi dhcpcd[1940]: forked to background, child pid 2993
Dec  5 09:17:16 raspberrypi /etc/mysql/debian-start[2977]: /usr/bin/mysql_upgrade: the '--basedir' option is always ignored
Dec  5 09:17:16 raspberrypi /etc/mysql/debian-start[2977]: Looking for 'mysql' as: /usr/bin/mysql
Dec  5 09:17:16 raspberrypi /etc/mysql/debian-start[2977]: Looking for 'mysqlcheck' as: /usr/bin/mysqlcheck
Dec  5 09:17:16 raspberrypi /etc/mysql/debian-start[2977]: This installation of MySQL is already upgraded to 5.5.47, use --force if you still need to run mysql_upgrade
Dec  5 09:17:16 raspberrypi /etc/mysql/debian-start[3019]: Checking for insecure root accounts.
Dec  5 09:17:16 raspberrypi /etc/mysql/debian-start[3024]: Triggering myisam-recover for all MyISAM tables
Dec  5 09:17:17 raspberrypi ntpd[2177]: Listen normally on 2 eth0 172.16.6.83 UDP 123
Dec  5 09:17:17 raspberrypi ntpd[2177]: peers refreshed
Dec  5 09:17:19 raspberrypi ntpd_intres[2212]: DNS 0.debian.pool.ntp.org -> 212.59.0.2
Dec  5 09:17:19 raspberrypi ntpd_intres[2212]: DNS 1.debian.pool.ntp.org -> 193.219.61.110
Dec  5 09:17:19 raspberrypi ntpd_intres[2212]: DNS 2.debian.pool.ntp.org -> 193.6.176.59
Dec  5 09:17:19 raspberrypi ntpd_intres[2212]: DNS 3.debian.pool.ntp.org -> 176.9.40.142
Dec  5 10:17:01 raspberrypi /USR/SBIN/CRON[3154]: (root) CMD (   cd / && run-parts --report /etc/cron.hourly)
Dec  5 11:17:01 raspberrypi /USR/SBIN/CRON[3197]: (root) CMD (   cd / && run-parts --report /etc/cron.hourly)
Dec  5 12:17:01 raspberrypi /USR/SBIN/CRON[3239]: (root) CMD (   cd / && run-parts --report /etc/cron.hourly)
Dec  5 13:17:01 raspberrypi /USR/SBIN/CRON[3282]: (root) CMD (   cd / && run-parts --report /etc/cron.hourly)
Dec  5 14:17:01 raspberrypi /USR/SBIN/CRON[3370]: (root) CMD (   cd / && run-parts --report /etc/cron.hourly)
Dec  5 15:17:01 raspberrypi /USR/SBIN/CRON[3410]: (root) CMD (   cd / && run-parts --report /etc/cron.hourly)
Dec  5 15:28:20 raspberrypi init: Trying to re-exec init
Dec  5 15:30:45 raspberrypi mysqld: 161205 15:30:45 [Note] /usr/sbin/mysqld: Normal shutdown
Dec  5 15:30:45 raspberrypi mysqld: 
Dec  5 15:30:45 raspberrypi mysqld: 161205 15:30:45 [Note] Event Scheduler: Purging the queue. 0 events
Dec  5 15:30:47 raspberrypi mysqld: 161205 15:30:47 [Warning] /usr/sbin/mysqld: Forcing close of thread 38  user: 'root'
Dec  5 15:30:47 raspberrypi mysqld: 
Dec  5 15:30:47 raspberrypi mysqld: 161205 15:30:47  InnoDB: Starting shutdown...
Dec  5 15:30:49 raspberrypi mysqld: 161205 15:30:49  InnoDB: Shutdown completed; log sequence number 5287325855
Dec  5 15:30:49 raspberrypi mysqld: 161205 15:30:49 [Note] /usr/sbin/mysqld: Shutdown complete
Dec  5 15:30:49 raspberrypi mysqld: 
Dec  5 15:30:51 raspberrypi mysqld_safe: mysqld from pid file /var/run/mysqld/mysqld.pid ended
Dec  5 15:31:50 raspberrypi ntpd[2177]: ntpd exiting on signal 15
Dec  5 15:37:22 raspberrypi dbus[2215]: [system] Reloaded configuration
Dec  5 15:37:22 raspberrypi dbus[2215]: [system] Reloaded configuration
Dec  5 15:37:22 raspberrypi dbus[2215]: [system] Reloaded configuration
Dec  5 15:37:22 raspberrypi dbus[2215]: [system] Reloaded configuration
Dec  5 15:37:22 raspberrypi dbus[2215]: [system] Reloaded configuration
Dec  5 15:41:22 raspberrypi mysqld_safe[20746]: 161205 15:41:22 [Warning] Using unique option prefix key_buffer instead of key_buffer_size is deprecated and will be removed in a future release. Please use the full name instead.
Dec  5 15:41:22 raspberrypi mysqld_safe[20746]: 161205 15:41:22 [Note] Ignoring --secure-file-priv value as server is running with --bootstrap.
Dec  5 15:41:22 raspberrypi mysqld_safe[20746]: 161205 15:41:22 [Note] /usr/sbin/mysqld (mysqld 5.5.53-0+deb7u1) starting as process 20766 ...
Dec  5 15:41:22 raspberrypi mysqld_safe[20746]: 161205 15:41:22 [Warning] Using unique option prefix key_buffer instead of key_buffer_size is deprecated and will be removed in a future release. Please use the full name instead.
Dec  5 15:41:22 raspberrypi mysqld_safe[20746]: 161205 15:41:22 [Note] Ignoring --secure-file-priv value as server is running with --bootstrap.
Dec  5 15:41:22 raspberrypi mysqld_safe[20746]: 161205 15:41:22 [Note] /usr/sbin/mysqld (mysqld 5.5.53-0+deb7u1) starting as process 20773 ...
Dec  5 15:41:23 raspberrypi mysqld_safe[20746]: 
Dec  5 15:41:23 raspberrypi mysqld_safe[20746]: PLEASE REMEMBER TO SET A PASSWORD FOR THE MySQL root USER !
Dec  5 15:41:23 raspberrypi mysqld_safe[20746]: To do so, start the server, then issue the following commands:
Dec  5 15:41:23 raspberrypi mysqld_safe[20746]: 
Dec  5 15:41:23 raspberrypi mysqld_safe[20746]: /usr/bin/mysqladmin -u root password 'new-password'
Dec  5 15:41:23 raspberrypi mysqld_safe[20746]: /usr/bin/mysqladmin -u root -h raspberrypi password 'new-password'
Dec  5 15:41:23 raspberrypi mysqld_safe[20746]: 
Dec  5 15:41:23 raspberrypi mysqld_safe[20746]: Alternatively you can run:
Dec  5 15:41:23 raspberrypi mysqld_safe[20746]: /usr/bin/mysql_secure_installation
Dec  5 15:41:23 raspberrypi mysqld_safe[20746]: 
Dec  5 15:41:23 raspberrypi mysqld_safe[20746]: which will also give you the option of removing the test
Dec  5 15:41:23 raspberrypi mysqld_safe[20746]: databases and anonymous user created by default.  This is
Dec  5 15:41:23 raspberrypi mysqld_safe[20746]: strongly recommended for production servers.
Dec  5 15:41:23 raspberrypi mysqld_safe[20746]: 
Dec  5 15:41:23 raspberrypi mysqld_safe[20746]: See the manual for more instructions.
Dec  5 15:41:23 raspberrypi mysqld_safe[20746]: 
Dec  5 15:41:23 raspberrypi mysqld_safe[20746]: Please report any problems at http://bugs.mysql.com/
Dec  5 15:41:23 raspberrypi mysqld_safe[20746]: 
Dec  5 15:41:23 raspberrypi mysqld_safe[20791]: 161205 15:41:23 [Warning] Using unique option prefix key_buffer instead of key_buffer_size is deprecated and will be removed in a future release. Please use the full name instead.
Dec  5 15:41:23 raspberrypi mysqld_safe[20791]: 161205 15:41:23 [Note] Ignoring --secure-file-priv value as server is running with --bootstrap.
Dec  5 15:41:23 raspberrypi mysqld_safe[20791]: 161205 15:41:23 [Note] /usr/sbin/mysqld (mysqld 5.5.53-0+deb7u1) starting as process 20790 ...
Dec  5 15:41:23 raspberrypi mysqld_safe[20791]: 161205 15:41:23 [Warning] Using unique option prefix myisam-recover instead of myisam-recover-options is deprecated and will be removed in a future release. Please use the full name instead.
Dec  5 15:41:23 raspberrypi mysqld_safe[20791]: 161205 15:41:23 [Note] Plugin 'FEDERATED' is disabled.
Dec  5 15:41:23 raspberrypi mysqld_safe[20791]: 161205 15:41:23 InnoDB: The InnoDB memory heap is disabled
Dec  5 15:41:23 raspberrypi mysqld_safe[20791]: 161205 15:41:23 InnoDB: Mutexes and rw_locks use GCC atomic builtins
Dec  5 15:41:23 raspberrypi mysqld_safe[20791]: 161205 15:41:23 InnoDB: Compressed tables use zlib 1.2.7
Dec  5 15:41:23 raspberrypi mysqld_safe[20791]: 161205 15:41:23 InnoDB: Using Linux native AIO
Dec  5 15:41:23 raspberrypi mysqld_safe[20791]: 161205 15:41:23 InnoDB: Initializing buffer pool, size = 128.0M
Dec  5 15:41:23 raspberrypi mysqld_safe[20791]: 161205 15:41:23 InnoDB: Completed initialization of buffer pool
Dec  5 15:41:23 raspberrypi mysqld_safe[20791]: 161205 15:41:23 InnoDB: highest supported file format is Barracuda.
Dec  5 15:41:24 raspberrypi mysqld_safe[20791]: 161205 15:41:24  InnoDB: Waiting for the background threads to start
Dec  5 15:41:25 raspberrypi mysqld_safe[20791]: 161205 15:41:25 InnoDB: 5.5.53 started; log sequence number 5287325855
Dec  5 15:41:25 raspberrypi mysqld_safe[20791]: 161205 15:41:25  InnoDB: Starting shutdown...
Dec  5 15:41:26 raspberrypi mysqld_safe[20791]: 161205 15:41:26  InnoDB: Shutdown completed; log sequence number 5287325855
Dec  5 15:41:27 raspberrypi mysqld_safe[20816]: 161205 15:41:27 [Warning] Using unique option prefix key_buffer instead of key_buffer_size is deprecated and will be removed in a future release. Please use the full name instead.
Dec  5 15:41:27 raspberrypi mysqld_safe[20816]: 161205 15:41:27 [Note] Ignoring --secure-file-priv value as server is running with --bootstrap.
Dec  5 15:41:27 raspberrypi mysqld_safe[20816]: 161205 15:41:27 [Note] /usr/sbin/mysqld (mysqld 5.5.53-0+deb7u1) starting as process 20815 ...
Dec  5 15:41:27 raspberrypi mysqld_safe[20816]: 161205 15:41:27 [Warning] Using unique option prefix myisam-recover instead of myisam-recover-options is deprecated and will be removed in a future release. Please use the full name instead.
Dec  5 15:41:27 raspberrypi mysqld_safe[20816]: 161205 15:41:27 [Note] Plugin 'FEDERATED' is disabled.
Dec  5 15:41:27 raspberrypi mysqld_safe[20816]: 161205 15:41:27 InnoDB: The InnoDB memory heap is disabled
Dec  5 15:41:27 raspberrypi mysqld_safe[20816]: 161205 15:41:27 InnoDB: Mutexes and rw_locks use GCC atomic builtins
Dec  5 15:41:27 raspberrypi mysqld_safe[20816]: 161205 15:41:27 InnoDB: Compressed tables use zlib 1.2.7
Dec  5 15:41:27 raspberrypi mysqld_safe[20816]: 161205 15:41:27 InnoDB: Using Linux native AIO
Dec  5 15:41:27 raspberrypi mysqld_safe[20816]: 161205 15:41:27 InnoDB: Initializing buffer pool, size = 128.0M
Dec  5 15:41:27 raspberrypi mysqld_safe[20816]: 161205 15:41:27 InnoDB: Completed initialization of buffer pool
Dec  5 15:41:27 raspberrypi mysqld_safe[20816]: 161205 15:41:27 InnoDB: highest supported file format is Barracuda.
Dec  5 15:41:27 raspberrypi mysqld_safe[20816]: 161205 15:41:27  InnoDB: Waiting for the background threads to start
Dec  5 15:41:28 raspberrypi mysqld_safe[20816]: 161205 15:41:28 InnoDB: 5.5.53 started; log sequence number 5287325855
Dec  5 15:41:28 raspberrypi mysqld_safe[20816]: ERROR: 1064  You have an error in your SQL syntax; check the manual that corresponds to your MySQL server version for the right syntax to use near 'ALTER TABLE user ADD column Show_view_priv enum('N','Y') CHARACTER SET utf8 NOT ' at line 1
Dec  5 15:41:28 raspberrypi mysqld_safe[20816]: 161205 15:41:28 [ERROR] Aborting
Dec  5 15:41:28 raspberrypi mysqld_safe[20816]: 
Dec  5 15:41:28 raspberrypi mysqld_safe[20816]: 161205 15:41:28  InnoDB: Starting shutdown...
Dec  5 15:41:29 raspberrypi mysqld_safe[20816]: 161205 15:41:29  InnoDB: Shutdown completed; log sequence number 5287325855
Dec  5 15:41:29 raspberrypi mysqld_safe[20816]: 161205 15:41:29 [Note] /usr/sbin/mysqld: Shutdown complete
Dec  5 15:41:29 raspberrypi mysqld_safe[20816]: 
Dec  5 15:41:30 raspberrypi mysqld_safe[20837]: 161205 15:41:30 [Warning] Using unique option prefix key_buffer instead of key_buffer_size is deprecated and will be removed in a future release. Please use the full name instead.
Dec  5 15:41:30 raspberrypi mysqld_safe[20837]: 161205 15:41:30 [Note] Ignoring --secure-file-priv value as server is running with --bootstrap.
Dec  5 15:41:30 raspberrypi mysqld_safe[20837]: 161205 15:41:30 [Note] /usr/sbin/mysqld (mysqld 5.5.53-0+deb7u1) starting as process 20836 ...
Dec  5 15:41:30 raspberrypi mysqld_safe[20837]: 161205 15:41:30 [Warning] Using unique option prefix myisam-recover instead of myisam-recover-options is deprecated and will be removed in a future release. Please use the full name instead.
Dec  5 15:41:30 raspberrypi mysqld_safe[20837]: 161205 15:41:30 [Note] Plugin 'FEDERATED' is disabled.
Dec  5 15:41:30 raspberrypi mysqld_safe[20837]: 161205 15:41:30 InnoDB: The InnoDB memory heap is disabled
Dec  5 15:41:30 raspberrypi mysqld_safe[20837]: 161205 15:41:30 InnoDB: Mutexes and rw_locks use GCC atomic builtins
Dec  5 15:41:30 raspberrypi mysqld_safe[20837]: 161205 15:41:30 InnoDB: Compressed tables use zlib 1.2.7
Dec  5 15:41:30 raspberrypi mysqld_safe[20837]: 161205 15:41:30 InnoDB: Using Linux native AIO
Dec  5 15:41:30 raspberrypi mysqld_safe[20837]: 161205 15:41:30 InnoDB: Initializing buffer pool, size = 128.0M
Dec  5 15:41:30 raspberrypi mysqld_safe[20837]: 161205 15:41:30 InnoDB: Completed initialization of buffer pool
Dec  5 15:41:30 raspberrypi mysqld_safe[20837]: 161205 15:41:30 InnoDB: highest supported file format is Barracuda.
Dec  5 15:41:31 raspberrypi mysqld_safe[20837]: 161205 15:41:31  InnoDB: Waiting for the background threads to start
Dec  5 15:41:32 raspberrypi mysqld_safe[20837]: 161205 15:41:32 InnoDB: 5.5.53 started; log sequence number 5287325855
Dec  5 15:41:32 raspberrypi mysqld_safe[20837]: 161205 15:41:32  InnoDB: Starting shutdown...
Dec  5 15:41:33 raspberrypi mysqld_safe[20837]: 161205 15:41:33  InnoDB: Shutdown completed; log sequence number 5287325855
Dec  5 15:41:34 raspberrypi mysqld_safe[20858]: 161205 15:41:34 [Warning] Using unique option prefix key_buffer instead of key_buffer_size is deprecated and will be removed in a future release. Please use the full name instead.
Dec  5 15:41:34 raspberrypi mysqld_safe[20858]: 161205 15:41:34 [Note] Ignoring --secure-file-priv value as server is running with --bootstrap.
Dec  5 15:41:34 raspberrypi mysqld_safe[20858]: 161205 15:41:34 [Note] /usr/sbin/mysqld (mysqld 5.5.53-0+deb7u1) starting as process 20857 ...
Dec  5 15:41:34 raspberrypi mysqld_safe[20858]: 161205 15:41:34 [Warning] Using unique option prefix myisam-recover instead of myisam-recover-options is deprecated and will be removed in a future release. Please use the full name instead.
Dec  5 15:41:34 raspberrypi mysqld_safe[20858]: 161205 15:41:34 [Note] Plugin 'FEDERATED' is disabled.
Dec  5 15:41:34 raspberrypi mysqld_safe[20858]: 161205 15:41:34 InnoDB: The InnoDB memory heap is disabled
Dec  5 15:41:34 raspberrypi mysqld_safe[20858]: 161205 15:41:34 InnoDB: Mutexes and rw_locks use GCC atomic builtins
Dec  5 15:41:34 raspberrypi mysqld_safe[20858]: 161205 15:41:34 InnoDB: Compressed tables use zlib 1.2.7
Dec  5 15:41:34 raspberrypi mysqld_safe[20858]: 161205 15:41:34 InnoDB: Using Linux native AIO
Dec  5 15:41:34 raspberrypi mysqld_safe[20858]: 161205 15:41:34 InnoDB: Initializing buffer pool, size = 128.0M
Dec  5 15:41:34 raspberrypi mysqld_safe[20858]: 161205 15:41:34 InnoDB: Completed initialization of buffer pool
Dec  5 15:41:34 raspberrypi mysqld_safe[20858]: 161205 15:41:34 InnoDB: highest supported file format is Barracuda.
Dec  5 15:41:34 raspberrypi mysqld_safe[20858]: 161205 15:41:34  InnoDB: Waiting for the background threads to start
Dec  5 15:41:35 raspberrypi mysqld_safe[20858]: 161205 15:41:35 InnoDB: 5.5.53 started; log sequence number 5287325855
Dec  5 15:41:35 raspberrypi mysqld_safe[20858]: ERROR: 1050  Table 'plugin' already exists
Dec  5 15:41:35 raspberrypi mysqld_safe[20858]: 161205 15:41:35 [ERROR] Aborting
Dec  5 15:41:35 raspberrypi mysqld_safe[20858]: 
Dec  5 15:41:35 raspberrypi mysqld_safe[20858]: 161205 15:41:35  InnoDB: Starting shutdown...
Dec  5 15:41:36 raspberrypi mysqld_safe[20858]: 161205 15:41:36  InnoDB: Shutdown completed; log sequence number 5287325855
Dec  5 15:41:36 raspberrypi mysqld_safe[20858]: 161205 15:41:36 [Note] /usr/sbin/mysqld: Shutdown complete
Dec  5 15:41:36 raspberrypi mysqld_safe[20858]: 
Dec  5 15:41:38 raspberrypi mysqld_safe: Starting mysqld daemon with databases from /var/lib/mysql
Dec  5 15:41:38 raspberrypi mysqld: 161205 15:41:38 [Warning] Using unique option prefix key_buffer instead of key_buffer_size is deprecated and will be removed in a future release. Please use the full name instead.
Dec  5 15:41:38 raspberrypi mysqld: 161205 15:41:38 [Note] /usr/sbin/mysqld (mysqld 5.5.53-0+deb7u1) starting as process 21293 ...
Dec  5 15:41:38 raspberrypi mysqld: 161205 15:41:38 [Warning] Using unique option prefix myisam-recover instead of myisam-recover-options is deprecated and will be removed in a future release. Please use the full name instead.
