Nov 15 06:25:14 raspberrypi rsyslogd: [origin software="rsyslogd" swVersion="5.8.11" x-pid="1985" x-info="http://www.rsyslog.com"] rsyslogd was HUPed
Nov 15 06:27:51 raspberrypi ntpd_intres[2248]: host name not found EAI_NODATA: 0.debian.pool.ntp.org
Nov 15 06:27:51 raspberrypi ntpd_intres[2248]: host name not found EAI_NODATA: 1.debian.pool.ntp.org
Nov 15 06:27:51 raspberrypi ntpd_intres[2248]: host name not found EAI_NODATA: 2.debian.pool.ntp.org
Nov 15 06:27:51 raspberrypi ntpd_intres[2248]: host name not found EAI_NODATA: 3.debian.pool.ntp.org
Nov 15 06:43:53 raspberrypi ntpd_intres[2248]: host name not found EAI_NODATA: 0.debian.pool.ntp.org
Nov 15 06:43:53 raspberrypi ntpd_intres[2248]: host name not found EAI_NODATA: 1.debian.pool.ntp.org
Nov 15 06:43:53 raspberrypi ntpd_intres[2248]: host name not found EAI_NODATA: 2.debian.pool.ntp.org
Nov 15 06:43:53 raspberrypi ntpd_intres[2248]: host name not found EAI_NODATA: 3.debian.pool.ntp.org
Nov 15 06:59:56 raspberrypi ntpd_intres[2248]: host name not found EAI_NODATA: 0.debian.pool.ntp.org
Nov 15 06:59:56 raspberrypi ntpd_intres[2248]: host name not found EAI_NODATA: 1.debian.pool.ntp.org
Nov 15 06:59:56 raspberrypi ntpd_intres[2248]: host name not found EAI_NODATA: 2.debian.pool.ntp.org
Nov 15 06:59:56 raspberrypi ntpd_intres[2248]: host name not found EAI_NODATA: 3.debian.pool.ntp.org
Nov 15 07:15:58 raspberrypi ntpd_intres[2248]: host name not found EAI_NODATA: 0.debian.pool.ntp.org
Nov 15 07:15:58 raspberrypi ntpd_intres[2248]: host name not found EAI_NODATA: 1.debian.pool.ntp.org
Nov 15 07:15:58 raspberrypi ntpd_intres[2248]: host name not found EAI_NODATA: 2.debian.pool.ntp.org
Nov 15 07:15:58 raspberrypi ntpd_intres[2248]: host name not found EAI_NODATA: 3.debian.pool.ntp.org
Nov 15 07:17:01 raspberrypi /USR/SBIN/CRON[3491]: (root) CMD (   cd / && run-parts --report /etc/cron.hourly)
Nov 15 07:32:01 raspberrypi ntpd_intres[2248]: host name not found EAI_NODATA: 0.debian.pool.ntp.org
Nov 15 07:32:01 raspberrypi ntpd_intres[2248]: host name not found EAI_NODATA: 1.debian.pool.ntp.org
Nov 15 07:32:01 raspberrypi ntpd_intres[2248]: host name not found EAI_NODATA: 2.debian.pool.ntp.org
Nov 15 07:32:01 raspberrypi ntpd_intres[2248]: host name not found EAI_NODATA: 3.debian.pool.ntp.org
Nov 15 07:48:03 raspberrypi ntpd_intres[2248]: host name not found EAI_NODATA: 0.debian.pool.ntp.org
Nov 15 07:48:03 raspberrypi ntpd_intres[2248]: host name not found EAI_NODATA: 1.debian.pool.ntp.org
Nov 15 07:48:03 raspberrypi ntpd_intres[2248]: host name not found EAI_NODATA: 2.debian.pool.ntp.org
Nov 15 07:48:03 raspberrypi ntpd_intres[2248]: host name not found EAI_NODATA: 3.debian.pool.ntp.org
Nov 15 08:04:06 raspberrypi ntpd_intres[2248]: host name not found EAI_NODATA: 0.debian.pool.ntp.org
Nov 15 08:04:06 raspberrypi ntpd_intres[2248]: host name not found EAI_NODATA: 1.debian.pool.ntp.org
Nov 15 08:04:06 raspberrypi ntpd_intres[2248]: host name not found EAI_NODATA: 2.debian.pool.ntp.org
Nov 15 08:04:06 raspberrypi ntpd_intres[2248]: host name not found EAI_NODATA: 3.debian.pool.ntp.org
Nov 15 08:17:01 raspberrypi /USR/SBIN/CRON[3505]: (root) CMD (   cd / && run-parts --report /etc/cron.hourly)
Nov 15 08:20:09 raspberrypi ntpd_intres[2248]: host name not found EAI_NODATA: 0.debian.pool.ntp.org
Nov 15 08:20:09 raspberrypi ntpd_intres[2248]: host name not found EAI_NODATA: 1.debian.pool.ntp.org
Nov 15 08:20:09 raspberrypi ntpd_intres[2248]: host name not found EAI_NODATA: 2.debian.pool.ntp.org
Nov 15 08:20:09 raspberrypi ntpd_intres[2248]: host name not found EAI_NODATA: 3.debian.pool.ntp.org
Nov 15 08:36:11 raspberrypi ntpd_intres[2248]: host name not found EAI_NODATA: 0.debian.pool.ntp.org
Nov 15 08:36:11 raspberrypi ntpd_intres[2248]: host name not found EAI_NODATA: 1.debian.pool.ntp.org
Nov 15 08:36:11 raspberrypi ntpd_intres[2248]: host name not found EAI_NODATA: 2.debian.pool.ntp.org
Nov 15 08:36:11 raspberrypi ntpd_intres[2248]: host name not found EAI_NODATA: 3.debian.pool.ntp.org
Nov 15 08:52:14 raspberrypi ntpd_intres[2248]: host name not found EAI_NODATA: 0.debian.pool.ntp.org
Nov 15 08:52:14 raspberrypi ntpd_intres[2248]: host name not found EAI_NODATA: 1.debian.pool.ntp.org
Nov 15 08:52:14 raspberrypi ntpd_intres[2248]: host name not found EAI_NODATA: 2.debian.pool.ntp.org
Nov 15 08:52:14 raspberrypi ntpd_intres[2248]: host name not found EAI_NODATA: 3.debian.pool.ntp.org
Nov 15 09:08:17 raspberrypi ntpd_intres[2248]: host name not found EAI_NODATA: 0.debian.pool.ntp.org
Nov 15 09:08:17 raspberrypi ntpd_intres[2248]: host name not found EAI_NODATA: 1.debian.pool.ntp.org
Nov 15 09:08:17 raspberrypi ntpd_intres[2248]: host name not found EAI_NODATA: 2.debian.pool.ntp.org
Nov 15 09:08:17 raspberrypi ntpd_intres[2248]: host name not found EAI_NODATA: 3.debian.pool.ntp.org
Nov 15 09:17:01 raspberrypi /USR/SBIN/CRON[3521]: (root) CMD (   cd / && run-parts --report /etc/cron.hourly)
Nov 15 09:24:19 raspberrypi ntpd_intres[2248]: host name not found EAI_NODATA: 0.debian.pool.ntp.org
Nov 15 09:24:19 raspberrypi ntpd_intres[2248]: host name not found EAI_NODATA: 1.debian.pool.ntp.org
Nov 15 09:24:19 raspberrypi ntpd_intres[2248]: host name not found EAI_NODATA: 2.debian.pool.ntp.org
Nov 15 09:24:19 raspberrypi ntpd_intres[2248]: host name not found EAI_NODATA: 3.debian.pool.ntp.org
Nov 15 09:40:22 raspberrypi ntpd_intres[2248]: host name not found EAI_NODATA: 0.debian.pool.ntp.org
Nov 15 09:40:22 raspberrypi ntpd_intres[2248]: host name not found EAI_NODATA: 1.debian.pool.ntp.org
Nov 15 09:40:22 raspberrypi ntpd_intres[2248]: host name not found EAI_NODATA: 2.debian.pool.ntp.org
Nov 15 09:40:22 raspberrypi ntpd_intres[2248]: host name not found EAI_NODATA: 3.debian.pool.ntp.org
Nov 15 09:56:25 raspberrypi ntpd_intres[2248]: host name not found EAI_NODATA: 0.debian.pool.ntp.org
Nov 15 09:56:25 raspberrypi ntpd_intres[2248]: host name not found EAI_NODATA: 1.debian.pool.ntp.org
Nov 15 09:56:25 raspberrypi ntpd_intres[2248]: host name not found EAI_NODATA: 2.debian.pool.ntp.org
Nov 15 09:56:25 raspberrypi ntpd_intres[2248]: host name not found EAI_NODATA: 3.debian.pool.ntp.org
Nov 15 10:12:28 raspberrypi ntpd_intres[2248]: host name not found EAI_NODATA: 0.debian.pool.ntp.org
Nov 15 10:12:28 raspberrypi ntpd_intres[2248]: host name not found EAI_NODATA: 1.debian.pool.ntp.org
Nov 15 10:12:28 raspberrypi ntpd_intres[2248]: host name not found EAI_NODATA: 2.debian.pool.ntp.org
Nov 15 10:12:28 raspberrypi ntpd_intres[2248]: host name not found EAI_NODATA: 3.debian.pool.ntp.org
Nov 15 10:17:01 raspberrypi /USR/SBIN/CRON[3535]: (root) CMD (   cd / && run-parts --report /etc/cron.hourly)
Nov 15 10:28:30 raspberrypi ntpd_intres[2248]: host name not found EAI_NODATA: 0.debian.pool.ntp.org
Nov 15 10:28:30 raspberrypi ntpd_intres[2248]: host name not found EAI_NODATA: 1.debian.pool.ntp.org
Nov 15 10:28:30 raspberrypi ntpd_intres[2248]: host name not found EAI_NODATA: 2.debian.pool.ntp.org
Nov 15 10:28:30 raspberrypi ntpd_intres[2248]: host name not found EAI_NODATA: 3.debian.pool.ntp.org
Nov 15 10:44:33 raspberrypi ntpd_intres[2248]: host name not found EAI_NODATA: 0.debian.pool.ntp.org
Nov 15 10:44:33 raspberrypi ntpd_intres[2248]: host name not found EAI_NODATA: 1.debian.pool.ntp.org
Nov 15 10:44:33 raspberrypi ntpd_intres[2248]: host name not found EAI_NODATA: 2.debian.pool.ntp.org
Nov 15 10:44:33 raspberrypi ntpd_intres[2248]: host name not found EAI_NODATA: 3.debian.pool.ntp.org
Nov 15 11:00:35 raspberrypi ntpd_intres[2248]: host name not found EAI_NODATA: 0.debian.pool.ntp.org
Nov 15 11:00:35 raspberrypi ntpd_intres[2248]: host name not found EAI_NODATA: 1.debian.pool.ntp.org
Nov 15 11:00:35 raspberrypi ntpd_intres[2248]: host name not found EAI_NODATA: 2.debian.pool.ntp.org
Nov 15 11:00:35 raspberrypi ntpd_intres[2248]: host name not found EAI_NODATA: 3.debian.pool.ntp.org
Nov 15 11:16:38 raspberrypi ntpd_intres[2248]: host name not found EAI_NODATA: 0.debian.pool.ntp.org
Nov 15 11:16:38 raspberrypi ntpd_intres[2248]: host name not found EAI_NODATA: 1.debian.pool.ntp.org
Nov 15 11:16:38 raspberrypi ntpd_intres[2248]: host name not found EAI_NODATA: 2.debian.pool.ntp.org
Nov 15 11:16:38 raspberrypi ntpd_intres[2248]: host name not found EAI_NODATA: 3.debian.pool.ntp.org
Nov 15 11:17:01 raspberrypi /USR/SBIN/CRON[3548]: (root) CMD (   cd / && run-parts --report /etc/cron.hourly)
Nov 15 11:32:40 raspberrypi ntpd_intres[2248]: host name not found EAI_NODATA: 0.debian.pool.ntp.org
Nov 15 11:32:40 raspberrypi ntpd_intres[2248]: host name not found EAI_NODATA: 1.debian.pool.ntp.org
Nov 15 11:32:40 raspberrypi ntpd_intres[2248]: host name not found EAI_NODATA: 2.debian.pool.ntp.org
Nov 15 11:32:40 raspberrypi ntpd_intres[2248]: host name not found EAI_NODATA: 3.debian.pool.ntp.org
Nov 15 11:48:42 raspberrypi ntpd_intres[2248]: host name not found EAI_NODATA: 0.debian.pool.ntp.org
Nov 15 11:48:42 raspberrypi ntpd_intres[2248]: host name not found EAI_NODATA: 1.debian.pool.ntp.org
Nov 15 11:48:42 raspberrypi ntpd_intres[2248]: host name not found EAI_NODATA: 2.debian.pool.ntp.org
Nov 15 11:48:42 raspberrypi ntpd_intres[2248]: host name not found EAI_NODATA: 3.debian.pool.ntp.org
Nov 15 12:04:44 raspberrypi ntpd_intres[2248]: host name not found EAI_NODATA: 0.debian.pool.ntp.org
Nov 15 12:04:44 raspberrypi ntpd_intres[2248]: host name not found EAI_NODATA: 1.debian.pool.ntp.org
Nov 15 12:04:44 raspberrypi ntpd_intres[2248]: host name not found EAI_NODATA: 2.debian.pool.ntp.org
Nov 15 12:04:44 raspberrypi ntpd_intres[2248]: host name not found EAI_NODATA: 3.debian.pool.ntp.org
Nov 15 12:17:01 raspberrypi /USR/SBIN/CRON[3559]: (root) CMD (   cd / && run-parts --report /etc/cron.hourly)
Nov 15 12:20:46 raspberrypi ntpd_intres[2248]: host name not found EAI_NODATA: 0.debian.pool.ntp.org
Nov 15 12:20:46 raspberrypi ntpd_intres[2248]: host name not found EAI_NODATA: 1.debian.pool.ntp.org
Nov 15 12:20:46 raspberrypi ntpd_intres[2248]: host name not found EAI_NODATA: 2.debian.pool.ntp.org
Nov 15 12:20:46 raspberrypi ntpd_intres[2248]: host name not found EAI_NODATA: 3.debian.pool.ntp.org
Nov 15 12:36:49 raspberrypi ntpd_intres[2248]: host name not found EAI_NODATA: 0.debian.pool.ntp.org
Nov 15 12:36:49 raspberrypi ntpd_intres[2248]: host name not found EAI_NODATA: 1.debian.pool.ntp.org
Nov 15 12:36:49 raspberrypi ntpd_intres[2248]: host name not found EAI_NODATA: 2.debian.pool.ntp.org
Nov 15 12:36:49 raspberrypi ntpd_intres[2248]: host name not found EAI_NODATA: 3.debian.pool.ntp.org
Nov 15 12:52:51 raspberrypi ntpd_intres[2248]: host name not found EAI_NODATA: 0.debian.pool.ntp.org
Nov 15 12:52:51 raspberrypi ntpd_intres[2248]: host name not found EAI_NODATA: 1.debian.pool.ntp.org
Nov 15 12:52:51 raspberrypi ntpd_intres[2248]: host name not found EAI_NODATA: 2.debian.pool.ntp.org
Nov 15 12:52:51 raspberrypi ntpd_intres[2248]: host name not found EAI_NODATA: 3.debian.pool.ntp.org
Nov 15 13:08:53 raspberrypi ntpd_intres[2248]: host name not found EAI_NODATA: 0.debian.pool.ntp.org
Nov 15 13:08:53 raspberrypi ntpd_intres[2248]: host name not found EAI_NODATA: 1.debian.pool.ntp.org
Nov 15 13:08:53 raspberrypi ntpd_intres[2248]: host name not found EAI_NODATA: 2.debian.pool.ntp.org
Nov 15 13:08:53 raspberrypi ntpd_intres[2248]: host name not found EAI_NODATA: 3.debian.pool.ntp.org
Nov 15 13:17:01 raspberrypi /USR/SBIN/CRON[3573]: (root) CMD (   cd / && run-parts --report /etc/cron.hourly)
Nov 15 13:24:56 raspberrypi ntpd_intres[2248]: host name not found EAI_NODATA: 0.debian.pool.ntp.org
Nov 15 13:24:56 raspberrypi ntpd_intres[2248]: host name not found EAI_NODATA: 1.debian.pool.ntp.org
Nov 15 13:24:56 raspberrypi ntpd_intres[2248]: host name not found EAI_NODATA: 2.debian.pool.ntp.org
Nov 15 13:24:56 raspberrypi ntpd_intres[2248]: host name not found EAI_NODATA: 3.debian.pool.ntp.org
Nov 15 13:40:58 raspberrypi ntpd_intres[2248]: host name not found EAI_NODATA: 0.debian.pool.ntp.org
Nov 15 13:40:58 raspberrypi ntpd_intres[2248]: host name not found EAI_NODATA: 1.debian.pool.ntp.org
Nov 15 13:40:58 raspberrypi ntpd_intres[2248]: host name not found EAI_NODATA: 2.debian.pool.ntp.org
Nov 15 13:40:58 raspberrypi ntpd_intres[2248]: host name not found EAI_NODATA: 3.debian.pool.ntp.org
Nov 15 13:57:00 raspberrypi ntpd_intres[2248]: host name not found EAI_NODATA: 0.debian.pool.ntp.org
Nov 15 13:57:00 raspberrypi ntpd_intres[2248]: host name not found EAI_NODATA: 1.debian.pool.ntp.org
Nov 15 13:57:00 raspberrypi ntpd_intres[2248]: host name not found EAI_NODATA: 2.debian.pool.ntp.org
Nov 15 13:57:00 raspberrypi ntpd_intres[2248]: host name not found EAI_NODATA: 3.debian.pool.ntp.org
Nov 15 14:13:03 raspberrypi ntpd_intres[2248]: host name not found EAI_NODATA: 0.debian.pool.ntp.org
Nov 15 14:13:03 raspberrypi ntpd_intres[2248]: host name not found EAI_NODATA: 1.debian.pool.ntp.org
Nov 15 14:13:03 raspberrypi ntpd_intres[2248]: host name not found EAI_NODATA: 2.debian.pool.ntp.org
Nov 15 14:13:03 raspberrypi ntpd_intres[2248]: host name not found EAI_NODATA: 3.debian.pool.ntp.org
Nov 15 14:17:01 raspberrypi /USR/SBIN/CRON[3586]: (root) CMD (   cd / && run-parts --report /etc/cron.hourly)
Nov 15 14:29:05 raspberrypi ntpd_intres[2248]: host name not found EAI_NODATA: 0.debian.pool.ntp.org
Nov 15 14:29:05 raspberrypi ntpd_intres[2248]: host name not found EAI_NODATA: 1.debian.pool.ntp.org
Nov 15 14:29:05 raspberrypi ntpd_intres[2248]: host name not found EAI_NODATA: 2.debian.pool.ntp.org
Nov 15 14:29:05 raspberrypi ntpd_intres[2248]: host name not found EAI_NODATA: 3.debian.pool.ntp.org
Nov 15 14:45:07 raspberrypi ntpd_intres[2248]: host name not found EAI_NODATA: 0.debian.pool.ntp.org
Nov 15 14:45:07 raspberrypi ntpd_intres[2248]: host name not found EAI_NODATA: 1.debian.pool.ntp.org
Nov 15 14:45:07 raspberrypi ntpd_intres[2248]: host name not found EAI_NODATA: 2.debian.pool.ntp.org
Nov 15 14:45:07 raspberrypi ntpd_intres[2248]: host name not found EAI_NODATA: 3.debian.pool.ntp.org
Nov 15 15:01:09 raspberrypi ntpd_intres[2248]: host name not found EAI_NODATA: 0.debian.pool.ntp.org
Nov 15 15:01:09 raspberrypi ntpd_intres[2248]: host name not found EAI_NODATA: 1.debian.pool.ntp.org
Nov 15 15:01:09 raspberrypi ntpd_intres[2248]: host name not found EAI_NODATA: 2.debian.pool.ntp.org
Nov 15 15:01:09 raspberrypi ntpd_intres[2248]: host name not found EAI_NODATA: 3.debian.pool.ntp.org
Nov 15 15:17:02 raspberrypi /USR/SBIN/CRON[3600]: (root) CMD (   cd / && run-parts --report /etc/cron.hourly)
Nov 15 15:17:12 raspberrypi ntpd_intres[2248]: host name not found EAI_NODATA: 0.debian.pool.ntp.org
Nov 15 15:17:12 raspberrypi ntpd_intres[2248]: host name not found EAI_NODATA: 1.debian.pool.ntp.org
Nov 15 15:17:12 raspberrypi ntpd_intres[2248]: host name not found EAI_NODATA: 2.debian.pool.ntp.org
Nov 15 15:17:12 raspberrypi ntpd_intres[2248]: host name not found EAI_NODATA: 3.debian.pool.ntp.org
Nov 15 15:33:14 raspberrypi ntpd_intres[2248]: host name not found EAI_NODATA: 0.debian.pool.ntp.org
Nov 15 15:33:14 raspberrypi ntpd_intres[2248]: host name not found EAI_NODATA: 1.debian.pool.ntp.org
Nov 15 15:33:14 raspberrypi ntpd_intres[2248]: host name not found EAI_NODATA: 2.debian.pool.ntp.org
Nov 15 15:33:14 raspberrypi ntpd_intres[2248]: host name not found EAI_NODATA: 3.debian.pool.ntp.org
Nov 15 15:49:17 raspberrypi ntpd_intres[2248]: host name not found EAI_NODATA: 0.debian.pool.ntp.org
Nov 15 15:49:17 raspberrypi ntpd_intres[2248]: host name not found EAI_NODATA: 1.debian.pool.ntp.org
Nov 15 15:49:17 raspberrypi ntpd_intres[2248]: host name not found EAI_NODATA: 2.debian.pool.ntp.org
Nov 15 15:49:17 raspberrypi ntpd_intres[2248]: host name not found EAI_NODATA: 3.debian.pool.ntp.org
Nov 15 16:05:19 raspberrypi ntpd_intres[2248]: host name not found EAI_NODATA: 0.debian.pool.ntp.org
Nov 15 16:05:19 raspberrypi ntpd_intres[2248]: host name not found EAI_NODATA: 1.debian.pool.ntp.org
Nov 15 16:05:19 raspberrypi ntpd_intres[2248]: host name not found EAI_NODATA: 2.debian.pool.ntp.org
Nov 15 16:05:19 raspberrypi ntpd_intres[2248]: host name not found EAI_NODATA: 3.debian.pool.ntp.org
Nov 15 16:17:01 raspberrypi /USR/SBIN/CRON[3613]: (root) CMD (   cd / && run-parts --report /etc/cron.hourly)
Nov 15 16:21:21 raspberrypi ntpd_intres[2248]: host name not found EAI_NODATA: 0.debian.pool.ntp.org
Nov 15 16:21:21 raspberrypi ntpd_intres[2248]: host name not found EAI_NODATA: 1.debian.pool.ntp.org
Nov 15 16:21:21 raspberrypi ntpd_intres[2248]: host name not found EAI_NODATA: 2.debian.pool.ntp.org
Nov 15 16:21:21 raspberrypi ntpd_intres[2248]: host name not found EAI_NODATA: 3.debian.pool.ntp.org
Nov 15 16:37:24 raspberrypi ntpd_intres[2248]: host name not found EAI_NODATA: 0.debian.pool.ntp.org
Nov 15 16:37:24 raspberrypi ntpd_intres[2248]: host name not found EAI_NODATA: 1.debian.pool.ntp.org
Nov 15 16:37:24 raspberrypi ntpd_intres[2248]: host name not found EAI_NODATA: 2.debian.pool.ntp.org
Nov 15 16:37:24 raspberrypi ntpd_intres[2248]: host name not found EAI_NODATA: 3.debian.pool.ntp.org
Nov 15 16:53:26 raspberrypi ntpd_intres[2248]: host name not found EAI_NODATA: 0.debian.pool.ntp.org
Nov 15 16:53:26 raspberrypi ntpd_intres[2248]: host name not found EAI_NODATA: 1.debian.pool.ntp.org
Nov 15 16:53:26 raspberrypi ntpd_intres[2248]: host name not found EAI_NODATA: 2.debian.pool.ntp.org
Nov 15 16:53:26 raspberrypi ntpd_intres[2248]: host name not found EAI_NODATA: 3.debian.pool.ntp.org
Nov 15 17:09:28 raspberrypi ntpd_intres[2248]: host name not found EAI_NODATA: 0.debian.pool.ntp.org
Nov 15 17:09:28 raspberrypi ntpd_intres[2248]: host name not found EAI_NODATA: 1.debian.pool.ntp.org
Nov 15 17:09:28 raspberrypi ntpd_intres[2248]: host name not found EAI_NODATA: 2.debian.pool.ntp.org
Nov 15 17:09:28 raspberrypi ntpd_intres[2248]: host name not found EAI_NODATA: 3.debian.pool.ntp.org
Nov 15 17:17:01 raspberrypi /USR/SBIN/CRON[3624]: (root) CMD (   cd / && run-parts --report /etc/cron.hourly)
Nov 15 17:25:31 raspberrypi ntpd_intres[2248]: host name not found EAI_NODATA: 0.debian.pool.ntp.org
Nov 15 17:25:31 raspberrypi ntpd_intres[2248]: host name not found EAI_NODATA: 1.debian.pool.ntp.org
Nov 15 17:25:31 raspberrypi ntpd_intres[2248]: host name not found EAI_NODATA: 2.debian.pool.ntp.org
Nov 15 17:25:31 raspberrypi ntpd_intres[2248]: host name not found EAI_NODATA: 3.debian.pool.ntp.org
Nov 15 17:41:33 raspberrypi ntpd_intres[2248]: host name not found EAI_NODATA: 0.debian.pool.ntp.org
Nov 15 17:41:33 raspberrypi ntpd_intres[2248]: host name not found EAI_NODATA: 1.debian.pool.ntp.org
Nov 15 17:41:33 raspberrypi ntpd_intres[2248]: host name not found EAI_NODATA: 2.debian.pool.ntp.org
Nov 15 17:41:33 raspberrypi ntpd_intres[2248]: host name not found EAI_NODATA: 3.debian.pool.ntp.org
Nov 15 17:57:36 raspberrypi ntpd_intres[2248]: host name not found EAI_NODATA: 0.debian.pool.ntp.org
Nov 15 17:57:36 raspberrypi ntpd_intres[2248]: host name not found EAI_NODATA: 1.debian.pool.ntp.org
Nov 15 17:57:36 raspberrypi ntpd_intres[2248]: host name not found EAI_NODATA: 2.debian.pool.ntp.org
Nov 15 17:57:36 raspberrypi ntpd_intres[2248]: host name not found EAI_NODATA: 3.debian.pool.ntp.org
Nov 15 18:13:38 raspberrypi ntpd_intres[2248]: host name not found EAI_NODATA: 0.debian.pool.ntp.org
Nov 15 18:13:38 raspberrypi ntpd_intres[2248]: host name not found EAI_NODATA: 1.debian.pool.ntp.org
Nov 15 18:13:38 raspberrypi ntpd_intres[2248]: host name not found EAI_NODATA: 2.debian.pool.ntp.org
Nov 15 18:13:38 raspberrypi ntpd_intres[2248]: host name not found EAI_NODATA: 3.debian.pool.ntp.org
Nov 15 18:17:01 raspberrypi /USR/SBIN/CRON[3636]: (root) CMD (   cd / && run-parts --report /etc/cron.hourly)
Nov 15 18:29:41 raspberrypi ntpd_intres[2248]: host name not found EAI_NODATA: 0.debian.pool.ntp.org
Nov 15 18:29:41 raspberrypi ntpd_intres[2248]: host name not found EAI_NODATA: 1.debian.pool.ntp.org
Nov 15 18:29:41 raspberrypi ntpd_intres[2248]: host name not found EAI_NODATA: 2.debian.pool.ntp.org
Nov 15 18:29:41 raspberrypi ntpd_intres[2248]: host name not found EAI_NODATA: 3.debian.pool.ntp.org
Nov 15 18:45:43 raspberrypi ntpd_intres[2248]: host name not found EAI_NODATA: 0.debian.pool.ntp.org
Nov 15 18:45:43 raspberrypi ntpd_intres[2248]: host name not found EAI_NODATA: 1.debian.pool.ntp.org
Nov 15 18:45:43 raspberrypi ntpd_intres[2248]: host name not found EAI_NODATA: 2.debian.pool.ntp.org
Nov 15 18:45:43 raspberrypi ntpd_intres[2248]: host name not found EAI_NODATA: 3.debian.pool.ntp.org
Nov 15 19:01:45 raspberrypi ntpd_intres[2248]: host name not found EAI_NODATA: 0.debian.pool.ntp.org
Nov 15 19:01:45 raspberrypi ntpd_intres[2248]: host name not found EAI_NODATA: 1.debian.pool.ntp.org
Nov 15 19:01:45 raspberrypi ntpd_intres[2248]: host name not found EAI_NODATA: 2.debian.pool.ntp.org
Nov 15 19:01:45 raspberrypi ntpd_intres[2248]: host name not found EAI_NODATA: 3.debian.pool.ntp.org
Nov 15 19:17:01 raspberrypi /USR/SBIN/CRON[3646]: (root) CMD (   cd / && run-parts --report /etc/cron.hourly)
Nov 15 19:17:48 raspberrypi ntpd_intres[2248]: host name not found EAI_NODATA: 0.debian.pool.ntp.org
Nov 15 19:17:48 raspberrypi ntpd_intres[2248]: host name not found EAI_NODATA: 1.debian.pool.ntp.org
Nov 15 19:17:48 raspberrypi ntpd_intres[2248]: host name not found EAI_NODATA: 2.debian.pool.ntp.org
Nov 15 19:17:48 raspberrypi ntpd_intres[2248]: host name not found EAI_NODATA: 3.debian.pool.ntp.org
Nov 15 19:33:50 raspberrypi ntpd_intres[2248]: host name not found EAI_NODATA: 0.debian.pool.ntp.org
Nov 15 19:33:50 raspberrypi ntpd_intres[2248]: host name not found EAI_NODATA: 1.debian.pool.ntp.org
Nov 15 19:33:50 raspberrypi ntpd_intres[2248]: host name not found EAI_NODATA: 2.debian.pool.ntp.org
Nov 15 19:33:50 raspberrypi ntpd_intres[2248]: host name not found EAI_NODATA: 3.debian.pool.ntp.org
Nov 15 19:49:52 raspberrypi ntpd_intres[2248]: host name not found EAI_NODATA: 0.debian.pool.ntp.org
Nov 15 19:49:52 raspberrypi ntpd_intres[2248]: host name not found EAI_NODATA: 1.debian.pool.ntp.org
Nov 15 19:49:52 raspberrypi ntpd_intres[2248]: host name not found EAI_NODATA: 2.debian.pool.ntp.org
Nov 15 19:49:52 raspberrypi ntpd_intres[2248]: host name not found EAI_NODATA: 3.debian.pool.ntp.org
Nov 15 20:05:55 raspberrypi ntpd_intres[2248]: host name not found EAI_NODATA: 0.debian.pool.ntp.org
Nov 15 20:05:55 raspberrypi ntpd_intres[2248]: host name not found EAI_NODATA: 1.debian.pool.ntp.org
Nov 15 20:05:55 raspberrypi ntpd_intres[2248]: host name not found EAI_NODATA: 2.debian.pool.ntp.org
Nov 15 20:05:55 raspberrypi ntpd_intres[2248]: host name not found EAI_NODATA: 3.debian.pool.ntp.org
Nov 15 20:17:01 raspberrypi /USR/SBIN/CRON[3656]: (root) CMD (   cd / && run-parts --report /etc/cron.hourly)
Nov 15 20:21:57 raspberrypi ntpd_intres[2248]: host name not found EAI_NODATA: 0.debian.pool.ntp.org
Nov 15 20:21:57 raspberrypi ntpd_intres[2248]: host name not found EAI_NODATA: 1.debian.pool.ntp.org
Nov 15 20:21:57 raspberrypi ntpd_intres[2248]: host name not found EAI_NODATA: 2.debian.pool.ntp.org
Nov 15 20:21:57 raspberrypi ntpd_intres[2248]: host name not found EAI_NODATA: 3.debian.pool.ntp.org
Nov 15 20:37:59 raspberrypi ntpd_intres[2248]: host name not found EAI_NODATA: 0.debian.pool.ntp.org
Nov 15 20:37:59 raspberrypi ntpd_intres[2248]: host name not found EAI_NODATA: 1.debian.pool.ntp.org
Nov 15 20:37:59 raspberrypi ntpd_intres[2248]: host name not found EAI_NODATA: 2.debian.pool.ntp.org
Nov 15 20:37:59 raspberrypi ntpd_intres[2248]: host name not found EAI_NODATA: 3.debian.pool.ntp.org
Nov 15 20:54:02 raspberrypi ntpd_intres[2248]: host name not found EAI_NODATA: 0.debian.pool.ntp.org
Nov 15 20:54:02 raspberrypi ntpd_intres[2248]: host name not found EAI_NODATA: 1.debian.pool.ntp.org
Nov 15 20:54:02 raspberrypi ntpd_intres[2248]: host name not found EAI_NODATA: 2.debian.pool.ntp.org
Nov 15 20:54:02 raspberrypi ntpd_intres[2248]: host name not found EAI_NODATA: 3.debian.pool.ntp.org
Nov 15 21:10:04 raspberrypi ntpd_intres[2248]: host name not found EAI_NODATA: 0.debian.pool.ntp.org
Nov 15 21:10:04 raspberrypi ntpd_intres[2248]: host name not found EAI_NODATA: 1.debian.pool.ntp.org
Nov 15 21:10:04 raspberrypi ntpd_intres[2248]: host name not found EAI_NODATA: 2.debian.pool.ntp.org
Nov 15 21:10:04 raspberrypi ntpd_intres[2248]: host name not found EAI_NODATA: 3.debian.pool.ntp.org
Nov 15 21:17:01 raspberrypi /USR/SBIN/CRON[3667]: (root) CMD (   cd / && run-parts --report /etc/cron.hourly)
Nov 15 21:26:07 raspberrypi ntpd_intres[2248]: host name not found EAI_NODATA: 0.debian.pool.ntp.org
Nov 15 21:26:07 raspberrypi ntpd_intres[2248]: host name not found EAI_NODATA: 1.debian.pool.ntp.org
Nov 15 21:26:07 raspberrypi ntpd_intres[2248]: host name not found EAI_NODATA: 2.debian.pool.ntp.org
Nov 15 21:26:07 raspberrypi ntpd_intres[2248]: host name not found EAI_NODATA: 3.debian.pool.ntp.org
Nov 15 21:42:09 raspberrypi ntpd_intres[2248]: host name not found EAI_NODATA: 0.debian.pool.ntp.org
Nov 15 21:42:09 raspberrypi ntpd_intres[2248]: host name not found EAI_NODATA: 1.debian.pool.ntp.org
Nov 15 21:42:09 raspberrypi ntpd_intres[2248]: host name not found EAI_NODATA: 2.debian.pool.ntp.org
Nov 15 21:42:09 raspberrypi ntpd_intres[2248]: host name not found EAI_NODATA: 3.debian.pool.ntp.org
Nov 15 21:58:12 raspberrypi ntpd_intres[2248]: host name not found EAI_NODATA: 0.debian.pool.ntp.org
Nov 15 21:58:12 raspberrypi ntpd_intres[2248]: host name not found EAI_NODATA: 1.debian.pool.ntp.org
Nov 15 21:58:12 raspberrypi ntpd_intres[2248]: host name not found EAI_NODATA: 2.debian.pool.ntp.org
Nov 15 21:58:12 raspberrypi ntpd_intres[2248]: host name not found EAI_NODATA: 3.debian.pool.ntp.org
Nov 15 22:14:15 raspberrypi ntpd_intres[2248]: host name not found EAI_NODATA: 0.debian.pool.ntp.org
Nov 15 22:14:15 raspberrypi ntpd_intres[2248]: host name not found EAI_NODATA: 1.debian.pool.ntp.org
Nov 15 22:14:15 raspberrypi ntpd_intres[2248]: host name not found EAI_NODATA: 2.debian.pool.ntp.org
Nov 15 22:14:15 raspberrypi ntpd_intres[2248]: host name not found EAI_NODATA: 3.debian.pool.ntp.org
Nov 15 22:17:01 raspberrypi /USR/SBIN/CRON[3678]: (root) CMD (   cd / && run-parts --report /etc/cron.hourly)
Nov 15 22:30:17 raspberrypi ntpd_intres[2248]: host name not found EAI_NODATA: 0.debian.pool.ntp.org
Nov 15 22:30:17 raspberrypi ntpd_intres[2248]: host name not found EAI_NODATA: 1.debian.pool.ntp.org
Nov 15 22:30:17 raspberrypi ntpd_intres[2248]: host name not found EAI_NODATA: 2.debian.pool.ntp.org
Nov 15 22:30:17 raspberrypi ntpd_intres[2248]: host name not found EAI_NODATA: 3.debian.pool.ntp.org
Nov 15 22:46:20 raspberrypi ntpd_intres[2248]: host name not found EAI_NODATA: 0.debian.pool.ntp.org
Nov 15 22:46:20 raspberrypi ntpd_intres[2248]: host name not found EAI_NODATA: 1.debian.pool.ntp.org
Nov 15 22:46:20 raspberrypi ntpd_intres[2248]: host name not found EAI_NODATA: 2.debian.pool.ntp.org
Nov 15 22:46:20 raspberrypi ntpd_intres[2248]: host name not found EAI_NODATA: 3.debian.pool.ntp.org
Nov 15 23:02:23 raspberrypi ntpd_intres[2248]: host name not found EAI_NODATA: 0.debian.pool.ntp.org
Nov 15 23:02:23 raspberrypi ntpd_intres[2248]: host name not found EAI_NODATA: 1.debian.pool.ntp.org
Nov 15 23:02:23 raspberrypi ntpd_intres[2248]: host name not found EAI_NODATA: 2.debian.pool.ntp.org
Nov 15 23:02:23 raspberrypi ntpd_intres[2248]: host name not found EAI_NODATA: 3.debian.pool.ntp.org
Nov 15 23:17:01 raspberrypi /USR/SBIN/CRON[3692]: (root) CMD (   cd / && run-parts --report /etc/cron.hourly)
Nov 15 23:18:26 raspberrypi ntpd_intres[2248]: host name not found EAI_NODATA: 0.debian.pool.ntp.org
Nov 15 23:18:26 raspberrypi ntpd_intres[2248]: host name not found EAI_NODATA: 1.debian.pool.ntp.org
Nov 15 23:18:26 raspberrypi ntpd_intres[2248]: host name not found EAI_NODATA: 2.debian.pool.ntp.org
Nov 15 23:18:26 raspberrypi ntpd_intres[2248]: host name not found EAI_NODATA: 3.debian.pool.ntp.org
Nov 15 23:34:28 raspberrypi ntpd_intres[2248]: host name not found EAI_NODATA: 0.debian.pool.ntp.org
Nov 15 23:34:28 raspberrypi ntpd_intres[2248]: host name not found EAI_NODATA: 1.debian.pool.ntp.org
Nov 15 23:34:28 raspberrypi ntpd_intres[2248]: host name not found EAI_NODATA: 2.debian.pool.ntp.org
Nov 15 23:34:28 raspberrypi ntpd_intres[2248]: host name not found EAI_NODATA: 3.debian.pool.ntp.org
Nov 15 23:50:31 raspberrypi ntpd_intres[2248]: host name not found EAI_NODATA: 0.debian.pool.ntp.org
Nov 15 23:50:31 raspberrypi ntpd_intres[2248]: host name not found EAI_NODATA: 1.debian.pool.ntp.org
Nov 15 23:50:31 raspberrypi ntpd_intres[2248]: host name not found EAI_NODATA: 2.debian.pool.ntp.org
Nov 15 23:50:31 raspberrypi ntpd_intres[2248]: host name not found EAI_NODATA: 3.debian.pool.ntp.org
Nov 16 00:06:34 raspberrypi ntpd_intres[2248]: host name not found EAI_NODATA: 0.debian.pool.ntp.org
Nov 16 00:06:34 raspberrypi ntpd_intres[2248]: host name not found EAI_NODATA: 1.debian.pool.ntp.org
Nov 16 00:06:34 raspberrypi ntpd_intres[2248]: host name not found EAI_NODATA: 2.debian.pool.ntp.org
Nov 16 00:06:34 raspberrypi ntpd_intres[2248]: host name not found EAI_NODATA: 3.debian.pool.ntp.org
Nov 16 00:17:01 raspberrypi /USR/SBIN/CRON[3705]: (root) CMD (   cd / && run-parts --report /etc/cron.hourly)
Nov 16 00:22:36 raspberrypi ntpd_intres[2248]: host name not found EAI_NODATA: 0.debian.pool.ntp.org
Nov 16 00:22:36 raspberrypi ntpd_intres[2248]: host name not found EAI_NODATA: 1.debian.pool.ntp.org
Nov 16 00:22:36 raspberrypi ntpd_intres[2248]: host name not found EAI_NODATA: 2.debian.pool.ntp.org
Nov 16 00:22:36 raspberrypi ntpd_intres[2248]: host name not found EAI_NODATA: 3.debian.pool.ntp.org
Nov 16 00:38:39 raspberrypi ntpd_intres[2248]: host name not found EAI_NODATA: 0.debian.pool.ntp.org
Nov 16 00:38:39 raspberrypi ntpd_intres[2248]: host name not found EAI_NODATA: 1.debian.pool.ntp.org
Nov 16 00:38:39 raspberrypi ntpd_intres[2248]: host name not found EAI_NODATA: 2.debian.pool.ntp.org
Nov 16 00:38:39 raspberrypi ntpd_intres[2248]: host name not found EAI_NODATA: 3.debian.pool.ntp.org
Nov 16 00:54:41 raspberrypi ntpd_intres[2248]: host name not found EAI_NODATA: 0.debian.pool.ntp.org
Nov 16 00:54:41 raspberrypi ntpd_intres[2248]: host name not found EAI_NODATA: 1.debian.pool.ntp.org
Nov 16 00:54:41 raspberrypi ntpd_intres[2248]: host name not found EAI_NODATA: 2.debian.pool.ntp.org
Nov 16 00:54:41 raspberrypi ntpd_intres[2248]: host name not found EAI_NODATA: 3.debian.pool.ntp.org
Nov 16 01:10:43 raspberrypi ntpd_intres[2248]: host name not found EAI_NODATA: 0.debian.pool.ntp.org
Nov 16 01:10:43 raspberrypi ntpd_intres[2248]: host name not found EAI_NODATA: 1.debian.pool.ntp.org
Nov 16 01:10:43 raspberrypi ntpd_intres[2248]: host name not found EAI_NODATA: 2.debian.pool.ntp.org
Nov 16 01:10:43 raspberrypi ntpd_intres[2248]: host name not found EAI_NODATA: 3.debian.pool.ntp.org
Nov 16 01:17:01 raspberrypi /USR/SBIN/CRON[3717]: (root) CMD (   cd / && run-parts --report /etc/cron.hourly)
Nov 16 01:26:46 raspberrypi ntpd_intres[2248]: host name not found EAI_NODATA: 0.debian.pool.ntp.org
Nov 16 01:26:46 raspberrypi ntpd_intres[2248]: host name not found EAI_NODATA: 1.debian.pool.ntp.org
Nov 16 01:26:46 raspberrypi ntpd_intres[2248]: host name not found EAI_NODATA: 2.debian.pool.ntp.org
Nov 16 01:26:46 raspberrypi ntpd_intres[2248]: host name not found EAI_NODATA: 3.debian.pool.ntp.org
Nov 16 01:42:48 raspberrypi ntpd_intres[2248]: host name not found EAI_NODATA: 0.debian.pool.ntp.org
Nov 16 01:42:48 raspberrypi ntpd_intres[2248]: host name not found EAI_NODATA: 1.debian.pool.ntp.org
Nov 16 01:42:48 raspberrypi ntpd_intres[2248]: host name not found EAI_NODATA: 2.debian.pool.ntp.org
Nov 16 01:42:48 raspberrypi ntpd_intres[2248]: host name not found EAI_NODATA: 3.debian.pool.ntp.org
Nov 16 01:58:51 raspberrypi ntpd_intres[2248]: host name not found EAI_NODATA: 0.debian.pool.ntp.org
Nov 16 01:58:51 raspberrypi ntpd_intres[2248]: host name not found EAI_NODATA: 1.debian.pool.ntp.org
Nov 16 01:58:51 raspberrypi ntpd_intres[2248]: host name not found EAI_NODATA: 2.debian.pool.ntp.org
Nov 16 01:58:51 raspberrypi ntpd_intres[2248]: host name not found EAI_NODATA: 3.debian.pool.ntp.org
Nov 16 02:14:54 raspberrypi ntpd_intres[2248]: host name not found EAI_NODATA: 0.debian.pool.ntp.org
Nov 16 02:14:54 raspberrypi ntpd_intres[2248]: host name not found EAI_NODATA: 1.debian.pool.ntp.org
Nov 16 02:14:54 raspberrypi ntpd_intres[2248]: host name not found EAI_NODATA: 2.debian.pool.ntp.org
Nov 16 02:14:54 raspberrypi ntpd_intres[2248]: host name not found EAI_NODATA: 3.debian.pool.ntp.org
Nov 16 02:17:01 raspberrypi /USR/SBIN/CRON[3732]: (root) CMD (   cd / && run-parts --report /etc/cron.hourly)
Nov 16 02:30:57 raspberrypi ntpd_intres[2248]: host name not found EAI_NODATA: 0.debian.pool.ntp.org
Nov 16 02:30:57 raspberrypi ntpd_intres[2248]: host name not found EAI_NODATA: 1.debian.pool.ntp.org
Nov 16 02:30:57 raspberrypi ntpd_intres[2248]: host name not found EAI_NODATA: 2.debian.pool.ntp.org
Nov 16 02:30:57 raspberrypi ntpd_intres[2248]: host name not found EAI_NODATA: 3.debian.pool.ntp.org
Nov 16 02:46:59 raspberrypi ntpd_intres[2248]: host name not found EAI_NODATA: 0.debian.pool.ntp.org
Nov 16 02:46:59 raspberrypi ntpd_intres[2248]: host name not found EAI_NODATA: 1.debian.pool.ntp.org
Nov 16 02:46:59 raspberrypi ntpd_intres[2248]: host name not found EAI_NODATA: 2.debian.pool.ntp.org
Nov 16 02:46:59 raspberrypi ntpd_intres[2248]: host name not found EAI_NODATA: 3.debian.pool.ntp.org
Nov 16 03:03:02 raspberrypi ntpd_intres[2248]: host name not found EAI_NODATA: 0.debian.pool.ntp.org
Nov 16 03:03:02 raspberrypi ntpd_intres[2248]: host name not found EAI_NODATA: 1.debian.pool.ntp.org
Nov 16 03:03:02 raspberrypi ntpd_intres[2248]: host name not found EAI_NODATA: 2.debian.pool.ntp.org
Nov 16 03:03:02 raspberrypi ntpd_intres[2248]: host name not found EAI_NODATA: 3.debian.pool.ntp.org
Nov 16 03:17:01 raspberrypi /USR/SBIN/CRON[3743]: (root) CMD (   cd / && run-parts --report /etc/cron.hourly)
Nov 16 03:19:05 raspberrypi ntpd_intres[2248]: host name not found EAI_NODATA: 0.debian.pool.ntp.org
Nov 16 03:19:05 raspberrypi ntpd_intres[2248]: host name not found EAI_NODATA: 1.debian.pool.ntp.org
Nov 16 03:19:05 raspberrypi ntpd_intres[2248]: host name not found EAI_NODATA: 2.debian.pool.ntp.org
Nov 16 03:19:05 raspberrypi ntpd_intres[2248]: host name not found EAI_NODATA: 3.debian.pool.ntp.org
Nov 16 03:35:08 raspberrypi ntpd_intres[2248]: host name not found EAI_NODATA: 0.debian.pool.ntp.org
Nov 16 03:35:08 raspberrypi ntpd_intres[2248]: host name not found EAI_NODATA: 1.debian.pool.ntp.org
Nov 16 03:35:08 raspberrypi ntpd_intres[2248]: host name not found EAI_NODATA: 2.debian.pool.ntp.org
Nov 16 03:35:08 raspberrypi ntpd_intres[2248]: host name not found EAI_NODATA: 3.debian.pool.ntp.org
Nov 16 03:51:10 raspberrypi ntpd_intres[2248]: host name not found EAI_NODATA: 0.debian.pool.ntp.org
Nov 16 03:51:10 raspberrypi ntpd_intres[2248]: host name not found EAI_NODATA: 1.debian.pool.ntp.org
Nov 16 03:51:10 raspberrypi ntpd_intres[2248]: host name not found EAI_NODATA: 2.debian.pool.ntp.org
Nov 16 03:51:10 raspberrypi ntpd_intres[2248]: host name not found EAI_NODATA: 3.debian.pool.ntp.org
Nov 16 04:07:13 raspberrypi ntpd_intres[2248]: host name not found EAI_NODATA: 0.debian.pool.ntp.org
Nov 16 04:07:13 raspberrypi ntpd_intres[2248]: host name not found EAI_NODATA: 1.debian.pool.ntp.org
Nov 16 04:07:13 raspberrypi ntpd_intres[2248]: host name not found EAI_NODATA: 2.debian.pool.ntp.org
Nov 16 04:07:13 raspberrypi ntpd_intres[2248]: host name not found EAI_NODATA: 3.debian.pool.ntp.org
Nov 16 04:17:01 raspberrypi /USR/SBIN/CRON[3753]: (root) CMD (   cd / && run-parts --report /etc/cron.hourly)
Nov 16 04:23:16 raspberrypi ntpd_intres[2248]: host name not found EAI_NODATA: 0.debian.pool.ntp.org
Nov 16 04:23:16 raspberrypi ntpd_intres[2248]: host name not found EAI_NODATA: 1.debian.pool.ntp.org
Nov 16 04:23:16 raspberrypi ntpd_intres[2248]: host name not found EAI_NODATA: 2.debian.pool.ntp.org
Nov 16 04:23:16 raspberrypi ntpd_intres[2248]: host name not found EAI_NODATA: 3.debian.pool.ntp.org
Nov 16 04:39:18 raspberrypi ntpd_intres[2248]: host name not found EAI_NODATA: 0.debian.pool.ntp.org
Nov 16 04:39:18 raspberrypi ntpd_intres[2248]: host name not found EAI_NODATA: 1.debian.pool.ntp.org
Nov 16 04:39:18 raspberrypi ntpd_intres[2248]: host name not found EAI_NODATA: 2.debian.pool.ntp.org
Nov 16 04:39:18 raspberrypi ntpd_intres[2248]: host name not found EAI_NODATA: 3.debian.pool.ntp.org
Nov 16 04:55:21 raspberrypi ntpd_intres[2248]: host name not found EAI_NODATA: 0.debian.pool.ntp.org
Nov 16 04:55:21 raspberrypi ntpd_intres[2248]: host name not found EAI_NODATA: 1.debian.pool.ntp.org
Nov 16 04:55:21 raspberrypi ntpd_intres[2248]: host name not found EAI_NODATA: 2.debian.pool.ntp.org
Nov 16 04:55:21 raspberrypi ntpd_intres[2248]: host name not found EAI_NODATA: 3.debian.pool.ntp.org
Nov 16 05:11:24 raspberrypi ntpd_intres[2248]: host name not found EAI_NODATA: 0.debian.pool.ntp.org
Nov 16 05:11:24 raspberrypi ntpd_intres[2248]: host name not found EAI_NODATA: 1.debian.pool.ntp.org
Nov 16 05:11:24 raspberrypi ntpd_intres[2248]: host name not found EAI_NODATA: 2.debian.pool.ntp.org
Nov 16 05:11:24 raspberrypi ntpd_intres[2248]: host name not found EAI_NODATA: 3.debian.pool.ntp.org
Nov 16 05:17:01 raspberrypi /USR/SBIN/CRON[3765]: (root) CMD (   cd / && run-parts --report /etc/cron.hourly)
Nov 16 05:27:27 raspberrypi ntpd_intres[2248]: host name not found EAI_NODATA: 0.debian.pool.ntp.org
Nov 16 05:27:27 raspberrypi ntpd_intres[2248]: host name not found EAI_NODATA: 1.debian.pool.ntp.org
Nov 16 05:27:27 raspberrypi ntpd_intres[2248]: host name not found EAI_NODATA: 2.debian.pool.ntp.org
Nov 16 05:27:27 raspberrypi ntpd_intres[2248]: host name not found EAI_NODATA: 3.debian.pool.ntp.org
Nov 16 05:43:29 raspberrypi ntpd_intres[2248]: host name not found EAI_NODATA: 0.debian.pool.ntp.org
Nov 16 05:43:29 raspberrypi ntpd_intres[2248]: host name not found EAI_NODATA: 1.debian.pool.ntp.org
Nov 16 05:43:29 raspberrypi ntpd_intres[2248]: host name not found EAI_NODATA: 2.debian.pool.ntp.org
Nov 16 05:43:29 raspberrypi ntpd_intres[2248]: host name not found EAI_NODATA: 3.debian.pool.ntp.org
Nov 16 05:59:32 raspberrypi ntpd_intres[2248]: host name not found EAI_NODATA: 0.debian.pool.ntp.org
Nov 16 05:59:32 raspberrypi ntpd_intres[2248]: host name not found EAI_NODATA: 1.debian.pool.ntp.org
Nov 16 05:59:32 raspberrypi ntpd_intres[2248]: host name not found EAI_NODATA: 2.debian.pool.ntp.org
Nov 16 05:59:32 raspberrypi ntpd_intres[2248]: host name not found EAI_NODATA: 3.debian.pool.ntp.org
Nov 16 06:15:34 raspberrypi ntpd_intres[2248]: host name not found EAI_NODATA: 0.debian.pool.ntp.org
Nov 16 06:15:34 raspberrypi ntpd_intres[2248]: host name not found EAI_NODATA: 1.debian.pool.ntp.org
Nov 16 06:15:34 raspberrypi ntpd_intres[2248]: host name not found EAI_NODATA: 2.debian.pool.ntp.org
Nov 16 06:15:34 raspberrypi ntpd_intres[2248]: host name not found EAI_NODATA: 3.debian.pool.ntp.org
Nov 16 06:17:01 raspberrypi /USR/SBIN/CRON[3779]: (root) CMD (   cd / && run-parts --report /etc/cron.hourly)
Nov 16 06:25:01 raspberrypi /USR/SBIN/CRON[3790]: (root) CMD (test -x /usr/sbin/anacron || ( cd / && run-parts --report /etc/cron.daily ))
Nov 16 06:25:13 raspberrypi rsyslogd: [origin software="rsyslogd" swVersion="5.8.11" x-pid="1985" x-info="http://www.rsyslog.com"] rsyslogd was HUPed
Nov 16 06:31:37 raspberrypi ntpd_intres[2248]: host name not found EAI_NODATA: 0.debian.pool.ntp.org
Nov 16 06:31:37 raspberrypi ntpd_intres[2248]: host name not found EAI_NODATA: 1.debian.pool.ntp.org
Nov 16 06:31:37 raspberrypi ntpd_intres[2248]: host name not found EAI_NODATA: 2.debian.pool.ntp.org
Nov 16 06:31:37 raspberrypi ntpd_intres[2248]: host name not found EAI_NODATA: 3.debian.pool.ntp.org
Nov 16 06:47:39 raspberrypi ntpd_intres[2248]: host name not found EAI_NODATA: 0.debian.pool.ntp.org
Nov 16 06:47:39 raspberrypi ntpd_intres[2248]: host name not found EAI_NODATA: 1.debian.pool.ntp.org
Nov 16 06:47:39 raspberrypi ntpd_intres[2248]: host name not found EAI_NODATA: 2.debian.pool.ntp.org
Nov 16 06:47:39 raspberrypi ntpd_intres[2248]: host name not found EAI_NODATA: 3.debian.pool.ntp.org
Nov 16 07:03:42 raspberrypi ntpd_intres[2248]: host name not found EAI_NODATA: 0.debian.pool.ntp.org
Nov 16 07:03:42 raspberrypi ntpd_intres[2248]: host name not found EAI_NODATA: 1.debian.pool.ntp.org
Nov 16 07:03:42 raspberrypi ntpd_intres[2248]: host name not found EAI_NODATA: 2.debian.pool.ntp.org
Nov 16 07:03:42 raspberrypi ntpd_intres[2248]: host name not found EAI_NODATA: 3.debian.pool.ntp.org
Nov 16 07:17:01 raspberrypi /USR/SBIN/CRON[3924]: (root) CMD (   cd / && run-parts --report /etc/cron.hourly)
Nov 16 07:19:45 raspberrypi ntpd_intres[2248]: host name not found EAI_NODATA: 0.debian.pool.ntp.org
Nov 16 07:19:45 raspberrypi ntpd_intres[2248]: host name not found EAI_NODATA: 1.debian.pool.ntp.org
Nov 16 07:19:45 raspberrypi ntpd_intres[2248]: host name not found EAI_NODATA: 2.debian.pool.ntp.org
Nov 16 07:19:45 raspberrypi ntpd_intres[2248]: host name not found EAI_NODATA: 3.debian.pool.ntp.org
Nov 16 07:35:47 raspberrypi ntpd_intres[2248]: host name not found EAI_NODATA: 0.debian.pool.ntp.org
Nov 16 07:35:47 raspberrypi ntpd_intres[2248]: host name not found EAI_NODATA: 1.debian.pool.ntp.org
Nov 16 07:35:47 raspberrypi ntpd_intres[2248]: host name not found EAI_NODATA: 2.debian.pool.ntp.org
Nov 16 07:35:47 raspberrypi ntpd_intres[2248]: host name not found EAI_NODATA: 3.debian.pool.ntp.org
Nov 16 07:51:50 raspberrypi ntpd_intres[2248]: host name not found EAI_NODATA: 0.debian.pool.ntp.org
Nov 16 07:51:50 raspberrypi ntpd_intres[2248]: host name not found EAI_NODATA: 1.debian.pool.ntp.org
Nov 16 07:51:50 raspberrypi ntpd_intres[2248]: host name not found EAI_NODATA: 2.debian.pool.ntp.org
Nov 16 07:51:50 raspberrypi ntpd_intres[2248]: host name not found EAI_NODATA: 3.debian.pool.ntp.org
Nov 16 08:07:53 raspberrypi ntpd_intres[2248]: host name not found EAI_NODATA: 0.debian.pool.ntp.org
Nov 16 08:07:53 raspberrypi ntpd_intres[2248]: host name not found EAI_NODATA: 1.debian.pool.ntp.org
Nov 16 08:07:53 raspberrypi ntpd_intres[2248]: host name not found EAI_NODATA: 2.debian.pool.ntp.org
Nov 16 08:07:53 raspberrypi ntpd_intres[2248]: host name not found EAI_NODATA: 3.debian.pool.ntp.org
Nov 16 08:17:01 raspberrypi /USR/SBIN/CRON[3939]: (root) CMD (   cd / && run-parts --report /etc/cron.hourly)
Nov 16 08:23:56 raspberrypi ntpd_intres[2248]: host name not found EAI_NODATA: 0.debian.pool.ntp.org
Nov 16 08:23:56 raspberrypi ntpd_intres[2248]: host name not found EAI_NODATA: 1.debian.pool.ntp.org
Nov 16 08:23:56 raspberrypi ntpd_intres[2248]: host name not found EAI_NODATA: 2.debian.pool.ntp.org
Nov 16 08:23:56 raspberrypi ntpd_intres[2248]: host name not found EAI_NODATA: 3.debian.pool.ntp.org
Nov 16 08:39:58 raspberrypi ntpd_intres[2248]: host name not found EAI_NODATA: 0.debian.pool.ntp.org
Nov 16 08:39:58 raspberrypi ntpd_intres[2248]: host name not found EAI_NODATA: 1.debian.pool.ntp.org
Nov 16 08:39:58 raspberrypi ntpd_intres[2248]: host name not found EAI_NODATA: 2.debian.pool.ntp.org
Nov 16 08:39:58 raspberrypi ntpd_intres[2248]: host name not found EAI_NODATA: 3.debian.pool.ntp.org
Nov 16 08:56:01 raspberrypi ntpd_intres[2248]: host name not found EAI_NODATA: 0.debian.pool.ntp.org
Nov 16 08:56:01 raspberrypi ntpd_intres[2248]: host name not found EAI_NODATA: 1.debian.pool.ntp.org
Nov 16 08:56:01 raspberrypi ntpd_intres[2248]: host name not found EAI_NODATA: 2.debian.pool.ntp.org
Nov 16 08:56:01 raspberrypi ntpd_intres[2248]: host name not found EAI_NODATA: 3.debian.pool.ntp.org
Nov 16 09:12:03 raspberrypi ntpd_intres[2248]: host name not found EAI_NODATA: 0.debian.pool.ntp.org
Nov 16 09:12:03 raspberrypi ntpd_intres[2248]: host name not found EAI_NODATA: 1.debian.pool.ntp.org
Nov 16 09:12:03 raspberrypi ntpd_intres[2248]: host name not found EAI_NODATA: 2.debian.pool.ntp.org
Nov 16 09:12:03 raspberrypi ntpd_intres[2248]: host name not found EAI_NODATA: 3.debian.pool.ntp.org
Nov 16 09:17:01 raspberrypi /USR/SBIN/CRON[3955]: (root) CMD (   cd / && run-parts --report /etc/cron.hourly)
Nov 16 09:28:06 raspberrypi ntpd_intres[2248]: host name not found EAI_NODATA: 0.debian.pool.ntp.org
Nov 16 09:28:06 raspberrypi ntpd_intres[2248]: host name not found EAI_NODATA: 1.debian.pool.ntp.org
Nov 16 09:28:06 raspberrypi ntpd_intres[2248]: host name not found EAI_NODATA: 2.debian.pool.ntp.org
Nov 16 09:28:06 raspberrypi ntpd_intres[2248]: host name not found EAI_NODATA: 3.debian.pool.ntp.org
Nov 16 09:44:09 raspberrypi ntpd_intres[2248]: host name not found EAI_NODATA: 0.debian.pool.ntp.org
Nov 16 09:44:09 raspberrypi ntpd_intres[2248]: host name not found EAI_NODATA: 1.debian.pool.ntp.org
Nov 16 09:44:09 raspberrypi ntpd_intres[2248]: host name not found EAI_NODATA: 2.debian.pool.ntp.org
Nov 16 09:44:09 raspberrypi ntpd_intres[2248]: host name not found EAI_NODATA: 3.debian.pool.ntp.org
Nov 16 10:00:12 raspberrypi ntpd_intres[2248]: host name not found EAI_NODATA: 0.debian.pool.ntp.org
Nov 16 10:00:12 raspberrypi ntpd_intres[2248]: host name not found EAI_NODATA: 1.debian.pool.ntp.org
Nov 16 10:00:12 raspberrypi ntpd_intres[2248]: host name not found EAI_NODATA: 2.debian.pool.ntp.org
Nov 16 10:00:12 raspberrypi ntpd_intres[2248]: host name not found EAI_NODATA: 3.debian.pool.ntp.org
Nov 16 10:16:14 raspberrypi ntpd_intres[2248]: host name not found EAI_NODATA: 0.debian.pool.ntp.org
Nov 16 10:16:14 raspberrypi ntpd_intres[2248]: host name not found EAI_NODATA: 1.debian.pool.ntp.org
Nov 16 10:16:14 raspberrypi ntpd_intres[2248]: host name not found EAI_NODATA: 2.debian.pool.ntp.org
Nov 16 10:16:14 raspberrypi ntpd_intres[2248]: host name not found EAI_NODATA: 3.debian.pool.ntp.org
Nov 16 10:17:01 raspberrypi /USR/SBIN/CRON[3969]: (root) CMD (   cd / && run-parts --report /etc/cron.hourly)
Nov 16 10:32:17 raspberrypi ntpd_intres[2248]: host name not found EAI_NODATA: 0.debian.pool.ntp.org
Nov 16 10:32:17 raspberrypi ntpd_intres[2248]: host name not found EAI_NODATA: 1.debian.pool.ntp.org
Nov 16 10:32:17 raspberrypi ntpd_intres[2248]: host name not found EAI_NODATA: 2.debian.pool.ntp.org
Nov 16 10:32:17 raspberrypi ntpd_intres[2248]: host name not found EAI_NODATA: 3.debian.pool.ntp.org
Nov 16 10:48:19 raspberrypi ntpd_intres[2248]: host name not found EAI_NODATA: 0.debian.pool.ntp.org
Nov 16 10:48:19 raspberrypi ntpd_intres[2248]: host name not found EAI_NODATA: 1.debian.pool.ntp.org
Nov 16 10:48:19 raspberrypi ntpd_intres[2248]: host name not found EAI_NODATA: 2.debian.pool.ntp.org
Nov 16 10:48:19 raspberrypi ntpd_intres[2248]: host name not found EAI_NODATA: 3.debian.pool.ntp.org
Nov 16 11:04:22 raspberrypi ntpd_intres[2248]: host name not found EAI_NODATA: 0.debian.pool.ntp.org
Nov 16 11:04:22 raspberrypi ntpd_intres[2248]: host name not found EAI_NODATA: 1.debian.pool.ntp.org
Nov 16 11:04:22 raspberrypi ntpd_intres[2248]: host name not found EAI_NODATA: 2.debian.pool.ntp.org
Nov 16 11:04:22 raspberrypi ntpd_intres[2248]: host name not found EAI_NODATA: 3.debian.pool.ntp.org
Nov 16 10:17:09 raspberrypi kernel: imklog 5.8.11, log source = /proc/kmsg started.
Nov 16 10:17:09 raspberrypi rsyslogd: [origin software="rsyslogd" swVersion="5.8.11" x-pid="1984" x-info="http://www.rsyslog.com"] start
Nov 16 10:17:09 raspberrypi kernel: [    0.000000] Booting Linux on physical CPU 0xf00
Nov 16 10:17:09 raspberrypi kernel: [    0.000000] Initializing cgroup subsys cpu
Nov 16 10:17:09 raspberrypi kernel: [    0.000000] Initializing cgroup subsys cpuacct
Nov 16 10:17:09 raspberrypi kernel: [    0.000000] Linux version 3.18.16-v7+ (dc4@dc4-XPS13-9333) (gcc version 4.8.3 20140303 (prerelease) (crosstool-NG linaro-1.13.1+bzr2650 - Linaro GCC 2014.03) ) #795 SMP PREEMPT Wed Jun 17 13:24:01 BST 2015
Nov 16 10:17:09 raspberrypi kernel: [    0.000000] CPU: ARMv7 Processor [410fc075] revision 5 (ARMv7), cr=10c5387d
Nov 16 10:17:09 raspberrypi kernel: [    0.000000] CPU: PIPT / VIPT nonaliasing data cache, VIPT aliasing instruction cache
Nov 16 10:17:09 raspberrypi kernel: [    0.000000] Machine model: Raspberry Pi 2 Model B Rev 1.1
Nov 16 10:17:09 raspberrypi kernel: [    0.000000] cma: Reserved 8 MiB at 0x3a800000
Nov 16 10:17:09 raspberrypi kernel: [    0.000000] Memory policy: Data cache writealloc
Nov 16 10:17:09 raspberrypi kernel: [    0.000000] On node 0 totalpages: 241664
Nov 16 10:17:09 raspberrypi kernel: [    0.000000] free_area_init_node: node 0, pgdat 80817680, node_mem_map ba093000
Nov 16 10:17:09 raspberrypi kernel: [    0.000000]   Normal zone: 1888 pages used for memmap
Nov 16 10:17:09 raspberrypi kernel: [    0.000000]   Normal zone: 0 pages reserved
Nov 16 10:17:09 raspberrypi kernel: [    0.000000]   Normal zone: 241664 pages, LIFO batch:31
Nov 16 10:17:09 raspberrypi kernel: [    0.000000] [bcm2709_smp_init_cpus] enter (8620->f3003010)
Nov 16 10:17:09 raspberrypi kernel: [    0.000000] [bcm2709_smp_init_cpus] ncores=4
Nov 16 10:17:09 raspberrypi kernel: [    0.000000] PERCPU: Embedded 10 pages/cpu @ba061000 s11456 r8192 d21312 u40960
Nov 16 10:17:09 raspberrypi kernel: [    0.000000] pcpu-alloc: s11456 r8192 d21312 u40960 alloc=10*4096
Nov 16 10:17:09 raspberrypi kernel: [    0.000000] pcpu-alloc: [0] 0 [0] 1 [0] 2 [0] 3 
Nov 16 10:17:09 raspberrypi kernel: [    0.000000] Built 1 zonelists in Zone order, mobility grouping on.  Total pages: 239776
Nov 16 10:17:09 raspberrypi kernel: [    0.000000] Kernel command line: dma.dmachans=0x7f35 bcm2708_fb.fbwidth=592 bcm2708_fb.fbheight=448 bcm2709.boardrev=0xa01041 bcm2709.serial=0x52bc0108 smsc95xx.macaddr=B8:27:EB:BC:01:08 bcm2708_fb.fbswap=1 bcm2709.disk_led_gpio=47 bcm2709.disk_led_active_low=0 sdhci-bcm2708.emmc_clock_freq=250000000 vc_mem.mem_base=0x3dc00000 vc_mem.mem_size=0x3f000000  dwc_otg.lpm_enable=0 root=/dev/mmcblk0p6 rootfstype=ext4 elevator=deadline rootwait
Nov 16 10:17:09 raspberrypi kernel: [    0.000000] PID hash table entries: 4096 (order: 2, 16384 bytes)
Nov 16 10:17:09 raspberrypi kernel: [    0.000000] Dentry cache hash table entries: 131072 (order: 7, 524288 bytes)
Nov 16 10:17:09 raspberrypi kernel: [    0.000000] Inode-cache hash table entries: 65536 (order: 6, 262144 bytes)
Nov 16 10:17:09 raspberrypi kernel: [    0.000000] Memory: 940800K/966656K available (5739K kernel code, 397K rwdata, 1756K rodata, 388K init, 763K bss, 25856K reserved)
Nov 16 10:17:09 raspberrypi kernel: [    0.000000] Virtual kernel memory layout:
Nov 16 10:17:09 raspberrypi kernel: [    0.000000]     vector  : 0xffff0000 - 0xffff1000   (   4 kB)
Nov 16 10:17:09 raspberrypi kernel: [    0.000000]     fixmap  : 0xffc00000 - 0xffe00000   (2048 kB)
Nov 16 10:17:09 raspberrypi kernel: [    0.000000]     vmalloc : 0xbb800000 - 0xff000000   (1080 MB)
Nov 16 10:17:09 raspberrypi kernel: [    0.000000]     lowmem  : 0x80000000 - 0xbb000000   ( 944 MB)
Nov 16 10:17:09 raspberrypi kernel: [    0.000000]     modules : 0x7f000000 - 0x80000000   (  16 MB)
Nov 16 10:17:09 raspberrypi kernel: [    0.000000]       .text : 0x80008000 - 0x8075a024   (7497 kB)
Nov 16 10:17:09 raspberrypi kernel: [    0.000000]       .init : 0x8075b000 - 0x807bc000   ( 388 kB)
Nov 16 10:17:09 raspberrypi kernel: [    0.000000]       .data : 0x807bc000 - 0x8081f6bc   ( 398 kB)
Nov 16 10:17:09 raspberrypi kernel: [    0.000000]        .bss : 0x8081f6bc - 0x808de494   ( 764 kB)
Nov 16 10:17:09 raspberrypi kernel: [    0.000000] SLUB: HWalign=64, Order=0-3, MinObjects=0, CPUs=4, Nodes=1
Nov 16 10:17:09 raspberrypi kernel: [    0.000000] Preemptible hierarchical RCU implementation.
Nov 16 10:17:09 raspberrypi kernel: [    0.000000] NR_IRQS:608
Nov 16 10:17:09 raspberrypi kernel: [    0.000000] Architected cp15 timer(s) running at 19.20MHz (virt).
Nov 16 10:17:09 raspberrypi kernel: [    0.000014] sched_clock: 56 bits at 19MHz, resolution 52ns, wraps every 3579139424256ns
Nov 16 10:17:09 raspberrypi kernel: [    0.000037] Switching to timer-based delay loop, resolution 52ns
Nov 16 10:17:09 raspberrypi kernel: [    0.000337] Console: colour dummy device 80x30
Nov 16 10:17:09 raspberrypi kernel: [    0.001754] console [tty0] enabled
Nov 16 10:17:09 raspberrypi kernel: [    0.001805] Calibrating delay loop (skipped), value calculated using timer frequency.. 38.40 BogoMIPS (lpj=192000)
Nov 16 10:17:09 raspberrypi kernel: [    0.001887] pid_max: default: 32768 minimum: 301
Nov 16 10:17:09 raspberrypi kernel: [    0.002296] Mount-cache hash table entries: 2048 (order: 1, 8192 bytes)
Nov 16 10:17:09 raspberrypi kernel: [    0.002359] Mountpoint-cache hash table entries: 2048 (order: 1, 8192 bytes)
Nov 16 10:17:09 raspberrypi kernel: [    0.003619] Initializing cgroup subsys memory
Nov 16 10:17:09 raspberrypi kernel: [    0.003706] Initializing cgroup subsys devices
Nov 16 10:17:09 raspberrypi kernel: [    0.003760] Initializing cgroup subsys freezer
Nov 16 10:17:09 raspberrypi kernel: [    0.003826] Initializing cgroup subsys net_cls
Nov 16 10:17:09 raspberrypi kernel: [    0.003881] Initializing cgroup subsys blkio
Nov 16 10:17:09 raspberrypi kernel: [    0.003991] CPU: Testing write buffer coherency: ok
Nov 16 10:17:09 raspberrypi kernel: [    0.004105] ftrace: allocating 19685 entries in 58 pages
Nov 16 10:17:09 raspberrypi kernel: [    0.052810] CPU0: update cpu_capacity 1024
Nov 16 10:17:09 raspberrypi kernel: [    0.052890] CPU0: thread -1, cpu 0, socket 15, mpidr 80000f00
Nov 16 10:17:09 raspberrypi kernel: [    0.052929] [bcm2709_smp_prepare_cpus] enter
Nov 16 10:17:09 raspberrypi kernel: [    0.053080] Setting up static identity map for 0x52d1f8 - 0x52d22c
Nov 16 10:17:09 raspberrypi kernel: [    0.112722] [bcm2709_boot_secondary] cpu:1 started (0) 18
Nov 16 10:17:09 raspberrypi kernel: [    0.113029] CPU1: Booted secondary processor
Nov 16 10:17:09 raspberrypi kernel: [    0.113039] [bcm2709_secondary_init] enter cpu:1
Nov 16 10:17:09 raspberrypi kernel: [    0.113088] CPU1: update cpu_capacity 1024
Nov 16 10:17:09 raspberrypi kernel: [    0.113097] CPU1: thread -1, cpu 1, socket 15, mpidr 80000f01
Nov 16 10:17:09 raspberrypi kernel: [    0.132678] [bcm2709_boot_secondary] cpu:2 started (0) 18
Nov 16 10:17:09 raspberrypi kernel: [    0.132932] CPU2: Booted secondary processor
Nov 16 10:17:09 raspberrypi kernel: [    0.132939] [bcm2709_secondary_init] enter cpu:2
Nov 16 10:17:09 raspberrypi kernel: [    0.132968] CPU2: update cpu_capacity 1024
Nov 16 10:17:09 raspberrypi kernel: [    0.132977] CPU2: thread -1, cpu 2, socket 15, mpidr 80000f02
Nov 16 10:17:09 raspberrypi kernel: [    0.152732] [bcm2709_boot_secondary] cpu:3 started (0) 17
Nov 16 10:17:09 raspberrypi kernel: [    0.152975] CPU3: Booted secondary processor
Nov 16 10:17:09 raspberrypi kernel: [    0.152982] [bcm2709_secondary_init] enter cpu:3
Nov 16 10:17:09 raspberrypi kernel: [    0.153010] CPU3: update cpu_capacity 1024
Nov 16 10:17:09 raspberrypi kernel: [    0.153018] CPU3: thread -1, cpu 3, socket 15, mpidr 80000f03
Nov 16 10:17:09 raspberrypi kernel: [    0.153110] Brought up 4 CPUs
Nov 16 10:17:09 raspberrypi kernel: [    0.153232] SMP: Total of 4 processors activated (153.60 BogoMIPS).
Nov 16 10:17:09 raspberrypi kernel: [    0.153266] CPU: All CPU(s) started in SVC mode.
Nov 16 10:17:09 raspberrypi kernel: [    0.154247] devtmpfs: initialized
Nov 16 10:17:09 raspberrypi kernel: [    0.179086] VFP support v0.3: implementor 41 architecture 2 part 30 variant 7 rev 5
Nov 16 10:17:09 raspberrypi kernel: [    0.181090] pinctrl core: initialized pinctrl subsystem
Nov 16 10:17:09 raspberrypi kernel: [    0.184335] NET: Registered protocol family 16
Nov 16 10:17:09 raspberrypi kernel: [    0.189906] DMA: preallocated 4096 KiB pool for atomic coherent allocations
Nov 16 10:17:09 raspberrypi kernel: [    0.191024] bcm2709.uart_clock = 3000000
Nov 16 10:17:09 raspberrypi kernel: [    0.194379] hw-breakpoint: found 5 (+1 reserved) breakpoint and 4 watchpoint registers.
Nov 16 10:17:09 raspberrypi kernel: [    0.194433] hw-breakpoint: maximum watchpoint size is 8 bytes.
Nov 16 10:17:09 raspberrypi kernel: [    0.194496] mailbox: Broadcom VideoCore Mailbox driver
Nov 16 10:17:09 raspberrypi kernel: [    0.194633] bcm2708_vcio: mailbox at f300b880
Nov 16 10:17:09 raspberrypi kernel: [    0.194996] bcm_power: Broadcom power driver
Nov 16 10:17:09 raspberrypi kernel: [    0.195034] bcm_power_open() -> 0
Nov 16 10:17:09 raspberrypi kernel: [    0.195060] bcm_power_request(0, 8)
Nov 16 10:17:09 raspberrypi kernel: [    0.695738] bcm_mailbox_read -> 00000080, 0
Nov 16 10:17:09 raspberrypi kernel: [    0.695771] bcm_power_request -> 0
Nov 16 10:17:09 raspberrypi kernel: [    0.695942] Serial: AMBA PL011 UART driver
Nov 16 10:17:09 raspberrypi kernel: [    0.696092] dev:f1: ttyAMA0 at MMIO 0x3f201000 (irq = 83, base_baud = 0) is a PL011 rev3
Nov 16 10:17:09 raspberrypi kernel: [    0.765353] SCSI subsystem initialized
Nov 16 10:17:09 raspberrypi kernel: [    0.765626] usbcore: registered new interface driver usbfs
Nov 16 10:17:09 raspberrypi kernel: [    0.765773] usbcore: registered new interface driver hub
Nov 16 10:17:09 raspberrypi kernel: [    0.765946] usbcore: registered new device driver usb
Nov 16 10:17:09 raspberrypi kernel: [    0.767774] Switched to clocksource arch_sys_counter
Nov 16 10:17:09 raspberrypi kernel: [    0.797873] FS-Cache: Loaded
Nov 16 10:17:09 raspberrypi kernel: [    0.798208] CacheFiles: Loaded
Nov 16 10:17:09 raspberrypi kernel: [    0.809531] NET: Registered protocol family 2
Nov 16 10:17:09 raspberrypi kernel: [    0.810954] TCP established hash table entries: 8192 (order: 3, 32768 bytes)
Nov 16 10:17:09 raspberrypi kernel: [    0.811141] TCP bind hash table entries: 8192 (order: 4, 65536 bytes)
Nov 16 10:17:09 raspberrypi kernel: [    0.811376] TCP: Hash tables configured (established 8192 bind 8192)
Nov 16 10:17:09 raspberrypi kernel: [    0.811507] TCP: reno registered
Nov 16 10:17:09 raspberrypi kernel: [    0.811545] UDP hash table entries: 512 (order: 2, 16384 bytes)
Nov 16 10:17:09 raspberrypi kernel: [    0.811631] UDP-Lite hash table entries: 512 (order: 2, 16384 bytes)
Nov 16 10:17:09 raspberrypi kernel: [    0.812007] NET: Registered protocol family 1
Nov 16 10:17:09 raspberrypi kernel: [    0.812635] RPC: Registered named UNIX socket transport module.
Nov 16 10:17:09 raspberrypi kernel: [    0.812681] RPC: Registered udp transport module.
Nov 16 10:17:09 raspberrypi kernel: [    0.812711] RPC: Registered tcp transport module.
Nov 16 10:17:09 raspberrypi kernel: [    0.812740] RPC: Registered tcp NFSv4.1 backchannel transport module.
Nov 16 10:17:09 raspberrypi kernel: [    0.813701] hw perfevents: enabled with armv7_cortex_a7 PMU driver, 5 counters available
Nov 16 10:17:09 raspberrypi kernel: [    0.814011] bcm2708_dma: DMA manager at f3007000
Nov 16 10:17:09 raspberrypi kernel: [    0.814223] vc-mem: phys_addr:0x00000000 mem_base=0x3dc00000 mem_size:0x3f000000(1008 MiB)
Nov 16 10:17:09 raspberrypi kernel: [    0.815791] futex hash table entries: 1024 (order: 4, 65536 bytes)
Nov 16 10:17:09 raspberrypi kernel: [    0.816048] audit: initializing netlink subsys (disabled)
Nov 16 10:17:09 raspberrypi kernel: [    0.816134] audit: type=2000 audit(0.789:1): initialized
Nov 16 10:17:09 raspberrypi kernel: [    0.832553] VFS: Disk quotas dquot_6.5.2
Nov 16 10:17:09 raspberrypi kernel: [    0.832956] Dquot-cache hash table entries: 1024 (order 0, 4096 bytes)
Nov 16 10:17:09 raspberrypi kernel: [    0.835980] FS-Cache: Netfs 'nfs' registered for caching
Nov 16 10:17:09 raspberrypi kernel: [    0.837035] NFS: Registering the id_resolver key type
Nov 16 10:17:09 raspberrypi kernel: [    0.837146] Key type id_resolver registered
Nov 16 10:17:09 raspberrypi kernel: [    0.837178] Key type id_legacy registered
Nov 16 10:17:09 raspberrypi kernel: [    0.838467] msgmni has been set to 1853
Nov 16 10:17:09 raspberrypi kernel: [    0.840269] Block layer SCSI generic (bsg) driver version 0.4 loaded (major 252)
Nov 16 10:17:09 raspberrypi kernel: [    0.840510] io scheduler noop registered
Nov 16 10:17:09 raspberrypi kernel: [    0.840557] io scheduler deadline registered (default)
Nov 16 10:17:09 raspberrypi kernel: [    0.840931] io scheduler cfq registered
Nov 16 10:17:09 raspberrypi kernel: [    0.843585] BCM2708FB: allocated DMA memory fac00000
Nov 16 10:17:09 raspberrypi kernel: [    0.843654] BCM2708FB: allocated DMA channel 0 @ f3007000
Nov 16 10:17:09 raspberrypi kernel: [    0.849156] Console: switching to colour frame buffer device 74x28
Nov 16 10:17:09 raspberrypi kernel: [    0.855003] bcm2708-dmaengine bcm2708-dmaengine: Load BCM2835 DMA engine driver
Nov 16 10:17:09 raspberrypi kernel: [    0.858829] uart-pl011 dev:f1: no DMA platform data
Nov 16 10:17:09 raspberrypi kernel: [    0.861097] vc-cma: Videocore CMA driver
Nov 16 10:17:09 raspberrypi kernel: [    0.862810] vc-cma: vc_cma_base      = 0x00000000
Nov 16 10:17:09 raspberrypi kernel: [    0.864477] vc-cma: vc_cma_size      = 0x00000000 (0 MiB)
Nov 16 10:17:09 raspberrypi kernel: [    0.866099] vc-cma: vc_cma_initial   = 0x00000000 (0 MiB)
Nov 16 10:17:09 raspberrypi kernel: [    0.879332] brd: module loaded
Nov 16 10:17:09 raspberrypi kernel: [    0.886656] loop: module loaded
Nov 16 10:17:09 raspberrypi kernel: [    0.888986] vchiq: vchiq_init_state: slot_zero = 0xbac80000, is_master = 0
Nov 16 10:17:09 raspberrypi kernel: [    0.892781] Loading iSCSI transport class v2.0-870.
Nov 16 10:17:09 raspberrypi kernel: [    0.895297] usbcore: registered new interface driver smsc95xx
Nov 16 10:17:09 raspberrypi kernel: [    0.896996] dwc_otg: version 3.00a 10-AUG-2012 (platform bus)
Nov 16 10:17:09 raspberrypi kernel: [    1.099044] Core Release: 2.80a
Nov 16 10:17:09 raspberrypi kernel: [    1.100656] Setting default values for core params
Nov 16 10:17:09 raspberrypi kernel: [    1.102275] Finished setting default values for core params
Nov 16 10:17:09 raspberrypi kernel: [    1.304286] Using Buffer DMA mode
Nov 16 10:17:09 raspberrypi kernel: [    1.305893] Periodic Transfer Interrupt Enhancement - disabled
Nov 16 10:17:09 raspberrypi kernel: [    1.307562] Multiprocessor Interrupt Enhancement - disabled
Nov 16 10:17:09 raspberrypi kernel: [    1.309262] OTG VER PARAM: 0, OTG VER FLAG: 0
Nov 16 10:17:09 raspberrypi kernel: [    1.310960] Dedicated Tx FIFOs mode
Nov 16 10:17:09 raspberrypi kernel: [    1.312889] WARN::dwc_otg_hcd_init:1047: FIQ DMA bounce buffers: virt = 0xbac14000 dma = 0xfac14000 len=9024
Nov 16 10:17:09 raspberrypi kernel: [    1.316250] FIQ FSM acceleration enabled for :
Nov 16 10:17:09 raspberrypi kernel: [    1.316250] Non-periodic Split Transactions
Nov 16 10:17:09 raspberrypi kernel: [    1.316250] Periodic Split Transactions
Nov 16 10:17:09 raspberrypi kernel: [    1.316250] High-Speed Isochronous Endpoints
Nov 16 10:17:09 raspberrypi kernel: [    1.322791] dwc_otg: Microframe scheduler enabled
Nov 16 10:17:09 raspberrypi kernel: [    1.322868] WARN::hcd_init_fiq:412: FIQ on core 1 at 0x803db878
Nov 16 10:17:09 raspberrypi kernel: [    1.324628] WARN::hcd_init_fiq:413: FIQ ASM at 0x803dbbd4 length 36
Nov 16 10:17:09 raspberrypi kernel: [    1.326363] WARN::hcd_init_fiq:438: MPHI regs_base at 0xbb80a000
Nov 16 10:17:09 raspberrypi kernel: [    1.328118] dwc_otg bcm2708_usb: DWC OTG Controller
Nov 16 10:17:09 raspberrypi kernel: [    1.329880] dwc_otg bcm2708_usb: new USB bus registered, assigned bus number 1
Nov 16 10:17:09 raspberrypi kernel: [    1.333257] dwc_otg bcm2708_usb: irq 32, io mem 0x00000000
Nov 16 10:17:09 raspberrypi kernel: [    1.335026] Init: Port Power? op_state=1
Nov 16 10:17:09 raspberrypi kernel: [    1.336720] Init: Power Port (0)
Nov 16 10:17:09 raspberrypi kernel: [    1.338670] usb usb1: New USB device found, idVendor=1d6b, idProduct=0002
Nov 16 10:17:09 raspberrypi kernel: [    1.342017] usb usb1: New USB device strings: Mfr=3, Product=2, SerialNumber=1
Nov 16 10:17:09 raspberrypi kernel: [    1.345460] usb usb1: Product: DWC OTG Controller
Nov 16 10:17:09 raspberrypi kernel: [    1.347225] usb usb1: Manufacturer: Linux 3.18.16-v7+ dwc_otg_hcd
Nov 16 10:17:09 raspberrypi kernel: [    1.349038] usb usb1: SerialNumber: bcm2708_usb
Nov 16 10:17:09 raspberrypi kernel: [    1.351667] hub 1-0:1.0: USB hub found
Nov 16 10:17:09 raspberrypi kernel: [    1.353450] hub 1-0:1.0: 1 port detected
Nov 16 10:17:09 raspberrypi kernel: [    1.355573] dwc_otg: FIQ enabled
Nov 16 10:17:09 raspberrypi kernel: [    1.355588] dwc_otg: NAK holdoff enabled
Nov 16 10:17:09 raspberrypi kernel: [    1.355599] dwc_otg: FIQ split-transaction FSM enabled
Nov 16 10:17:09 raspberrypi kernel: [    1.355640] Module dwc_common_port init
Nov 16 10:17:09 raspberrypi kernel: [    1.356041] usbcore: registered new interface driver usb-storage
Nov 16 10:17:09 raspberrypi kernel: [    1.358066] mousedev: PS/2 mouse device common for all mice
Nov 16 10:17:09 raspberrypi kernel: [    1.360404] bcm2835-cpufreq: min=600000 max=900000
Nov 16 10:17:09 raspberrypi kernel: [    1.362475] sdhci: Secure Digital Host Controller Interface driver
Nov 16 10:17:09 raspberrypi kernel: [    1.364277] sdhci: Copyright(c) Pierre Ossman
Nov 16 10:17:09 raspberrypi kernel: [    1.366470] mmc-bcm2835 3f300000.mmc: DMA channels allocated
Nov 16 10:17:09 raspberrypi kernel: [    1.408130] sdhci-pltfm: SDHCI platform and OF driver helper
Nov 16 10:17:09 raspberrypi kernel: [    1.415012] ledtrig-cpu: registered to indicate activity on CPUs
Nov 16 10:17:09 raspberrypi kernel: [    1.417126] hidraw: raw HID events driver (C) Jiri Kosina
Nov 16 10:17:09 raspberrypi kernel: [    1.419359] usbcore: registered new interface driver usbhid
Nov 16 10:17:09 raspberrypi kernel: [    1.422252] usbhid: USB HID core driver
Nov 16 10:17:09 raspberrypi kernel: [    1.425488] TCP: cubic registered
Nov 16 10:17:09 raspberrypi kernel: [    1.427304] Initializing XFRM netlink socket
Nov 16 10:17:09 raspberrypi kernel: [    1.430319] NET: Registered protocol family 17
Nov 16 10:17:09 raspberrypi kernel: [    1.434381] Key type dns_resolver registered
Nov 16 10:17:09 raspberrypi kernel: [    1.436569] Registering SWP/SWPB emulation handler
Nov 16 10:17:09 raspberrypi kernel: [    1.439246] registered taskstats version 1
Nov 16 10:17:09 raspberrypi kernel: [    1.441192] vc-sm: Videocore shared memory driver
Nov 16 10:17:09 raspberrypi kernel: [    1.442802] [vc_sm_connected_init]: start
Nov 16 10:17:09 raspberrypi kernel: [    1.445106] [vc_sm_connected_init]: end - returning 0
Nov 16 10:17:09 raspberrypi kernel: [    1.448153] Waiting for root device /dev/mmcblk0p6...
Nov 16 10:17:09 raspberrypi kernel: [    1.467399] mmc0: host does not support reading read-only switch, assuming write-enable
Nov 16 10:17:09 raspberrypi kernel: [    1.474565] mmc0: new high speed SDHC card at address aaaa
Nov 16 10:17:09 raspberrypi kernel: [    1.476850] mmcblk0: mmc0:aaaa SL08G 7.40 GiB 
Nov 16 10:17:09 raspberrypi kernel: [    1.482071]  mmcblk0: p1 p2 < p5 p6 > p3
Nov 16 10:17:09 raspberrypi kernel: [    1.547922] Indeed it is in host mode hprt0 = 00021501
Nov 16 10:17:09 raspberrypi kernel: [    1.560034] EXT4-fs (mmcblk0p6): INFO: recovery required on readonly filesystem
Nov 16 10:17:09 raspberrypi kernel: [    1.563285] EXT4-fs (mmcblk0p6): write access will be enabled during recovery
Nov 16 10:17:09 raspberrypi kernel: [    1.727884] usb 1-1: new high-speed USB device number 2 using dwc_otg
Nov 16 10:17:09 raspberrypi kernel: [    1.730020] Indeed it is in host mode hprt0 = 00001101
Nov 16 10:17:09 raspberrypi kernel: [    1.928138] usb 1-1: New USB device found, idVendor=0424, idProduct=9514
Nov 16 10:17:09 raspberrypi kernel: [    1.931925] usb 1-1: New USB device strings: Mfr=0, Product=0, SerialNumber=0
Nov 16 10:17:09 raspberrypi kernel: [    1.936745] hub 1-1:1.0: USB hub found
Nov 16 10:17:09 raspberrypi kernel: [    1.938861] hub 1-1:1.0: 5 ports detected
Nov 16 10:17:09 raspberrypi kernel: [    2.217912] usb 1-1.1: new high-speed USB device number 3 using dwc_otg
Nov 16 10:17:09 raspberrypi kernel: [    2.318134] usb 1-1.1: New USB device found, idVendor=0424, idProduct=ec00
Nov 16 10:17:09 raspberrypi kernel: [    2.322084] usb 1-1.1: New USB device strings: Mfr=0, Product=0, SerialNumber=0
Nov 16 10:17:09 raspberrypi kernel: [    2.329261] smsc95xx v1.0.4
Nov 16 10:17:09 raspberrypi kernel: [    2.391960] smsc95xx 1-1.1:1.0 eth0: register 'smsc95xx' at usb-bcm2708_usb-1.1, smsc95xx USB 2.0 Ethernet, b8:27:eb:bc:01:08
Nov 16 10:17:09 raspberrypi kernel: [    2.912812] EXT4-fs (mmcblk0p6): orphan cleanup on readonly fs
Nov 16 10:17:09 raspberrypi kernel: [    2.947638] EXT4-fs (mmcblk0p6): 5 orphan inodes deleted
Nov 16 10:17:09 raspberrypi kernel: [    2.949837] EXT4-fs (mmcblk0p6): recovery complete
Nov 16 10:17:09 raspberrypi kernel: [    2.986114] EXT4-fs (mmcblk0p6): mounted filesystem with ordered data mode. Opts: (null)
Nov 16 10:17:09 raspberrypi kernel: [    2.990143] VFS: Mounted root (ext4 filesystem) readonly on device 179:6.
Nov 16 10:17:09 raspberrypi kernel: [    3.001149] devtmpfs: mounted
Nov 16 10:17:09 raspberrypi kernel: [    3.003732] Freeing unused kernel memory: 388K (8075b000 - 807bc000)
Nov 16 10:17:09 raspberrypi kernel: [    4.550554] bcm2708_spi 3f204000.spi: master is unqueued, this is deprecated
Nov 16 10:17:09 raspberrypi kernel: [    4.614895] bcm2708_spi 3f204000.spi: SPI Controller at 0x3f204000 (irq 80)
Nov 16 10:17:09 raspberrypi kernel: [    4.626351] bcm2708_i2c 3f804000.i2c: BSC1 Controller at 0x3f804000 (irq 79) (baudrate 100000)
Nov 16 10:17:09 raspberrypi kernel: [    4.768630] random: nonblocking pool is initialized
Nov 16 10:17:09 raspberrypi kernel: [    6.330608] EXT4-fs (mmcblk0p6): re-mounted. Opts: (null)
Nov 16 10:17:09 raspberrypi kernel: [    6.557338] EXT4-fs (mmcblk0p6): re-mounted. Opts: (null)
Nov 16 10:17:09 raspberrypi kernel: [    7.076950] i2c /dev entries driver
Nov 16 10:17:09 raspberrypi kernel: [   11.021537] smsc95xx 1-1.1:1.0 eth0: hardware isn't capable of remote wakeup
Nov 16 10:17:09 raspberrypi kernel: [   13.918520] cfg80211: Calling CRDA to update world regulatory domain
Nov 16 10:17:09 raspberrypi dhcpcd[1941]: all: IPv6 kernel autoconf disabled
Nov 16 10:17:09 raspberrypi dhcpcd[1941]: eth0: adding address fe80::393c:6a46:a69:3972
Nov 16 10:17:09 raspberrypi dhcpcd[1941]: if_addaddress6: Operation not supported
Nov 16 10:17:10 raspberrypi kernel: [   14.346146] Adding 102396k swap on /var/swap.  Priority:-1 extents:1 across:102396k SSFS
Nov 16 10:17:10 raspberrypi /usr/sbin/cron[2163]: (CRON) INFO (pidfile fd = 3)
Nov 16 10:17:10 raspberrypi /usr/sbin/cron[2179]: (CRON) STARTUP (fork ok)
Nov 16 10:17:10 raspberrypi kernel: [   14.462689] fuse init (API version 7.23)
Nov 16 10:17:10 raspberrypi /usr/sbin/cron[2179]: (CRON) INFO (Running @reboot jobs)
Nov 16 10:17:10 raspberrypi ntpd[2150]: ntpd 4.2.6p5@1.2349-o Mon Nov  2 04:29:31 UTC 2015 (1)
Nov 16 10:17:10 raspberrypi ntpd[2214]: proto: precision = 1.094 usec
Nov 16 10:17:10 raspberrypi ntpd[2214]: Listen and drop on 0 v4wildcard 0.0.0.0 UDP 123
Nov 16 10:17:10 raspberrypi ntpd[2214]: Listen normally on 1 lo 127.0.0.1 UDP 123
Nov 16 10:17:10 raspberrypi ntpd[2214]: peers refreshed
Nov 16 10:17:10 raspberrypi ntpd[2214]: Listening on routing socket on fd #18 for interface updates
Nov 16 10:17:10 raspberrypi dhcpcd[1941]: no interfaces have a carrier
Nov 16 10:17:10 raspberrypi dhcpcd[1941]: forked to background, child pid 2246
Nov 16 10:17:10 raspberrypi dhcpcd[2246]: eth0: waiting for carrier
Nov 16 10:17:10 raspberrypi ntpd[2214]: restrict: error in address '::' on line 38. Ignoring...
Nov 16 10:17:10 raspberrypi ntpd[2214]: restrict: error in address '::1' on line 42. Ignoring...
Nov 16 10:17:10 raspberrypi ntpd[2214]: Deferring DNS for 0.debian.pool.ntp.org 1
Nov 16 10:17:10 raspberrypi ntpd[2214]: Deferring DNS for 1.debian.pool.ntp.org 1
Nov 16 10:17:10 raspberrypi ntpd[2214]: Deferring DNS for 2.debian.pool.ntp.org 1
Nov 16 10:17:10 raspberrypi ntpd[2214]: Deferring DNS for 3.debian.pool.ntp.org 1
Nov 16 10:17:10 raspberrypi ntpd[2253]: signal_no_reset: signal 17 had flags 4000000
Nov 16 10:17:11 raspberrypi avahi-daemon[2317]: Found user 'avahi' (UID 103) and group 'avahi' (GID 105).
Nov 16 10:17:11 raspberrypi avahi-daemon[2317]: Successfully dropped root privileges.
Nov 16 10:17:11 raspberrypi avahi-daemon[2317]: avahi-daemon 0.6.31 starting up.
Nov 16 10:17:11 raspberrypi avahi-daemon[2317]: Successfully called chroot().
Nov 16 10:17:11 raspberrypi avahi-daemon[2317]: Successfully dropped remaining capabilities.
Nov 16 10:17:11 raspberrypi avahi-daemon[2317]: Loading service file /services/udisks.service.
Nov 16 10:17:11 raspberrypi avahi-daemon[2317]: socket() failed: Address family not supported by protocol
Nov 16 10:17:11 raspberrypi avahi-daemon[2317]: Failed to create IPv6 socket, proceeding in IPv4 only mode
Nov 16 10:17:11 raspberrypi avahi-daemon[2317]: socket() failed: Address family not supported by protocol
Nov 16 10:17:11 raspberrypi avahi-daemon[2317]: Network interface enumeration completed.
Nov 16 10:17:11 raspberrypi avahi-daemon[2317]: Registering HINFO record with values 'ARMV7L'/'LINUX'.
Nov 16 10:17:11 raspberrypi avahi-daemon[2317]: Server startup complete. Host name is raspberrypi.local. Local service cookie is 1108469958.
Nov 16 10:17:11 raspberrypi avahi-daemon[2317]: Service "raspberrypi" (/services/udisks.service) successfully established.
Nov 16 10:17:12 raspberrypi mysqld_safe: Starting mysqld daemon with databases from /var/lib/mysql
Nov 16 10:17:12 raspberrypi mysqld: 161116 10:17:12 [Warning] Using unique option prefix key_buffer instead of key_buffer_size is deprecated and will be removed in a future release. Please use the full name instead.
Nov 16 10:17:12 raspberrypi mysqld: 161116 10:17:12 [Note] /usr/sbin/mysqld (mysqld 5.5.47-0+deb7u1) starting as process 2852 ...
Nov 16 10:17:12 raspberrypi ntpd_intres[2253]: host name not found EAI_NODATA: 0.debian.pool.ntp.org
Nov 16 10:17:12 raspberrypi ntpd_intres[2253]: host name not found EAI_NODATA: 1.debian.pool.ntp.org
Nov 16 10:17:12 raspberrypi ntpd_intres[2253]: host name not found EAI_NODATA: 2.debian.pool.ntp.org
Nov 16 10:17:12 raspberrypi ntpd_intres[2253]: host name not found EAI_NODATA: 3.debian.pool.ntp.org
Nov 16 10:17:12 raspberrypi mysqld: 161116 10:17:12 [Warning] Using unique option prefix myisam-recover instead of myisam-recover-options is deprecated and will be removed in a future release. Please use the full name instead.
Nov 16 10:17:12 raspberrypi mysqld: 161116 10:17:12 [Note] Plugin 'FEDERATED' is disabled.
Nov 16 10:17:12 raspberrypi mysqld: 161116 10:17:12 InnoDB: The InnoDB memory heap is disabled
Nov 16 10:17:12 raspberrypi mysqld: 161116 10:17:12 InnoDB: Mutexes and rw_locks use GCC atomic builtins
Nov 16 10:17:12 raspberrypi mysqld: 161116 10:17:12 InnoDB: Compressed tables use zlib 1.2.7
Nov 16 10:17:12 raspberrypi mysqld: 161116 10:17:12 InnoDB: Using Linux native AIO
Nov 16 10:17:12 raspberrypi mysqld: 161116 10:17:12 InnoDB: Initializing buffer pool, size = 128.0M
Nov 16 10:17:12 raspberrypi mysqld: 161116 10:17:12 InnoDB: Completed initialization of buffer pool
Nov 16 10:17:12 raspberrypi mysqld: 161116 10:17:12 InnoDB: highest supported file format is Barracuda.
Nov 16 10:17:12 raspberrypi mysqld: InnoDB: The log sequence number in ibdata files does not match
Nov 16 10:17:12 raspberrypi mysqld: InnoDB: the log sequence number in the ib_logfiles!
Nov 16 10:17:12 raspberrypi mysqld: 161116 10:17:12  InnoDB: Database was not shut down normally!
Nov 16 10:17:12 raspberrypi mysqld: InnoDB: Starting crash recovery.
Nov 16 10:17:12 raspberrypi mysqld: InnoDB: Reading tablespace information from the .ibd files...
Nov 16 10:17:12 raspberrypi mysqld: InnoDB: Restoring possible half-written data pages from the doublewrite
Nov 16 10:17:12 raspberrypi mysqld: InnoDB: buffer...
Nov 16 10:17:13 raspberrypi mysqld: 161116 10:17:13  InnoDB: Waiting for the background threads to start
Nov 16 10:17:14 raspberrypi mysqld: 161116 10:17:14 InnoDB: 5.5.47 started; log sequence number 5285901467
Nov 16 10:17:14 raspberrypi mysqld: 161116 10:17:14 [Note] Server hostname (bind-address): '0.0.0.0'; port: 3306
Nov 16 10:17:14 raspberrypi mysqld: 161116 10:17:14 [Note]   - '0.0.0.0' resolves to '0.0.0.0';
Nov 16 10:17:14 raspberrypi mysqld: 161116 10:17:14 [Note] Server socket created on IP: '0.0.0.0'.
Nov 16 10:17:15 raspberrypi mysqld: 161116 10:17:15 [Note] Event Scheduler: Loaded 0 events
Nov 16 10:17:15 raspberrypi mysqld: 161116 10:17:15 [Note] /usr/sbin/mysqld: ready for connections.
Nov 16 10:17:15 raspberrypi mysqld: Version: '5.5.47-0+deb7u1'  socket: '/var/run/mysqld/mysqld.sock'  port: 3306  (Debian)
Nov 16 10:17:16 raspberrypi /etc/mysql/debian-start[2959]: Upgrading MySQL tables if necessary.
Nov 16 10:17:16 raspberrypi /etc/mysql/debian-start[2963]: /usr/bin/mysql_upgrade: the '--basedir' option is always ignored
Nov 16 10:17:16 raspberrypi /etc/mysql/debian-start[2963]: Looking for 'mysql' as: /usr/bin/mysql
Nov 16 10:17:16 raspberrypi /etc/mysql/debian-start[2963]: Looking for 'mysqlcheck' as: /usr/bin/mysqlcheck
Nov 16 10:17:16 raspberrypi /etc/mysql/debian-start[2963]: This installation of MySQL is already upgraded to 5.5.47, use --force if you still need to run mysql_upgrade
Nov 16 10:17:16 raspberrypi /etc/mysql/debian-start[2994]: Checking for insecure root accounts.
Nov 16 10:17:16 raspberrypi /etc/mysql/debian-start[2999]: Triggering myisam-recover for all MyISAM tables
Nov 16 10:18:14 raspberrypi ntpd_intres[2253]: host name not found EAI_NODATA: 0.debian.pool.ntp.org
Nov 16 10:18:14 raspberrypi ntpd_intres[2253]: host name not found EAI_NODATA: 1.debian.pool.ntp.org
Nov 16 10:18:14 raspberrypi ntpd_intres[2253]: host name not found EAI_NODATA: 2.debian.pool.ntp.org
Nov 16 10:18:14 raspberrypi ntpd_intres[2253]: host name not found EAI_NODATA: 3.debian.pool.ntp.org
Nov 16 10:20:16 raspberrypi ntpd_intres[2253]: host name not found EAI_NODATA: 0.debian.pool.ntp.org
Nov 16 10:20:16 raspberrypi ntpd_intres[2253]: host name not found EAI_NODATA: 1.debian.pool.ntp.org
Nov 16 10:20:16 raspberrypi ntpd_intres[2253]: host name not found EAI_NODATA: 2.debian.pool.ntp.org
Nov 16 10:20:16 raspberrypi ntpd_intres[2253]: host name not found EAI_NODATA: 3.debian.pool.ntp.org
Nov 16 10:24:19 raspberrypi ntpd_intres[2253]: host name not found EAI_NODATA: 0.debian.pool.ntp.org
Nov 16 10:24:19 raspberrypi ntpd_intres[2253]: host name not found EAI_NODATA: 1.debian.pool.ntp.org
Nov 16 10:24:19 raspberrypi ntpd_intres[2253]: host name not found EAI_NODATA: 2.debian.pool.ntp.org
Nov 16 10:24:19 raspberrypi ntpd_intres[2253]: host name not found EAI_NODATA: 3.debian.pool.ntp.org
Nov 16 10:32:21 raspberrypi ntpd_intres[2253]: host name not found EAI_NODATA: 0.debian.pool.ntp.org
Nov 16 10:32:21 raspberrypi ntpd_intres[2253]: host name not found EAI_NODATA: 1.debian.pool.ntp.org
Nov 16 10:32:21 raspberrypi ntpd_intres[2253]: host name not found EAI_NODATA: 2.debian.pool.ntp.org
Nov 16 10:32:21 raspberrypi ntpd_intres[2253]: host name not found EAI_NODATA: 3.debian.pool.ntp.org
Nov 16 10:17:09 raspberrypi kernel: imklog 5.8.11, log source = /proc/kmsg started.
Nov 16 10:17:09 raspberrypi rsyslogd: [origin software="rsyslogd" swVersion="5.8.11" x-pid="1987" x-info="http://www.rsyslog.com"] start
Nov 16 10:17:09 raspberrypi kernel: [    0.000000] Booting Linux on physical CPU 0xf00
Nov 16 10:17:09 raspberrypi kernel: [    0.000000] Initializing cgroup subsys cpu
Nov 16 10:17:09 raspberrypi kernel: [    0.000000] Initializing cgroup subsys cpuacct
Nov 16 10:17:09 raspberrypi kernel: [    0.000000] Linux version 3.18.16-v7+ (dc4@dc4-XPS13-9333) (gcc version 4.8.3 20140303 (prerelease) (crosstool-NG linaro-1.13.1+bzr2650 - Linaro GCC 2014.03) ) #795 SMP PREEMPT Wed Jun 17 13:24:01 BST 2015
Nov 16 10:17:09 raspberrypi kernel: [    0.000000] CPU: ARMv7 Processor [410fc075] revision 5 (ARMv7), cr=10c5387d
Nov 16 10:17:09 raspberrypi kernel: [    0.000000] CPU: PIPT / VIPT nonaliasing data cache, VIPT aliasing instruction cache
Nov 16 10:17:09 raspberrypi kernel: [    0.000000] Machine model: Raspberry Pi 2 Model B Rev 1.1
Nov 16 10:17:09 raspberrypi kernel: [    0.000000] cma: Reserved 8 MiB at 0x3a800000
Nov 16 10:17:09 raspberrypi kernel: [    0.000000] Memory policy: Data cache writealloc
Nov 16 10:17:09 raspberrypi kernel: [    0.000000] On node 0 totalpages: 241664
Nov 16 10:17:09 raspberrypi kernel: [    0.000000] free_area_init_node: node 0, pgdat 80817680, node_mem_map ba093000
Nov 16 10:17:09 raspberrypi kernel: [    0.000000]   Normal zone: 1888 pages used for memmap
Nov 16 10:17:09 raspberrypi kernel: [    0.000000]   Normal zone: 0 pages reserved
Nov 16 10:17:09 raspberrypi kernel: [    0.000000]   Normal zone: 241664 pages, LIFO batch:31
Nov 16 10:17:09 raspberrypi kernel: [    0.000000] [bcm2709_smp_init_cpus] enter (8620->f3003010)
Nov 16 10:17:09 raspberrypi kernel: [    0.000000] [bcm2709_smp_init_cpus] ncores=4
Nov 16 10:17:09 raspberrypi kernel: [    0.000000] PERCPU: Embedded 10 pages/cpu @ba061000 s11456 r8192 d21312 u40960
Nov 16 10:17:09 raspberrypi kernel: [    0.000000] pcpu-alloc: s11456 r8192 d21312 u40960 alloc=10*4096
Nov 16 10:17:09 raspberrypi kernel: [    0.000000] pcpu-alloc: [0] 0 [0] 1 [0] 2 [0] 3 
Nov 16 10:17:09 raspberrypi kernel: [    0.000000] Built 1 zonelists in Zone order, mobility grouping on.  Total pages: 239776
Nov 16 10:17:09 raspberrypi kernel: [    0.000000] Kernel command line: dma.dmachans=0x7f35 bcm2708_fb.fbwidth=592 bcm2708_fb.fbheight=448 bcm2709.boardrev=0xa01041 bcm2709.serial=0x52bc0108 smsc95xx.macaddr=B8:27:EB:BC:01:08 bcm2708_fb.fbswap=1 bcm2709.disk_led_gpio=47 bcm2709.disk_led_active_low=0 sdhci-bcm2708.emmc_clock_freq=250000000 vc_mem.mem_base=0x3dc00000 vc_mem.mem_size=0x3f000000  dwc_otg.lpm_enable=0 root=/dev/mmcblk0p6 rootfstype=ext4 elevator=deadline rootwait
Nov 16 10:17:09 raspberrypi kernel: [    0.000000] PID hash table entries: 4096 (order: 2, 16384 bytes)
Nov 16 10:17:09 raspberrypi kernel: [    0.000000] Dentry cache hash table entries: 131072 (order: 7, 524288 bytes)
Nov 16 10:17:09 raspberrypi kernel: [    0.000000] Inode-cache hash table entries: 65536 (order: 6, 262144 bytes)
Nov 16 10:17:09 raspberrypi kernel: [    0.000000] Memory: 940800K/966656K available (5739K kernel code, 397K rwdata, 1756K rodata, 388K init, 763K bss, 25856K reserved)
Nov 16 10:17:09 raspberrypi kernel: [    0.000000] Virtual kernel memory layout:
Nov 16 10:17:09 raspberrypi kernel: [    0.000000]     vector  : 0xffff0000 - 0xffff1000   (   4 kB)
Nov 16 10:17:09 raspberrypi kernel: [    0.000000]     fixmap  : 0xffc00000 - 0xffe00000   (2048 kB)
Nov 16 10:17:09 raspberrypi kernel: [    0.000000]     vmalloc : 0xbb800000 - 0xff000000   (1080 MB)
Nov 16 10:17:09 raspberrypi kernel: [    0.000000]     lowmem  : 0x80000000 - 0xbb000000   ( 944 MB)
Nov 16 10:17:09 raspberrypi kernel: [    0.000000]     modules : 0x7f000000 - 0x80000000   (  16 MB)
Nov 16 10:17:09 raspberrypi kernel: [    0.000000]       .text : 0x80008000 - 0x8075a024   (7497 kB)
Nov 16 10:17:09 raspberrypi kernel: [    0.000000]       .init : 0x8075b000 - 0x807bc000   ( 388 kB)
Nov 16 10:17:09 raspberrypi kernel: [    0.000000]       .data : 0x807bc000 - 0x8081f6bc   ( 398 kB)
Nov 16 10:17:09 raspberrypi kernel: [    0.000000]        .bss : 0x8081f6bc - 0x808de494   ( 764 kB)
Nov 16 10:17:09 raspberrypi kernel: [    0.000000] SLUB: HWalign=64, Order=0-3, MinObjects=0, CPUs=4, Nodes=1
Nov 16 10:17:09 raspberrypi kernel: [    0.000000] Preemptible hierarchical RCU implementation.
Nov 16 10:17:09 raspberrypi kernel: [    0.000000] NR_IRQS:608
Nov 16 10:17:09 raspberrypi kernel: [    0.000000] Architected cp15 timer(s) running at 19.20MHz (virt).
Nov 16 10:17:09 raspberrypi kernel: [    0.000015] sched_clock: 56 bits at 19MHz, resolution 52ns, wraps every 3579139424256ns
Nov 16 10:17:09 raspberrypi kernel: [    0.000037] Switching to timer-based delay loop, resolution 52ns
Nov 16 10:17:09 raspberrypi kernel: [    0.000333] Console: colour dummy device 80x30
Nov 16 10:17:09 raspberrypi kernel: [    0.001754] console [tty0] enabled
Nov 16 10:17:09 raspberrypi kernel: [    0.001804] Calibrating delay loop (skipped), value calculated using timer frequency.. 38.40 BogoMIPS (lpj=192000)
Nov 16 10:17:09 raspberrypi kernel: [    0.001888] pid_max: default: 32768 minimum: 301
Nov 16 10:17:09 raspberrypi kernel: [    0.002292] Mount-cache hash table entries: 2048 (order: 1, 8192 bytes)
Nov 16 10:17:09 raspberrypi kernel: [    0.002351] Mountpoint-cache hash table entries: 2048 (order: 1, 8192 bytes)
Nov 16 10:17:09 raspberrypi kernel: [    0.003608] Initializing cgroup subsys memory
Nov 16 10:17:09 raspberrypi kernel: [    0.003697] Initializing cgroup subsys devices
Nov 16 10:17:09 raspberrypi kernel: [    0.003752] Initializing cgroup subsys freezer
Nov 16 10:17:09 raspberrypi kernel: [    0.003817] Initializing cgroup subsys net_cls
Nov 16 10:17:09 raspberrypi kernel: [    0.003867] Initializing cgroup subsys blkio
Nov 16 10:17:09 raspberrypi kernel: [    0.003977] CPU: Testing write buffer coherency: ok
Nov 16 10:17:09 raspberrypi kernel: [    0.004093] ftrace: allocating 19685 entries in 58 pages
Nov 16 10:17:09 raspberrypi kernel: [    0.052782] CPU0: update cpu_capacity 1024
Nov 16 10:17:09 raspberrypi kernel: [    0.052858] CPU0: thread -1, cpu 0, socket 15, mpidr 80000f00
Nov 16 10:17:09 raspberrypi kernel: [    0.052897] [bcm2709_smp_prepare_cpus] enter
Nov 16 10:17:09 raspberrypi kernel: [    0.053049] Setting up static identity map for 0x52d1f8 - 0x52d22c
Nov 16 10:17:09 raspberrypi kernel: [    0.112698] [bcm2709_boot_secondary] cpu:1 started (0) 18
Nov 16 10:17:09 raspberrypi kernel: [    0.113009] CPU1: Booted secondary processor
Nov 16 10:17:09 raspberrypi kernel: [    0.113018] [bcm2709_secondary_init] enter cpu:1
Nov 16 10:17:09 raspberrypi kernel: [    0.113069] CPU1: update cpu_capacity 1024
Nov 16 10:17:09 raspberrypi kernel: [    0.113077] CPU1: thread -1, cpu 1, socket 15, mpidr 80000f01
Nov 16 10:17:09 raspberrypi kernel: [    0.132658] [bcm2709_boot_secondary] cpu:2 started (0) 17
Nov 16 10:17:09 raspberrypi kernel: [    0.132911] CPU2: Booted secondary processor
Nov 16 10:17:09 raspberrypi kernel: [    0.132918] [bcm2709_secondary_init] enter cpu:2
Nov 16 10:17:09 raspberrypi kernel: [    0.132948] CPU2: update cpu_capacity 1024
Nov 16 10:17:09 raspberrypi kernel: [    0.132956] CPU2: thread -1, cpu 2, socket 15, mpidr 80000f02
Nov 16 10:17:09 raspberrypi kernel: [    0.152711] [bcm2709_boot_secondary] cpu:3 started (0) 18
Nov 16 10:17:09 raspberrypi kernel: [    0.152956] CPU3: Booted secondary processor
Nov 16 10:17:09 raspberrypi kernel: [    0.152963] [bcm2709_secondary_init] enter cpu:3
Nov 16 10:17:09 raspberrypi kernel: [    0.152992] CPU3: update cpu_capacity 1024
Nov 16 10:17:09 raspberrypi kernel: [    0.153000] CPU3: thread -1, cpu 3, socket 15, mpidr 80000f03
Nov 16 10:17:09 raspberrypi kernel: [    0.153088] Brought up 4 CPUs
Nov 16 10:17:09 raspberrypi kernel: [    0.153211] SMP: Total of 4 processors activated (153.60 BogoMIPS).
Nov 16 10:17:09 raspberrypi kernel: [    0.153245] CPU: All CPU(s) started in SVC mode.
Nov 16 10:17:09 raspberrypi kernel: [    0.154231] devtmpfs: initialized
Nov 16 10:17:09 raspberrypi kernel: [    0.179123] VFP support v0.3: implementor 41 architecture 2 part 30 variant 7 rev 5
Nov 16 10:17:09 raspberrypi kernel: [    0.181108] pinctrl core: initialized pinctrl subsystem
Nov 16 10:17:09 raspberrypi kernel: [    0.184368] NET: Registered protocol family 16
Nov 16 10:17:09 raspberrypi kernel: [    0.189943] DMA: preallocated 4096 KiB pool for atomic coherent allocations
Nov 16 10:17:09 raspberrypi kernel: [    0.191065] bcm2709.uart_clock = 3000000
Nov 16 10:17:09 raspberrypi kernel: [    0.194395] hw-breakpoint: found 5 (+1 reserved) breakpoint and 4 watchpoint registers.
Nov 16 10:17:09 raspberrypi kernel: [    0.194450] hw-breakpoint: maximum watchpoint size is 8 bytes.
Nov 16 10:17:09 raspberrypi kernel: [    0.194513] mailbox: Broadcom VideoCore Mailbox driver
Nov 16 10:17:09 raspberrypi kernel: [    0.194649] bcm2708_vcio: mailbox at f300b880
Nov 16 10:17:09 raspberrypi kernel: [    0.195013] bcm_power: Broadcom power driver
Nov 16 10:17:09 raspberrypi kernel: [    0.195050] bcm_power_open() -> 0
Nov 16 10:17:09 raspberrypi kernel: [    0.195077] bcm_power_request(0, 8)
Nov 16 10:17:09 raspberrypi kernel: [    0.695755] bcm_mailbox_read -> 00000080, 0
Nov 16 10:17:09 raspberrypi kernel: [    0.695788] bcm_power_request -> 0
Nov 16 10:17:09 raspberrypi kernel: [    0.695955] Serial: AMBA PL011 UART driver
Nov 16 10:17:09 raspberrypi kernel: [    0.696107] dev:f1: ttyAMA0 at MMIO 0x3f201000 (irq = 83, base_baud = 0) is a PL011 rev3
Nov 16 10:17:09 raspberrypi kernel: [    0.765356] SCSI subsystem initialized
Nov 16 10:17:09 raspberrypi kernel: [    0.765625] usbcore: registered new interface driver usbfs
Nov 16 10:17:09 raspberrypi kernel: [    0.765774] usbcore: registered new interface driver hub
Nov 16 10:17:09 raspberrypi kernel: [    0.765948] usbcore: registered new device driver usb
Nov 16 10:17:09 raspberrypi kernel: [    0.767788] Switched to clocksource arch_sys_counter
Nov 16 10:17:09 raspberrypi kernel: [    0.797906] FS-Cache: Loaded
Nov 16 10:17:09 raspberrypi kernel: [    0.798242] CacheFiles: Loaded
Nov 16 10:17:09 raspberrypi kernel: [    0.809582] NET: Registered protocol family 2
Nov 16 10:17:09 raspberrypi kernel: [    0.811007] TCP established hash table entries: 8192 (order: 3, 32768 bytes)
Nov 16 10:17:09 raspberrypi kernel: [    0.811199] TCP bind hash table entries: 8192 (order: 4, 65536 bytes)
Nov 16 10:17:09 raspberrypi kernel: [    0.811434] TCP: Hash tables configured (established 8192 bind 8192)
Nov 16 10:17:09 raspberrypi kernel: [    0.811569] TCP: reno registered
Nov 16 10:17:09 raspberrypi kernel: [    0.811607] UDP hash table entries: 512 (order: 2, 16384 bytes)
Nov 16 10:17:09 raspberrypi kernel: [    0.811693] UDP-Lite hash table entries: 512 (order: 2, 16384 bytes)
Nov 16 10:17:09 raspberrypi kernel: [    0.812079] NET: Registered protocol family 1
Nov 16 10:17:09 raspberrypi kernel: [    0.812717] RPC: Registered named UNIX socket transport module.
Nov 16 10:17:09 raspberrypi kernel: [    0.812764] RPC: Registered udp transport module.
Nov 16 10:17:09 raspberrypi kernel: [    0.812794] RPC: Registered tcp transport module.
Nov 16 10:17:09 raspberrypi kernel: [    0.812824] RPC: Registered tcp NFSv4.1 backchannel transport module.
Nov 16 10:17:09 raspberrypi kernel: [    0.813792] hw perfevents: enabled with armv7_cortex_a7 PMU driver, 5 counters available
Nov 16 10:17:09 raspberrypi kernel: [    0.814103] bcm2708_dma: DMA manager at f3007000
Nov 16 10:17:09 raspberrypi kernel: [    0.814316] vc-mem: phys_addr:0x00000000 mem_base=0x3dc00000 mem_size:0x3f000000(1008 MiB)
Nov 16 10:17:09 raspberrypi kernel: [    0.815865] futex hash table entries: 1024 (order: 4, 65536 bytes)
Nov 16 10:17:09 raspberrypi kernel: [    0.816125] audit: initializing netlink subsys (disabled)
Nov 16 10:17:09 raspberrypi kernel: [    0.816215] audit: type=2000 audit(0.789:1): initialized
Nov 16 10:17:09 raspberrypi kernel: [    0.832639] VFS: Disk quotas dquot_6.5.2
Nov 16 10:17:09 raspberrypi kernel: [    0.833043] Dquot-cache hash table entries: 1024 (order 0, 4096 bytes)
Nov 16 10:17:09 raspberrypi kernel: [    0.836087] FS-Cache: Netfs 'nfs' registered for caching
Nov 16 10:17:09 raspberrypi kernel: [    0.837143] NFS: Registering the id_resolver key type
Nov 16 10:17:09 raspberrypi kernel: [    0.837239] Key type id_resolver registered
Nov 16 10:17:09 raspberrypi kernel: [    0.837271] Key type id_legacy registered
Nov 16 10:17:09 raspberrypi kernel: [    0.838564] msgmni has been set to 1853
Nov 16 10:17:09 raspberrypi kernel: [    0.840362] Block layer SCSI generic (bsg) driver version 0.4 loaded (major 252)
Nov 16 10:17:09 raspberrypi kernel: [    0.840600] io scheduler noop registered
Nov 16 10:17:09 raspberrypi kernel: [    0.840649] io scheduler deadline registered (default)
Nov 16 10:17:09 raspberrypi kernel: [    0.841015] io scheduler cfq registered
Nov 16 10:17:09 raspberrypi kernel: [    0.843670] BCM2708FB: allocated DMA memory fac00000
Nov 16 10:17:09 raspberrypi kernel: [    0.843739] BCM2708FB: allocated DMA channel 0 @ f3007000
Nov 16 10:17:09 raspberrypi kernel: [    0.849241] Console: switching to colour frame buffer device 74x28
Nov 16 10:17:09 raspberrypi kernel: [    0.855100] bcm2708-dmaengine bcm2708-dmaengine: Load BCM2835 DMA engine driver
Nov 16 10:17:09 raspberrypi kernel: [    0.858928] uart-pl011 dev:f1: no DMA platform data
Nov 16 10:17:09 raspberrypi kernel: [    0.861197] vc-cma: Videocore CMA driver
Nov 16 10:17:09 raspberrypi kernel: [    0.862908] vc-cma: vc_cma_base      = 0x00000000
Nov 16 10:17:09 raspberrypi kernel: [    0.864574] vc-cma: vc_cma_size      = 0x00000000 (0 MiB)
Nov 16 10:17:09 raspberrypi kernel: [    0.866196] vc-cma: vc_cma_initial   = 0x00000000 (0 MiB)
Nov 16 10:17:09 raspberrypi kernel: [    0.879425] brd: module loaded
Nov 16 10:17:09 raspberrypi kernel: [    0.886748] loop: module loaded
Nov 16 10:17:09 raspberrypi kernel: [    0.889088] vchiq: vchiq_init_state: slot_zero = 0xbac80000, is_master = 0
Nov 16 10:17:09 raspberrypi kernel: [    0.892853] Loading iSCSI transport class v2.0-870.
Nov 16 10:17:09 raspberrypi kernel: [    0.895374] usbcore: registered new interface driver smsc95xx
Nov 16 10:17:09 raspberrypi kernel: [    0.897074] dwc_otg: version 3.00a 10-AUG-2012 (platform bus)
Nov 16 10:17:09 raspberrypi kernel: [    1.099118] Core Release: 2.80a
Nov 16 10:17:09 raspberrypi kernel: [    1.100727] Setting default values for core params
Nov 16 10:17:09 raspberrypi kernel: [    1.102340] Finished setting default values for core params
Nov 16 10:17:09 raspberrypi kernel: [    1.304348] Using Buffer DMA mode
Nov 16 10:17:09 raspberrypi kernel: [    1.305951] Periodic Transfer Interrupt Enhancement - disabled
Nov 16 10:17:09 raspberrypi kernel: [    1.307615] Multiprocessor Interrupt Enhancement - disabled
Nov 16 10:17:09 raspberrypi kernel: [    1.309311] OTG VER PARAM: 0, OTG VER FLAG: 0
Nov 16 10:17:09 raspberrypi kernel: [    1.311007] Dedicated Tx FIFOs mode
Nov 16 10:17:09 raspberrypi kernel: [    1.312932] WARN::dwc_otg_hcd_init:1047: FIQ DMA bounce buffers: virt = 0xbac14000 dma = 0xfac14000 len=9024
Nov 16 10:17:09 raspberrypi kernel: [    1.316290] FIQ FSM acceleration enabled for :
Nov 16 10:17:09 raspberrypi kernel: [    1.316290] Non-periodic Split Transactions
Nov 16 10:17:09 raspberrypi kernel: [    1.316290] Periodic Split Transactions
Nov 16 10:17:09 raspberrypi kernel: [    1.316290] High-Speed Isochronous Endpoints
Nov 16 10:17:09 raspberrypi kernel: [    1.322826] dwc_otg: Microframe scheduler enabled
Nov 16 10:17:09 raspberrypi kernel: [    1.322903] WARN::hcd_init_fiq:412: FIQ on core 1 at 0x803db878
Nov 16 10:17:09 raspberrypi kernel: [    1.324661] WARN::hcd_init_fiq:413: FIQ ASM at 0x803dbbd4 length 36
Nov 16 10:17:09 raspberrypi kernel: [    1.326396] WARN::hcd_init_fiq:438: MPHI regs_base at 0xbb80a000
Nov 16 10:17:09 raspberrypi kernel: [    1.328150] dwc_otg bcm2708_usb: DWC OTG Controller
Nov 16 10:17:09 raspberrypi kernel: [    1.329912] dwc_otg bcm2708_usb: new USB bus registered, assigned bus number 1
Nov 16 10:17:09 raspberrypi kernel: [    1.333288] dwc_otg bcm2708_usb: irq 32, io mem 0x00000000
Nov 16 10:17:09 raspberrypi kernel: [    1.335057] Init: Port Power? op_state=1
Nov 16 10:17:09 raspberrypi kernel: [    1.336753] Init: Power Port (0)
Nov 16 10:17:09 raspberrypi kernel: [    1.338705] usb usb1: New USB device found, idVendor=1d6b, idProduct=0002
Nov 16 10:17:09 raspberrypi kernel: [    1.342062] usb usb1: New USB device strings: Mfr=3, Product=2, SerialNumber=1
Nov 16 10:17:09 raspberrypi kernel: [    1.345517] usb usb1: Product: DWC OTG Controller
Nov 16 10:17:09 raspberrypi kernel: [    1.347288] usb usb1: Manufacturer: Linux 3.18.16-v7+ dwc_otg_hcd
Nov 16 10:17:09 raspberrypi kernel: [    1.349104] usb usb1: SerialNumber: bcm2708_usb
Nov 16 10:17:09 raspberrypi kernel: [    1.351748] hub 1-0:1.0: USB hub found
Nov 16 10:17:09 raspberrypi kernel: [    1.353540] hub 1-0:1.0: 1 port detected
Nov 16 10:17:09 raspberrypi kernel: [    1.355664] dwc_otg: FIQ enabled
Nov 16 10:17:09 raspberrypi kernel: [    1.355679] dwc_otg: NAK holdoff enabled
Nov 16 10:17:09 raspberrypi kernel: [    1.355690] dwc_otg: FIQ split-transaction FSM enabled
Nov 16 10:17:09 raspberrypi kernel: [    1.355731] Module dwc_common_port init
Nov 16 10:17:09 raspberrypi kernel: [    1.356131] usbcore: registered new interface driver usb-storage
Nov 16 10:17:09 raspberrypi kernel: [    1.358159] mousedev: PS/2 mouse device common for all mice
Nov 16 10:17:09 raspberrypi kernel: [    1.360504] bcm2835-cpufreq: min=600000 max=900000
Nov 16 10:17:09 raspberrypi kernel: [    1.362579] sdhci: Secure Digital Host Controller Interface driver
Nov 16 10:17:09 raspberrypi kernel: [    1.364384] sdhci: Copyright(c) Pierre Ossman
Nov 16 10:17:09 raspberrypi kernel: [    1.366577] mmc-bcm2835 3f300000.mmc: DMA channels allocated
Nov 16 10:17:09 raspberrypi kernel: [    1.408147] sdhci-pltfm: SDHCI platform and OF driver helper
Nov 16 10:17:09 raspberrypi kernel: [    1.415032] ledtrig-cpu: registered to indicate activity on CPUs
Nov 16 10:17:09 raspberrypi kernel: [    1.417145] hidraw: raw HID events driver (C) Jiri Kosina
Nov 16 10:17:09 raspberrypi kernel: [    1.419383] usbcore: registered new interface driver usbhid
Nov 16 10:17:09 raspberrypi kernel: [    1.422276] usbhid: USB HID core driver
Nov 16 10:17:09 raspberrypi kernel: [    1.425513] TCP: cubic registered
Nov 16 10:17:09 raspberrypi kernel: [    1.427329] Initializing XFRM netlink socket
Nov 16 10:17:09 raspberrypi kernel: [    1.430345] NET: Registered protocol family 17
Nov 16 10:17:09 raspberrypi kernel: [    1.434405] Key type dns_resolver registered
Nov 16 10:17:09 raspberrypi kernel: [    1.436586] Registering SWP/SWPB emulation handler
Nov 16 10:17:09 raspberrypi kernel: [    1.439262] registered taskstats version 1
Nov 16 10:17:09 raspberrypi kernel: [    1.441180] vc-sm: Videocore shared memory driver
Nov 16 10:17:09 raspberrypi kernel: [    1.442789] [vc_sm_connected_init]: start
Nov 16 10:17:09 raspberrypi kernel: [    1.445091] [vc_sm_connected_init]: end - returning 0
Nov 16 10:17:09 raspberrypi kernel: [    1.448134] Waiting for root device /dev/mmcblk0p6...
Nov 16 10:17:09 raspberrypi kernel: [    1.467434] mmc0: host does not support reading read-only switch, assuming write-enable
Nov 16 10:17:09 raspberrypi kernel: [    1.474618] mmc0: new high speed SDHC card at address aaaa
Nov 16 10:17:09 raspberrypi kernel: [    1.476898] mmcblk0: mmc0:aaaa SL08G 7.40 GiB 
Nov 16 10:17:09 raspberrypi kernel: [    1.482078]  mmcblk0: p1 p2 < p5 p6 > p3
Nov 16 10:17:09 raspberrypi kernel: [    1.547936] Indeed it is in host mode hprt0 = 00021501
Nov 16 10:17:09 raspberrypi kernel: [    1.560029] EXT4-fs (mmcblk0p6): INFO: recovery required on readonly filesystem
Nov 16 10:17:09 raspberrypi kernel: [    1.563270] EXT4-fs (mmcblk0p6): write access will be enabled during recovery
Nov 16 10:17:09 raspberrypi kernel: [    1.727899] usb 1-1: new high-speed USB device number 2 using dwc_otg
Nov 16 10:17:09 raspberrypi kernel: [    1.729870] Indeed it is in host mode hprt0 = 00001101
Nov 16 10:17:09 raspberrypi kernel: [    1.794172] EXT4-fs (mmcblk0p6): orphan cleanup on readonly fs
Nov 16 10:17:09 raspberrypi kernel: [    1.796467] EXT4-fs (mmcblk0p6): 5 orphan inodes deleted
Nov 16 10:17:09 raspberrypi kernel: [    1.798365] EXT4-fs (mmcblk0p6): recovery complete
